Archive member included to satisfy reference by file (symbol)

C:/ST/STM32CubeIDE_1.14.1/STM32CubeIDE/plugins/com.st.stm32cube.ide.mcu.externaltools.gnu-tools-for-stm32.12.3.rel1.win32_1.0.200.202406191623/tools/bin/../lib/gcc/arm-none-eabi/12.3.1/../../../../arm-none-eabi/lib/thumb/v7e-m+fp/hard\libc_nano.a(libc_a-exit.o)
                              C:/ST/STM32CubeIDE_1.14.1/STM32CubeIDE/plugins/com.st.stm32cube.ide.mcu.externaltools.gnu-tools-for-stm32.12.3.rel1.win32_1.0.200.202406191623/tools/bin/../lib/gcc/arm-none-eabi/12.3.1/../../../../arm-none-eabi/lib/thumb/v7e-m+fp/hard/crt0.o (exit)
C:/ST/STM32CubeIDE_1.14.1/STM32CubeIDE/plugins/com.st.stm32cube.ide.mcu.externaltools.gnu-tools-for-stm32.12.3.rel1.win32_1.0.200.202406191623/tools/bin/../lib/gcc/arm-none-eabi/12.3.1/../../../../arm-none-eabi/lib/thumb/v7e-m+fp/hard\libc_nano.a(libc_a-findfp.o)
                              C:/ST/STM32CubeIDE_1.14.1/STM32CubeIDE/plugins/com.st.stm32cube.ide.mcu.externaltools.gnu-tools-for-stm32.12.3.rel1.win32_1.0.200.202406191623/tools/bin/../lib/gcc/arm-none-eabi/12.3.1/../../../../arm-none-eabi/lib/thumb/v7e-m+fp/hard\libc_nano.a(libc_a-exit.o) (__stdio_exit_handler)
C:/ST/STM32CubeIDE_1.14.1/STM32CubeIDE/plugins/com.st.stm32cube.ide.mcu.externaltools.gnu-tools-for-stm32.12.3.rel1.win32_1.0.200.202406191623/tools/bin/../lib/gcc/arm-none-eabi/12.3.1/../../../../arm-none-eabi/lib/thumb/v7e-m+fp/hard\libc_nano.a(libc_a-fwalk.o)
                              C:/ST/STM32CubeIDE_1.14.1/STM32CubeIDE/plugins/com.st.stm32cube.ide.mcu.externaltools.gnu-tools-for-stm32.12.3.rel1.win32_1.0.200.202406191623/tools/bin/../lib/gcc/arm-none-eabi/12.3.1/../../../../arm-none-eabi/lib/thumb/v7e-m+fp/hard\libc_nano.a(libc_a-findfp.o) (_fwalk_sglue)
C:/ST/STM32CubeIDE_1.14.1/STM32CubeIDE/plugins/com.st.stm32cube.ide.mcu.externaltools.gnu-tools-for-stm32.12.3.rel1.win32_1.0.200.202406191623/tools/bin/../lib/gcc/arm-none-eabi/12.3.1/../../../../arm-none-eabi/lib/thumb/v7e-m+fp/hard\libc_nano.a(libc_a-sprintf.o)
                              ./Core/Src/guitar_audio_init.o (sprintf)
C:/ST/STM32CubeIDE_1.14.1/STM32CubeIDE/plugins/com.st.stm32cube.ide.mcu.externaltools.gnu-tools-for-stm32.12.3.rel1.win32_1.0.200.202406191623/tools/bin/../lib/gcc/arm-none-eabi/12.3.1/../../../../arm-none-eabi/lib/thumb/v7e-m+fp/hard\libc_nano.a(libc_a-stdio.o)
                              C:/ST/STM32CubeIDE_1.14.1/STM32CubeIDE/plugins/com.st.stm32cube.ide.mcu.externaltools.gnu-tools-for-stm32.12.3.rel1.win32_1.0.200.202406191623/tools/bin/../lib/gcc/arm-none-eabi/12.3.1/../../../../arm-none-eabi/lib/thumb/v7e-m+fp/hard\libc_nano.a(libc_a-findfp.o) (__sread)
C:/ST/STM32CubeIDE_1.14.1/STM32CubeIDE/plugins/com.st.stm32cube.ide.mcu.externaltools.gnu-tools-for-stm32.12.3.rel1.win32_1.0.200.202406191623/tools/bin/../lib/gcc/arm-none-eabi/12.3.1/../../../../arm-none-eabi/lib/thumb/v7e-m+fp/hard\libc_nano.a(libc_a-memset.o)
                              C:/ST/STM32CubeIDE_1.14.1/STM32CubeIDE/plugins/com.st.stm32cube.ide.mcu.externaltools.gnu-tools-for-stm32.12.3.rel1.win32_1.0.200.202406191623/tools/bin/../lib/gcc/arm-none-eabi/12.3.1/../../../../arm-none-eabi/lib/thumb/v7e-m+fp/hard/crt0.o (memset)
C:/ST/STM32CubeIDE_1.14.1/STM32CubeIDE/plugins/com.st.stm32cube.ide.mcu.externaltools.gnu-tools-for-stm32.12.3.rel1.win32_1.0.200.202406191623/tools/bin/../lib/gcc/arm-none-eabi/12.3.1/../../../../arm-none-eabi/lib/thumb/v7e-m+fp/hard\libc_nano.a(libc_a-closer.o)
                              C:/ST/STM32CubeIDE_1.14.1/STM32CubeIDE/plugins/com.st.stm32cube.ide.mcu.externaltools.gnu-tools-for-stm32.12.3.rel1.win32_1.0.200.202406191623/tools/bin/../lib/gcc/arm-none-eabi/12.3.1/../../../../arm-none-eabi/lib/thumb/v7e-m+fp/hard\libc_nano.a(libc_a-stdio.o) (_close_r)
C:/ST/STM32CubeIDE_1.14.1/STM32CubeIDE/plugins/com.st.stm32cube.ide.mcu.externaltools.gnu-tools-for-stm32.12.3.rel1.win32_1.0.200.202406191623/tools/bin/../lib/gcc/arm-none-eabi/12.3.1/../../../../arm-none-eabi/lib/thumb/v7e-m+fp/hard\libc_nano.a(libc_a-reent.o)
                              C:/ST/STM32CubeIDE_1.14.1/STM32CubeIDE/plugins/com.st.stm32cube.ide.mcu.externaltools.gnu-tools-for-stm32.12.3.rel1.win32_1.0.200.202406191623/tools/bin/../lib/gcc/arm-none-eabi/12.3.1/../../../../arm-none-eabi/lib/thumb/v7e-m+fp/hard\libc_nano.a(libc_a-closer.o) (errno)
C:/ST/STM32CubeIDE_1.14.1/STM32CubeIDE/plugins/com.st.stm32cube.ide.mcu.externaltools.gnu-tools-for-stm32.12.3.rel1.win32_1.0.200.202406191623/tools/bin/../lib/gcc/arm-none-eabi/12.3.1/../../../../arm-none-eabi/lib/thumb/v7e-m+fp/hard\libc_nano.a(libc_a-impure.o)
                              C:/ST/STM32CubeIDE_1.14.1/STM32CubeIDE/plugins/com.st.stm32cube.ide.mcu.externaltools.gnu-tools-for-stm32.12.3.rel1.win32_1.0.200.202406191623/tools/bin/../lib/gcc/arm-none-eabi/12.3.1/../../../../arm-none-eabi/lib/thumb/v7e-m+fp/hard\libc_nano.a(libc_a-sprintf.o) (_impure_ptr)
[...]
Memory Configuration

Name             Origin             Length             Attributes
RAM              0x20000000         0x00050000         xrw
FLASH            0x08000000         0x00100000         xr
*default*        0x00000000         0xffffffff

Linker script and memory map

LOAD C:/ST/STM32CubeIDE_1.14.1/STM32CubeIDE/plugins/com.st.stm32cube.ide.mcu.externaltools.gnu-tools-for-stm32.12.3.rel1.win32_1.0.200.202406191623/tools/bin/../lib/gcc/arm-none-eabi/12.3.1/thumb/v7e-m+fp/hard/crti.o
LOAD C:/ST/STM32CubeIDE_1.14.1/STM32CubeIDE/plugins/com.st.stm32cube.ide.mcu.externaltools.gnu-tools-for-stm32.12.3.rel1.win32_1.0.200.202406191623/tools/bin/../lib/gcc/arm-none-eabi/12.3.1/thumb/v7e-m+fp/hard/crtbegin.o
LOAD C:/ST/STM32CubeIDE_1.14.1/STM32CubeIDE/plugins/com.st.stm32cube.ide.mcu.externaltools.gnu-tools-for-stm32.12.3.rel1.win32_1.0.200.202406191623/tools/bin/../lib/gcc/arm-none-eabi/12.3.1/../../../../arm-none-eabi/lib/thumb/v7e-m+fp/hard/crt0.o
LOAD ./Core/Src/guitar_audio_init.o
LOAD ./Core/Src/main.o
LOAD ./Core/Src/stm32f7xx_hal_msp.o
LOAD ./Core/Src/stm32f7xx_it.o
LOAD ./Core/Src/syscalls.o
LOAD ./Core/Src/sysmem.o
LOAD ./Core/Src/system_stm32f7xx.o
LOAD ./Core/Startup/startup_stm32f746nghx.o
LOAD ./Drivers/BSP/Components/wm8994/wm8994.o
LOAD ./Drivers/BSP/Src/stm32746g_discovery.o
LOAD ./Drivers/BSP/Src/stm32746g_discovery_audio.o
LOAD ./Drivers/BSP/Src/stm32746g_discovery_lcd.o
LOAD ./Drivers/BSP/Src/stm32746g_discovery_sdram.o
LOAD ./Drivers/STM32F7xx_HAL_Driver/Src/stm32f7xx_hal.o
LOAD ./Drivers/STM32F7xx_HAL_Driver/Src/stm32f7xx_hal_cortex.o
LOAD ./Drivers/STM32F7xx_HAL_Driver/Src/stm32f7xx_hal_dma.o
LOAD ./Drivers/STM32F7xx_HAL_Driver/Src/stm32f7xx_hal_dma2d.o
LOAD ./Drivers/STM32F7xx_HAL_Driver/Src/stm32f7xx_hal_dma_ex.o
LOAD ./Drivers/STM32F7xx_HAL_Driver/Src/stm32f7xx_hal_exti.o
LOAD ./Drivers/STM32F7xx_HAL_Driver/Src/stm32f7xx_hal_flash.o
LOAD ./Drivers/STM32F7xx_HAL_Driver/Src/stm32f7xx_hal_flash_ex.o
LOAD ./Drivers/STM32F7xx_HAL_Driver/Src/stm32f7xx_hal_gpio.o
LOAD ./Drivers/STM32F7xx_HAL_Driver/Src/stm32f7xx_hal_i2c.o
LOAD ./Drivers/STM32F7xx_HAL_Driver/Src/stm32f7xx_hal_i2c_ex.o
LOAD ./Drivers/STM32F7xx_HAL_Driver/Src/stm32f7xx_hal_i2s.o
LOAD ./Drivers/STM32F7xx_HAL_Driver/Src/stm32f7xx_hal_pwr.o
LOAD ./Drivers/STM32F7xx_HAL_Driver/Src/stm32f7xx_hal_pwr_ex.o
LOAD ./Drivers/STM32F7xx_HAL_Driver/Src/stm32f7xx_hal_rcc.o
LOAD ./Drivers/STM32F7xx_HAL_Driver/Src/stm32f7xx_hal_rcc_ex.o
LOAD ./Drivers/STM32F7xx_HAL_Driver/Src/stm32f7xx_hal_sai.o
LOAD ./Drivers/STM32F7xx_HAL_Driver/Src/stm32f7xx_hal_sai_ex.o
LOAD ./Drivers/STM32F7xx_HAL_Driver/Src/stm32f7xx_hal_spi.o
LOAD ./Drivers/STM32F7xx_HAL_Driver/Src/stm32f7xx_hal_spi_ex.o
LOAD ./Drivers/STM32F7xx_HAL_Driver/Src/stm32f7xx_hal_tim.o
LOAD ./Drivers/STM32F7xx_HAL_Driver/Src/stm32f7xx_hal_tim_ex.o
LOAD ./Drivers/stm32f7xx_hal_uart.o
START GROUP
LOAD C:/ST/STM32CubeIDE_1.14.1/STM32CubeIDE/plugins/com.st.stm32cube.ide.mcu.externaltools.gnu-tools-for-stm32.12.3.rel1.win32_1.0.200.202406191623/tools/bin/../lib/gcc/arm-none-eabi/12.3.1/../../../../arm-none-eabi/lib/thumb/v7e-m+fp/hard\libc_nano.a
LOAD C:/ST/STM32CubeIDE_1.14.1/STM32CubeIDE/plugins/com.st.stm32cube.ide.mcu.externaltools.gnu-tools-for-stm32.12.3.rel1.win32_1.0.200.202406191623/tools/bin/../lib/gcc/arm-none-eabi/12.3.1/../../../../arm-none-eabi/lib/thumb/v7e-m+fp/hard\libm.a
END GROUP
START GROUP
LOAD C:/ST/STM32CubeIDE_1.14.1/STM32CubeIDE/plugins/com.st.stm32cube.ide.mcu.externaltools.gnu-tools-for-stm32.12.3.rel1.win32_1.0.200.202406191623/tools/bin/../lib/gcc/arm-none-eabi/12.3.1/thumb/v7e-m+fp/hard\libgcc.a
LOAD C:/ST/STM32CubeIDE_1.14.1/STM32CubeIDE/plugins/com.st.stm32cube.ide.mcu.externaltools.gnu-tools-for-stm32.12.3.rel1.win32_1.0.200.202406191623/tools/bin/../lib/gcc/arm-none-eabi/12.3.1/../../../../arm-none-eabi/lib/thumb/v7e-m+fp/hard\libc_nano.a
END GROUP
START GROUP
LOAD C:/ST/STM32CubeIDE_1.14.1/STM32CubeIDE/plugins/com.st.stm32cube.ide.mcu.externaltools.gnu-tools-for-stm32.12.3.rel1.win32_1.0.200.202406191623/tools/bin/../lib/gcc/arm-none-eabi/12.3.1/thumb/v7e-m+fp/hard\libgcc.a
LOAD C:/ST/STM32CubeIDE_1.14.1/STM32CubeIDE/plugins/com.st.stm32cube.ide.mcu.externaltools.gnu-tools-for-stm32.12.3.rel1.win32_1.0.200.202406191623/tools/bin/../lib/gcc/arm-none-eabi/12.3.1/../../../../arm-none-eabi/lib/thumb/v7e-m+fp/hard\libc_nano.a
LOAD C:/ST/STM32CubeIDE_1.14.1/STM32CubeIDE/plugins/com.st.stm32cube.ide.mcu.externaltools.gnu-tools-for-stm32.12.3.rel1.win32_1.0.200.202406191623/tools/bin/../lib/gcc/arm-none-eabi/12.3.1/../../../../arm-none-eabi/lib/thumb/v7e-m+fp/hard\libnosys.a
END GROUP
START GROUP
LOAD C:/ST/STM32CubeIDE_1.14.1/STM32CubeIDE/plugins/com.st.stm32cube.ide.mcu.externaltools.gnu-tools-for-stm32.12.3.rel1.win32_1.0.200.202406191623/tools/bin/../lib/gcc/arm-none-eabi/12.3.1/thumb/v7e-m+fp/hard\libgcc.a
LOAD C:/ST/STM32CubeIDE_1.14.1/STM32CubeIDE/plugins/com.st.stm32cube.ide.mcu.externaltools.gnu-tools-for-stm32.12.3.rel1.win32_1.0.200.202406191623/tools/bin/../lib/gcc/arm-none-eabi/12.3.1/../../../../arm-none-eabi/lib/thumb/v7e-m+fp/hard\libc_nano.a
LOAD C:/ST/STM32CubeIDE_1.14.1/STM32CubeIDE/plugins/com.st.stm32cube.ide.mcu.externaltools.gnu-tools-for-stm32.12.3.rel1.win32_1.0.200.202406191623/tools/bin/../lib/gcc/arm-none-eabi/12.3.1/../../../../arm-none-eabi/lib/thumb/v7e-m+fp/hard\libnosys.a
END GROUP
LOAD C:/ST/STM32CubeIDE_1.14.1/STM32CubeIDE/plugins/com.st.stm32cube.ide.mcu.externaltools.gnu-tools-for-stm32.12.3.rel1.win32_1.0.200.202406191623/tools/bin/../lib/gcc/arm-none-eabi/12.3.1/thumb/v7e-m+fp/hard/crtend.o
LOAD C:/ST/STM32CubeIDE_1.14.1/STM32CubeIDE/plugins/com.st.stm32cube.ide.mcu.externaltools.gnu-tools-for-stm32.12.3.rel1.win32_1.0.200.202406191623/tools/bin/../lib/gcc/arm-none-eabi/12.3.1/thumb/v7e-m+fp/hard/crtn.o
                0x20050000                        _estack = (ORIGIN (RAM) + LENGTH (RAM))
                0x00000200                        _Min_Heap_Size = 0x200
                0x00000400                        _Min_Stack_Size = 0x400

.isr_vector     0x08000000      0x1c8
                0x08000000                        . = ALIGN (0x4)
 *(.isr_vector)
 .isr_vector    0x08000000      0x1c8 ./Core/Startup/startup_stm32f746nghx.o
                0x08000000                g_pfnVectors
                0x080001c8                        . = ALIGN (0x4)

.text           0x080001d0     0x8bbc
                0x080001d0                        . = ALIGN (0x4)
 *(.text)
 .text          0x080001d0       0x40 C:/ST/STM32CubeIDE_1.14.1/STM32CubeIDE/plugins/com.st.stm32cube.ide.mcu.externaltools.gnu-tools-for-stm32.12.3.rel1.win32_1.0.200.202406191623/tools/bin/../lib/gcc/arm-none-eabi/12.3.1/thumb/v7e-m+fp/hard/crtbegin.o
 .text          0x08000210       0xa0 C:/ST/STM32CubeIDE_1.14.1/STM32CubeIDE/plugins/com.st.stm32cube.ide.mcu.externaltools.gnu-tools-for-stm32.12.3.rel1.win32_1.0.200.202406191623/tools/bin/../lib/gcc/arm-none-eabi/12.3.1/../../../../arm-none-eabi/lib/thumb/v7e-m+fp/hard\libc_nano.a(libc_a-memchr.o)
                0x08000210                memchr
 .text          0x080002b0       0x30 C:/ST/STM32CubeIDE_1.14.1/STM32CubeIDE/plugins/com.st.stm32cube.ide.mcu.externaltools.gnu-tools-for-stm32.12.3.rel1.win32_1.0.200.202406191623/tools/bin/../lib/gcc/arm-none-eabi/12.3.1/thumb/v7e-m+fp/hard\libgcc.a(_aeabi_uldivmod.o)
                0x080002b0                __aeabi_uldivmod
 .text          0x080002e0      0x2bc C:/ST/STM32CubeIDE_1.14.1/STM32CubeIDE/plugins/com.st.stm32cube.ide.mcu.externaltools.gnu-tools-for-stm32.12.3.rel1.win32_1.0.200.202406191623/tools/bin/../lib/gcc/arm-none-eabi/12.3.1/thumb/v7e-m+fp/hard\libgcc.a(_udivmoddi4.o)
                0x080002e0                __udivmoddi4
 .text          0x0800059c        0x4 C:/ST/STM32CubeIDE_1.14.1/STM32CubeIDE/plugins/com.st.stm32cube.ide.mcu.externaltools.gnu-tools-for-stm32.12.3.rel1.win32_1.0.200.202406191623/tools/bin/../lib/gcc/arm-none-eabi/12.3.1/thumb/v7e-m+fp/hard\libgcc.a(_dvmd_tls.o)
                0x0800059c                __aeabi_idiv0
                0x0800059c                __aeabi_ldiv0
 *(.text*)
 .text.Audio_Init
                0x080005a0       0x78 ./Core/Src/guitar_audio_init.o
                0x080005a0                Audio_Init
 .text.Audio_Play
                0x08000618        0xe ./Core/Src/guitar_audio_init.o
                0x08000618                Audio_Play
 *fill*         0x08000626        0x2 
 .text.Display_Info
                0x08000628       0x54 ./Core/Src/guitar_audio_init.o
                0x08000628                Display_Info
 .text.main     0x0800067c       0x40 ./Core/Src/main.o
                0x0800067c                main
 .text.SystemClock_Config
                0x080006bc       0xdc ./Core/Src/main.o
                0x080006bc                SystemClock_Config
 .text.PeriphCommonClock_Config
                0x08000798       0x68 ./Core/Src/main.o
                0x08000798                PeriphCommonClock_Config
 .text.MX_DMA2D_Init
                0x08000800       0x64 ./Core/Src/main.o
 .text.MX_I2C2_Init
                0x08000864       0x80 ./Core/Src/main.o
 .text.MX_I2C3_Init
                0x080008e4       0x80 ./Core/Src/main.o
 .text.MX_I2S1_Init
                0x08000964       0x54 ./Core/Src/main.o
 .text.MX_I2S3_Init
                0x080009b8       0x58 ./Core/Src/main.o
 .text.MX_SAI2_Init
                0x08000a10       0xc8 ./Core/Src/main.o
 .text.MX_SPI2_Init
                0x08000ad8       0x7c ./Core/Src/main.o
 .text.MX_DMA_Init
                0x08000b54       0x4c ./Core/Src/main.o
 .text.MX_GPIO_Init
                0x08000ba0      0x81c ./Core/Src/main.o
 .text.Error_Handler
                0x080013bc        0xc ./Core/Src/main.o
                0x080013bc                Error_Handler
 .text.HAL_MspInit
                0x080013c8       0x48 ./Core/Src/stm32f7xx_hal_msp.o
                0x080013c8                HAL_MspInit
 .text.HAL_DMA2D_MspInit
                0x08001410       0x40 ./Core/Src/stm32f7xx_hal_msp.o
                0x08001410                HAL_DMA2D_MspInit
 .text.HAL_I2C_MspInit
                0x08001450      0x190 ./Core/Src/stm32f7xx_hal_msp.o
                0x08001450                HAL_I2C_MspInit
 .text.HAL_I2C_MspDeInit
                0x080015e0       0x7c ./Core/Src/stm32f7xx_hal_msp.o
                0x080015e0                HAL_I2C_MspDeInit
 .text.HAL_I2S_MspInit
                0x0800165c      0x160 ./Core/Src/stm32f7xx_hal_msp.o
                0x0800165c                HAL_I2S_MspInit
 .text.HAL_SPI_MspInit
                0x080017bc       0xc4 ./Core/Src/stm32f7xx_hal_msp.o
                0x080017bc                HAL_SPI_MspInit
 .text.HAL_SAI_MspInit
                0x08001880      0x234 ./Core/Src/stm32f7xx_hal_msp.o
                0x08001880                HAL_SAI_MspInit
 .text.HAL_SAI_MspDeInit
                0x08001ab4       0xd8 ./Core/Src/stm32f7xx_hal_msp.o
                0x08001ab4                HAL_SAI_MspDeInit
 .text.NMI_Handler
                0x08001b8c        0x8 ./Core/Src/stm32f7xx_it.o
                0x08001b8c                NMI_Handler
 .text.HardFault_Handler
                0x08001b94        0x8 ./Core/Src/stm32f7xx_it.o
                0x08001b94                HardFault_Handler
 .text.MemManage_Handler
                0x08001b9c        0x8 ./Core/Src/stm32f7xx_it.o
                0x08001b9c                MemManage_Handler
 .text.BusFault_Handler
                0x08001ba4        0x8 ./Core/Src/stm32f7xx_it.o
                0x08001ba4                BusFault_Handler
 .text.UsageFault_Handler
                0x08001bac        0x8 ./Core/Src/stm32f7xx_it.o
                0x08001bac                UsageFault_Handler
 .text.SVC_Handler
                0x08001bb4        0xe ./Core/Src/stm32f7xx_it.o
                0x08001bb4                SVC_Handler
 .text.DebugMon_Handler
                0x08001bc2        0xe ./Core/Src/stm32f7xx_it.o
                0x08001bc2                DebugMon_Handler
 .text.PendSV_Handler
                0x08001bd0        0xe ./Core/Src/stm32f7xx_it.o
                0x08001bd0                PendSV_Handler
 .text.SysTick_Handler
                0x08001bde        0xc ./Core/Src/stm32f7xx_it.o
                0x08001bde                SysTick_Handler
 *fill*         0x08001bea        0x2 
 .text.DMA2_Stream4_IRQHandler
                0x08001bec       0x14 ./Core/Src/stm32f7xx_it.o
                0x08001bec                DMA2_Stream4_IRQHandler
 .text.DMA2_Stream6_IRQHandler
                0x08001c00       0x14 ./Core/Src/stm32f7xx_it.o
                0x08001c00                DMA2_Stream6_IRQHandler
 .text._sbrk    0x08001c14       0x6c ./Core/Src/sysmem.o
                0x08001c14                _sbrk
 .text.SystemInit
                0x08001c80       0x24 ./Core/Src/system_stm32f7xx.o
                0x08001c80                SystemInit
 .text.Reset_Handler
                0x08001ca4       0x50 ./Core/Startup/startup_stm32f746nghx.o
                0x08001ca4                Reset_Handler
 .text.Default_Handler
                0x08001cf4        0x2 ./Core/Startup/startup_stm32f746nghx.o
                0x08001cf4                RTC_Alarm_IRQHandler
                0x08001cf4                EXTI2_IRQHandler
                0x08001cf4                TIM8_CC_IRQHandler
                0x08001cf4                UART8_IRQHandler
                0x08001cf4                SPI4_IRQHandler
                0x08001cf4                TIM1_CC_IRQHandler
                0x08001cf4                DMA2_Stream5_IRQHandler
                0x08001cf4                DMA1_Stream5_IRQHandler
                0x08001cf4                PVD_IRQHandler
                0x08001cf4                TAMP_STAMP_IRQHandler
                0x08001cf4                CAN2_RX1_IRQHandler
                0x08001cf4                EXTI3_IRQHandler
                0x08001cf4                TIM8_TRG_COM_TIM14_IRQHandler
                0x08001cf4                TIM1_UP_TIM10_IRQHandler
                0x08001cf4                TIM8_UP_TIM13_IRQHandler
                0x08001cf4                I2C3_ER_IRQHandler
                0x08001cf4                EXTI0_IRQHandler
                0x08001cf4                I2C2_EV_IRQHandler
                0x08001cf4                DMA1_Stream2_IRQHandler
                0x08001cf4                CAN1_RX0_IRQHandler
                0x08001cf4                FPU_IRQHandler
                0x08001cf4                OTG_HS_WKUP_IRQHandler
                0x08001cf4                LTDC_ER_IRQHandler
                0x08001cf4                CAN2_SCE_IRQHandler
                0x08001cf4                DMA2_Stream2_IRQHandler
                0x08001cf4                SPI1_IRQHandler
                0x08001cf4                TIM6_DAC_IRQHandler
                0x08001cf4                TIM1_BRK_TIM9_IRQHandler
                0x08001cf4                DCMI_IRQHandler
                0x08001cf4                CAN2_RX0_IRQHandler
                0x08001cf4                DMA2_Stream3_IRQHandler
                0x08001cf4                SAI2_IRQHandler
                0x08001cf4                USART6_IRQHandler
                0x08001cf4                USART3_IRQHandler
                0x08001cf4                CAN1_RX1_IRQHandler
                0x08001cf4                UART5_IRQHandler
                0x08001cf4                DMA2_Stream0_IRQHandler
                0x08001cf4                TIM4_IRQHandler
                0x08001cf4                QUADSPI_IRQHandler
                0x08001cf4                I2C1_EV_IRQHandler
                0x08001cf4                DMA1_Stream6_IRQHandler
                0x08001cf4                DMA1_Stream1_IRQHandler
                0x08001cf4                UART4_IRQHandler
                0x08001cf4                TIM3_IRQHandler
                0x08001cf4                RCC_IRQHandler
                0x08001cf4                TIM8_BRK_TIM12_IRQHandler
                0x08001cf4                Default_Handler
                0x08001cf4                CEC_IRQHandler
                0x08001cf4                EXTI15_10_IRQHandler
                0x08001cf4                ADC_IRQHandler
                0x08001cf4                DMA1_Stream7_IRQHandler
                0x08001cf4                SPI5_IRQHandler
                0x08001cf4                TIM7_IRQHandler
                0x08001cf4                SDMMC1_IRQHandler
                0x08001cf4                CAN2_TX_IRQHandler
                0x08001cf4                TIM5_IRQHandler
                0x08001cf4                DMA2_Stream7_IRQHandler
                0x08001cf4                I2C3_EV_IRQHandler
                0x08001cf4                EXTI9_5_IRQHandler
                0x08001cf4                RTC_WKUP_IRQHandler
                0x08001cf4                LTDC_IRQHandler
                0x08001cf4                ETH_WKUP_IRQHandler
                0x08001cf4                SPDIF_RX_IRQHandler
                0x08001cf4                SPI2_IRQHandler
                0x08001cf4                OTG_HS_EP1_IN_IRQHandler
                0x08001cf4                DMA1_Stream0_IRQHandler
                0x08001cf4                CAN1_TX_IRQHandler
                0x08001cf4                EXTI4_IRQHandler
                0x08001cf4                RNG_IRQHandler
                0x08001cf4                ETH_IRQHandler
                0x08001cf4                OTG_HS_EP1_OUT_IRQHandler
                0x08001cf4                WWDG_IRQHandler
                0x08001cf4                SPI6_IRQHandler
                0x08001cf4                I2C4_EV_IRQHandler
                0x08001cf4                TIM2_IRQHandler
                0x08001cf4                OTG_FS_WKUP_IRQHandler
                0x08001cf4                TIM1_TRG_COM_TIM11_IRQHandler
                0x08001cf4                OTG_HS_IRQHandler
                0x08001cf4                DMA2D_IRQHandler
                0x08001cf4                EXTI1_IRQHandler
                0x08001cf4                UART7_IRQHandler
                0x08001cf4                USART2_IRQHandler
                0x08001cf4                I2C2_ER_IRQHandler
                0x08001cf4                DMA2_Stream1_IRQHandler
                0x08001cf4                CAN1_SCE_IRQHandler
                0x08001cf4                FLASH_IRQHandler
                0x08001cf4                USART1_IRQHandler
                0x08001cf4                OTG_FS_IRQHandler
                0x08001cf4                SPI3_IRQHandler
                0x08001cf4                DMA1_Stream4_IRQHandler
                0x08001cf4                I2C1_ER_IRQHandler
                0x08001cf4                FMC_IRQHandler
                0x08001cf4                LPTIM1_IRQHandler
                0x08001cf4                I2C4_ER_IRQHandler
                0x08001cf4                SAI1_IRQHandler
                0x08001cf4                DMA1_Stream3_IRQHandler
 *fill*         0x08001cf6        0x2 
 .text.wm8994_Init
                0x08001cf8      0xcc8 ./Drivers/BSP/Components/wm8994/wm8994.o
                0x08001cf8                wm8994_Init
 .text.wm8994_DeInit
                0x080029c0        0xc ./Drivers/BSP/Components/wm8994/wm8994.o
                0x080029c0                wm8994_DeInit
 .text.wm8994_ReadID
                0x080029cc       0x24 ./Drivers/BSP/Components/wm8994/wm8994.o
                0x080029cc                wm8994_ReadID
 .text.wm8994_Play
                0x080029f0       0x30 ./Drivers/BSP/Components/wm8994/wm8994.o
                0x080029f0                wm8994_Play
 .text.wm8994_Pause
                0x08002a20       0x42 ./Drivers/BSP/Components/wm8994/wm8994.o
                0x08002a20                wm8994_Pause
 .text.wm8994_Resume
                0x08002a62       0x2a ./Drivers/BSP/Components/wm8994/wm8994.o
                0x08002a62                wm8994_Resume
 .text.wm8994_Stop
                0x08002a8c       0xdc ./Drivers/BSP/Components/wm8994/wm8994.o
                0x08002a8c                wm8994_Stop
 .text.wm8994_SetVolume
                0x08002b68      0x248 ./Drivers/BSP/Components/wm8994/wm8994.o
                0x08002b68                wm8994_SetVolume
 .text.wm8994_SetMute
                0x08002db0       0x9c ./Drivers/BSP/Components/wm8994/wm8994.o
                0x08002db0                wm8994_SetMute
 .text.wm8994_SetOutputMode
                0x08002e4c      0x246 ./Drivers/BSP/Components/wm8994/wm8994.o
                0x08002e4c                wm8994_SetOutputMode
 *fill*         0x08003092        0x2 
 .text.wm8994_SetFrequency
                0x08003094      0x174 ./Drivers/BSP/Components/wm8994/wm8994.o
                0x08003094                wm8994_SetFrequency
 .text.wm8994_Reset
                0x08003208       0x40 ./Drivers/BSP/Components/wm8994/wm8994.o
                0x08003208                wm8994_Reset
 .text.CODEC_IO_Write
                0x08003248       0x2e ./Drivers/BSP/Components/wm8994/wm8994.o
 *fill*         0x08003276        0x2 
 .text.I2Cx_MspInit
                0x08003278      0x160 ./Drivers/BSP/Src/stm32746g_discovery.o
 .text.I2Cx_Init
                0x080033d8       0x78 ./Drivers/BSP/Src/stm32746g_discovery.o
 .text.I2Cx_ReadMultiple
                0x08003450       0x5a ./Drivers/BSP/Src/stm32746g_discovery.o
 .text.I2Cx_WriteMultiple
                0x080034aa       0x5a ./Drivers/BSP/Src/stm32746g_discovery.o
 .text.I2Cx_Error
                0x08003504       0x20 ./Drivers/BSP/Src/stm32746g_discovery.o
 .text.AUDIO_IO_Init
                0x08003524       0x14 ./Drivers/BSP/Src/stm32746g_discovery.o
                0x08003524                AUDIO_IO_Init
 .text.AUDIO_IO_DeInit
                0x08003538        0xe ./Drivers/BSP/Src/stm32746g_discovery.o
                0x08003538                AUDIO_IO_DeInit
 *fill*         0x08003546        0x2 
 .text.AUDIO_IO_Write
                0x08003548       0x54 ./Drivers/BSP/Src/stm32746g_discovery.o
                0x08003548                AUDIO_IO_Write
 .text.AUDIO_IO_Read
                0x0800359c       0x58 ./Drivers/BSP/Src/stm32746g_discovery.o
                0x0800359c                AUDIO_IO_Read
 .text.AUDIO_IO_Delay
                0x080035f4       0x16 ./Drivers/BSP/Src/stm32746g_discovery.o
                0x080035f4                AUDIO_IO_Delay
 *fill*         0x0800360a        0x2 
 .text.BSP_AUDIO_OUT_MspInit
                0x0800360c      0x1ac ./Drivers/BSP/Src/stm32746g_discovery_audio.o
                0x0800360c                BSP_AUDIO_OUT_MspInit
 .text.BSP_AUDIO_OUT_ClockConfig
                0x080037b8       0x88 ./Drivers/BSP/Src/stm32746g_discovery_audio.o
                0x080037b8                BSP_AUDIO_OUT_ClockConfig
 .text.SAIx_Out_DeInit
                0x08003840       0x2c ./Drivers/BSP/Src/stm32746g_discovery_audio.o
 .text.BSP_AUDIO_IN_OUT_Init
                0x0800386c       0xf8 ./Drivers/BSP/Src/stm32746g_discovery_audio.o
                0x0800386c                BSP_AUDIO_IN_OUT_Init
 .text.BSP_AUDIO_IN_MspInit
                0x08003964      0x164 ./Drivers/BSP/Src/stm32746g_discovery_audio.o
                0x08003964                BSP_AUDIO_IN_MspInit
 .text.SAIx_In_Init
                0x08003ac8      0x16c ./Drivers/BSP/Src/stm32746g_discovery_audio.o
 .text.SAIx_In_DeInit
                0x08003c34       0x2c ./Drivers/BSP/Src/stm32746g_discovery_audio.o
 .text.BSP_LCD_GetXSize
                0x08003c60       0x28 ./Drivers/BSP/Src/stm32746g_discovery_lcd.o
                0x08003c60                BSP_LCD_GetXSize
 .text.BSP_LCD_SetTextColor
                0x08003c88       0x30 ./Drivers/BSP/Src/stm32746g_discovery_lcd.o
                0x08003c88                BSP_LCD_SetTextColor
 .text.BSP_LCD_SetBackColor
                0x08003cb8       0x34 ./Drivers/BSP/Src/stm32746g_discovery_lcd.o
                0x08003cb8                BSP_LCD_SetBackColor
 .text.BSP_LCD_SetFont
                0x08003cec       0x34 ./Drivers/BSP/Src/stm32746g_discovery_lcd.o
                0x08003cec                BSP_LCD_SetFont
 .text.BSP_LCD_DisplayChar
                0x08003d20       0x88 ./Drivers/BSP/Src/stm32746g_discovery_lcd.o
                0x08003d20                BSP_LCD_DisplayChar
 .text.BSP_LCD_DisplayStringAt
                0x08003da8      0x190 ./Drivers/BSP/Src/stm32746g_discovery_lcd.o
                0x08003da8                BSP_LCD_DisplayStringAt
 .text.BSP_LCD_DrawPixel
                0x08003f38       0x90 ./Drivers/BSP/Src/stm32746g_discovery_lcd.o
                0x08003f38                BSP_LCD_DrawPixel
 .text.BSP_LCD_FillRect
                0x08003fc8       0xf4 ./Drivers/BSP/Src/stm32746g_discovery_lcd.o
                0x08003fc8                BSP_LCD_FillRect
 .text.DrawChar
                0x080040bc      0x170 ./Drivers/BSP/Src/stm32746g_discovery_lcd.o
 .text.LL_FillBuffer
                0x0800422c       0x98 ./Drivers/BSP/Src/stm32746g_discovery_lcd.o
 .text.HAL_Init
                0x080042c4       0x1a ./Drivers/STM32F7xx_HAL_Driver/Src/stm32f7xx_hal.o
                0x080042c4                HAL_Init
 *fill*         0x080042de        0x2 
 .text.HAL_InitTick
                0x080042e0       0x60 ./Drivers/STM32F7xx_HAL_Driver/Src/stm32f7xx_hal.o
                0x080042e0                HAL_InitTick
 .text.HAL_IncTick
                0x08004340       0x28 ./Drivers/STM32F7xx_HAL_Driver/Src/stm32f7xx_hal.o
                0x08004340                HAL_IncTick
 .text.HAL_GetTick
                0x08004368       0x18 ./Drivers/STM32F7xx_HAL_Driver/Src/stm32f7xx_hal.o
                0x08004368                HAL_GetTick
 .text.HAL_Delay
                0x08004380       0x48 ./Drivers/STM32F7xx_HAL_Driver/Src/stm32f7xx_hal.o
                0x08004380                HAL_Delay
 .text.__NVIC_SetPriorityGrouping
                0x080043c8       0x48 ./Drivers/STM32F7xx_HAL_Driver/Src/stm32f7xx_hal_cortex.o
 .text.__NVIC_GetPriorityGrouping
                0x08004410       0x1c ./Drivers/STM32F7xx_HAL_Driver/Src/stm32f7xx_hal_cortex.o
 .text.__NVIC_EnableIRQ
                0x0800442c       0x3c ./Drivers/STM32F7xx_HAL_Driver/Src/stm32f7xx_hal_cortex.o
 .text.__NVIC_SetPriority
                0x08004468       0x54 ./Drivers/STM32F7xx_HAL_Driver/Src/stm32f7xx_hal_cortex.o
 .text.NVIC_EncodePriority
                0x080044bc       0x66 ./Drivers/STM32F7xx_HAL_Driver/Src/stm32f7xx_hal_cortex.o
 *fill*         0x08004522        0x2 
 .text.SysTick_Config
                0x08004524       0x44 ./Drivers/STM32F7xx_HAL_Driver/Src/stm32f7xx_hal_cortex.o
 .text.HAL_NVIC_SetPriorityGrouping
                0x08004568       0x16 ./Drivers/STM32F7xx_HAL_Driver/Src/stm32f7xx_hal_cortex.o
                0x08004568                HAL_NVIC_SetPriorityGrouping
 .text.HAL_NVIC_SetPriority
                0x0800457e       0x38 ./Drivers/STM32F7xx_HAL_Driver/Src/stm32f7xx_hal_cortex.o
                0x0800457e                HAL_NVIC_SetPriority
 .text.HAL_NVIC_EnableIRQ
                0x080045b6       0x1c ./Drivers/STM32F7xx_HAL_Driver/Src/stm32f7xx_hal_cortex.o
                0x080045b6                HAL_NVIC_EnableIRQ
 .text.HAL_SYSTICK_Config
                0x080045d2       0x18 ./Drivers/STM32F7xx_HAL_Driver/Src/stm32f7xx_hal_cortex.o
                0x080045d2                HAL_SYSTICK_Config
 *fill*         0x080045ea        0x2 
 .text.HAL_DMA_Init
                0x080045ec      0x15c ./Drivers/STM32F7xx_HAL_Driver/Src/stm32f7xx_hal_dma.o
                0x080045ec                HAL_DMA_Init
 .text.HAL_DMA_DeInit
                0x08004748       0xbc ./Drivers/STM32F7xx_HAL_Driver/Src/stm32f7xx_hal_dma.o
                0x08004748                HAL_DMA_DeInit
 .text.HAL_DMA_IRQHandler
                0x08004804      0x314 ./Drivers/STM32F7xx_HAL_Driver/Src/stm32f7xx_hal_dma.o
                0x08004804                HAL_DMA_IRQHandler
 .text.DMA_CalcBaseAndBitshift
                0x08004b18       0x6c ./Drivers/STM32F7xx_HAL_Driver/Src/stm32f7xx_hal_dma.o
 .text.DMA_CheckFifoParam
                0x08004b84       0xf8 ./Drivers/STM32F7xx_HAL_Driver/Src/stm32f7xx_hal_dma.o
 .text.HAL_DMA2D_Init
                0x08004c7c       0x94 ./Drivers/STM32F7xx_HAL_Driver/Src/stm32f7xx_hal_dma2d.o
                0x08004c7c                HAL_DMA2D_Init
 .text.HAL_DMA2D_Start
                0x08004d10       0x56 ./Drivers/STM32F7xx_HAL_Driver/Src/stm32f7xx_hal_dma2d.o
                0x08004d10                HAL_DMA2D_Start
 .text.HAL_DMA2D_PollForTransfer
                0x08004d66      0x1d2 ./Drivers/STM32F7xx_HAL_Driver/Src/stm32f7xx_hal_dma2d.o
                0x08004d66                HAL_DMA2D_PollForTransfer
 .text.HAL_DMA2D_ConfigLayer
                0x08004f38      0x124 ./Drivers/STM32F7xx_HAL_Driver/Src/stm32f7xx_hal_dma2d.o
                0x08004f38                HAL_DMA2D_ConfigLayer
 .text.DMA2D_SetConfig
                0x0800505c      0x138 ./Drivers/STM32F7xx_HAL_Driver/Src/stm32f7xx_hal_dma2d.o
 .text.HAL_GPIO_Init
                0x08005194      0x358 ./Drivers/STM32F7xx_HAL_Driver/Src/stm32f7xx_hal_gpio.o
                0x08005194                HAL_GPIO_Init
 .text.HAL_GPIO_DeInit
                0x080054ec      0x218 ./Drivers/STM32F7xx_HAL_Driver/Src/stm32f7xx_hal_gpio.o
                0x080054ec                HAL_GPIO_DeInit
 .text.HAL_GPIO_WritePin
                0x08005704       0x32 ./Drivers/STM32F7xx_HAL_Driver/Src/stm32f7xx_hal_gpio.o
                0x08005704                HAL_GPIO_WritePin
 *fill*         0x08005736        0x2 
 .text.HAL_I2C_Init
                0x08005738      0x138 ./Drivers/STM32F7xx_HAL_Driver/Src/stm32f7xx_hal_i2c.o
                0x08005738                HAL_I2C_Init
 .text.HAL_I2C_DeInit
                0x08005870       0x5e ./Drivers/STM32F7xx_HAL_Driver/Src/stm32f7xx_hal_i2c.o
                0x08005870                HAL_I2C_DeInit
 *fill*         0x080058ce        0x2 
 .text.HAL_I2C_Mem_Write
                0x080058d0      0x228 ./Drivers/STM32F7xx_HAL_Driver/Src/stm32f7xx_hal_i2c.o
                0x080058d0                HAL_I2C_Mem_Write
 .text.HAL_I2C_Mem_Read
                0x08005af8      0x234 ./Drivers/STM32F7xx_HAL_Driver/Src/stm32f7xx_hal_i2c.o
                0x08005af8                HAL_I2C_Mem_Read
 .text.HAL_I2C_GetState
                0x08005d2c       0x1c ./Drivers/STM32F7xx_HAL_Driver/Src/stm32f7xx_hal_i2c.o
                0x08005d2c                HAL_I2C_GetState
 .text.I2C_RequestMemoryWrite
                0x08005d48       0xa8 ./Drivers/STM32F7xx_HAL_Driver/Src/stm32f7xx_hal_i2c.o
 .text.I2C_RequestMemoryRead
                0x08005df0       0xa8 ./Drivers/STM32F7xx_HAL_Driver/Src/stm32f7xx_hal_i2c.o
 .text.I2C_Flush_TXDR
                0x08005e98       0x48 ./Drivers/STM32F7xx_HAL_Driver/Src/stm32f7xx_hal_i2c.o
 .text.I2C_WaitOnFlagUntilTimeout
                0x08005ee0       0xb2 ./Drivers/STM32F7xx_HAL_Driver/Src/stm32f7xx_hal_i2c.o
 .text.I2C_WaitOnTXISFlagUntilTimeout
                0x08005f92       0x8e ./Drivers/STM32F7xx_HAL_Driver/Src/stm32f7xx_hal_i2c.o
 .text.I2C_WaitOnSTOPFlagUntilTimeout
                0x08006020       0x86 ./Drivers/STM32F7xx_HAL_Driver/Src/stm32f7xx_hal_i2c.o
 *fill*         0x080060a6        0x2 
 .text.I2C_IsErrorOccurred
                0x080060a8      0x1c0 ./Drivers/STM32F7xx_HAL_Driver/Src/stm32f7xx_hal_i2c.o
 .text.I2C_TransferConfig
                0x08006268       0x64 ./Drivers/STM32F7xx_HAL_Driver/Src/stm32f7xx_hal_i2c.o
 .text.HAL_I2CEx_ConfigAnalogFilter
                0x080062cc       0x96 ./Drivers/STM32F7xx_HAL_Driver/Src/stm32f7xx_hal_i2c_ex.o
                0x080062cc                HAL_I2CEx_ConfigAnalogFilter
 .text.HAL_I2CEx_ConfigDigitalFilter
                0x08006362       0x98 ./Drivers/STM32F7xx_HAL_Driver/Src/stm32f7xx_hal_i2c_ex.o
                0x08006362                HAL_I2CEx_ConfigDigitalFilter
 *fill*         0x080063fa        0x2 
 .text.HAL_I2S_Init
                0x080063fc      0x1cc ./Drivers/STM32F7xx_HAL_Driver/Src/stm32f7xx_hal_i2s.o
                0x080063fc                HAL_I2S_Init
 .text.I2S_GetClockFreq
                0x080065c8       0x98 ./Drivers/STM32F7xx_HAL_Driver/Src/stm32f7xx_hal_i2s.o
 .text.HAL_PWREx_EnableOverDrive
                0x08006660       0xa0 ./Drivers/STM32F7xx_HAL_Driver/Src/stm32f7xx_hal_pwr_ex.o
                0x08006660                HAL_PWREx_EnableOverDrive
 .text.HAL_RCC_OscConfig
                0x08006700      0x548 ./Drivers/STM32F7xx_HAL_Driver/Src/stm32f7xx_hal_rcc.o
                0x08006700                HAL_RCC_OscConfig
 .text.HAL_RCC_ClockConfig
                0x08006c48      0x1d8 ./Drivers/STM32F7xx_HAL_Driver/Src/stm32f7xx_hal_rcc.o
                0x08006c48                HAL_RCC_ClockConfig
 .text.HAL_RCC_GetSysClockFreq
                0x08006e20      0x18c ./Drivers/STM32F7xx_HAL_Driver/Src/stm32f7xx_hal_rcc.o
                0x08006e20                HAL_RCC_GetSysClockFreq
 .text.HAL_RCCEx_PeriphCLKConfig
                0x08006fac      0x7e0 ./Drivers/STM32F7xx_HAL_Driver/Src/stm32f7xx_hal_rcc_ex.o
                0x08006fac                HAL_RCCEx_PeriphCLKConfig
 .text.HAL_RCCEx_GetPeriphCLKConfig
                0x0800778c      0x218 ./Drivers/STM32F7xx_HAL_Driver/Src/stm32f7xx_hal_rcc_ex.o
                0x0800778c                HAL_RCCEx_GetPeriphCLKConfig
 .text.HAL_RCCEx_GetPeriphCLKFreq
                0x080079a4      0x280 ./Drivers/STM32F7xx_HAL_Driver/Src/stm32f7xx_hal_rcc_ex.o
                0x080079a4                HAL_RCCEx_GetPeriphCLKFreq
 .text.HAL_SAI_InitProtocol
                0x08007c24       0x66 ./Drivers/STM32F7xx_HAL_Driver/Src/stm32f7xx_hal_sai.o
                0x08007c24                HAL_SAI_InitProtocol
 *fill*         0x08007c8a        0x2 
 .text.HAL_SAI_Init
                0x08007c8c      0x2fc ./Drivers/STM32F7xx_HAL_Driver/Src/stm32f7xx_hal_sai.o
                0x08007c8c                HAL_SAI_Init
 .text.HAL_SAI_DeInit
                0x08007f88       0x6a ./Drivers/STM32F7xx_HAL_Driver/Src/stm32f7xx_hal_sai.o
                0x08007f88                HAL_SAI_DeInit
 .text.HAL_SAI_GetState
                0x08007ff2       0x1c ./Drivers/STM32F7xx_HAL_Driver/Src/stm32f7xx_hal_sai.o
                0x08007ff2                HAL_SAI_GetState
 *fill*         0x0800800e        0x2 
 .text.SAI_InitI2S
                0x08008010      0x15c ./Drivers/STM32F7xx_HAL_Driver/Src/stm32f7xx_hal_sai.o
 .text.SAI_InitPCM
                0x0800816c      0x100 ./Drivers/STM32F7xx_HAL_Driver/Src/stm32f7xx_hal_sai.o
 .text.SAI_Disable
                0x0800826c       0x70 ./Drivers/STM32F7xx_HAL_Driver/Src/stm32f7xx_hal_sai.o
 .text.HAL_SPI_Init
                0x080082dc      0x156 ./Drivers/STM32F7xx_HAL_Driver/Src/stm32f7xx_hal_spi.o
                0x080082dc                HAL_SPI_Init
 *fill*         0x08008432        0x2 
 .text.sprintf  0x08008434       0x40 C:/ST/STM32CubeIDE_1.14.1/STM32CubeIDE/plugins/com.st.stm32cube.ide.mcu.externaltools.gnu-tools-for-stm32.12.3.rel1.win32_1.0.200.202406191623/tools/bin/../lib/gcc/arm-none-eabi/12.3.1/../../../../arm-none-eabi/lib/thumb/v7e-m+fp/hard\libc_nano.a(libc_a-sprintf.o)
                0x08008434                siprintf
                0x08008434                sprintf
 .text.memset   0x08008474       0x10 C:/ST/STM32CubeIDE_1.14.1/STM32CubeIDE/plugins/com.st.stm32cube.ide.mcu.externaltools.gnu-tools-for-stm32.12.3.rel1.win32_1.0.200.202406191623/tools/bin/../lib/gcc/arm-none-eabi/12.3.1/../../../../arm-none-eabi/lib/thumb/v7e-m+fp/hard\libc_nano.a(libc_a-memset.o)
                0x08008474                memset
 .text.__errno  0x08008484        0xc C:/ST/STM32CubeIDE_1.14.1/STM32CubeIDE/plugins/com.st.stm32cube.ide.mcu.externaltools.gnu-tools-for-stm32.12.3.rel1.win32_1.0.200.202406191623/tools/bin/../lib/gcc/arm-none-eabi/12.3.1/../../../../arm-none-eabi/lib/thumb/v7e-m+fp/hard\libc_nano.a(libc_a-errno.o)
                0x08008484                __errno
 .text.__libc_init_array
                0x08008490       0x48 C:/ST/STM32CubeIDE_1.14.1/STM32CubeIDE/plugins/com.st.stm32cube.ide.mcu.externaltools.gnu-tools-for-stm32.12.3.rel1.win32_1.0.200.202406191623/tools/bin/../lib/gcc/arm-none-eabi/12.3.1/../../../../arm-none-eabi/lib/thumb/v7e-m+fp/hard\libc_nano.a(libc_a-init.o)
                0x08008490                __libc_init_array
 .text.__retarget_lock_acquire_recursive
                0x080084d8        0x2 C:/ST/STM32CubeIDE_1.14.1/STM32CubeIDE/plugins/com.st.stm32cube.ide.mcu.externaltools.gnu-tools-for-stm32.12.3.rel1.win32_1.0.200.202406191623/tools/bin/../lib/gcc/arm-none-eabi/12.3.1/../../../../arm-none-eabi/lib/thumb/v7e-m+fp/hard\libc_nano.a(libc_a-lock.o)
                0x080084d8                __retarget_lock_acquire_recursive
 .text.__retarget_lock_release_recursive
                0x080084da        0x2 C:/ST/STM32CubeIDE_1.14.1/STM32CubeIDE/plugins/com.st.stm32cube.ide.mcu.externaltools.gnu-tools-for-stm32.12.3.rel1.win32_1.0.200.202406191623/tools/bin/../lib/gcc/arm-none-eabi/12.3.1/../../../../arm-none-eabi/lib/thumb/v7e-m+fp/hard\libc_nano.a(libc_a-lock.o)
                0x080084da                __retarget_lock_release_recursive
 .text._free_r  0x080084dc       0x94 C:/ST/STM32CubeIDE_1.14.1/STM32CubeIDE/plugins/com.st.stm32cube.ide.mcu.externaltools.gnu-tools-for-stm32.12.3.rel1.win32_1.0.200.202406191623/tools/bin/../lib/gcc/arm-none-eabi/12.3.1/../../../../arm-none-eabi/lib/thumb/v7e-m+fp/hard\libc_nano.a(libc_a-freer.o)
                0x080084dc                _free_r
 .text.sbrk_aligned
                0x08008570       0x44 C:/ST/STM32CubeIDE_1.14.1/STM32CubeIDE/plugins/com.st.stm32cube.ide.mcu.externaltools.gnu-tools-for-stm32.12.3.rel1.win32_1.0.200.202406191623/tools/bin/../lib/gcc/arm-none-eabi/12.3.1/../../../../arm-none-eabi/lib/thumb/v7e-m+fp/hard\libc_nano.a(libc_a-mallocr.o)
 .text._malloc_r
                0x080085b4      0x100 C:/ST/STM32CubeIDE_1.14.1/STM32CubeIDE/plugins/com.st.stm32cube.ide.mcu.externaltools.gnu-tools-for-stm32.12.3.rel1.win32_1.0.200.202406191623/tools/bin/../lib/gcc/arm-none-eabi/12.3.1/../../../../arm-none-eabi/lib/thumb/v7e-m+fp/hard\libc_nano.a(libc_a-mallocr.o)
                0x080085b4                _malloc_r
 .text.__malloc_lock
                0x080086b4        0xc C:/ST/STM32CubeIDE_1.14.1/STM32CubeIDE/plugins/com.st.stm32cube.ide.mcu.externaltools.gnu-tools-for-stm32.12.3.rel1.win32_1.0.200.202406191623/tools/bin/../lib/gcc/arm-none-eabi/12.3.1/../../../../arm-none-eabi/lib/thumb/v7e-m+fp/hard\libc_nano.a(libc_a-mlock.o)
                0x080086b4                __malloc_lock
 .text.__malloc_unlock
                0x080086c0        0xc C:/ST/STM32CubeIDE_1.14.1/STM32CubeIDE/plugins/com.st.stm32cube.ide.mcu.externaltools.gnu-tools-for-stm32.12.3.rel1.win32_1.0.200.202406191623/tools/bin/../lib/gcc/arm-none-eabi/12.3.1/../../../../arm-none-eabi/lib/thumb/v7e-m+fp/hard\libc_nano.a(libc_a-mlock.o)
                0x080086c0                __malloc_unlock
 .text.__ssputs_r
                0x080086cc       0xb6 C:/ST/STM32CubeIDE_1.14.1/STM32CubeIDE/plugins/com.st.stm32cube.ide.mcu.externaltools.gnu-tools-for-stm32.12.3.rel1.win32_1.0.200.202406191623/tools/bin/../lib/gcc/arm-none-eabi/12.3.1/../../../../arm-none-eabi/lib/thumb/v7e-m+fp/hard\libc_nano.a(libc_a-nano-svfprintf.o)
                0x080086cc                __ssputs_r
 *fill*         0x08008782        0x2 
 .text._svfprintf_r
                0x08008784      0x1f8 C:/ST/STM32CubeIDE_1.14.1/STM32CubeIDE/plugins/com.st.stm32cube.ide.mcu.externaltools.gnu-tools-for-stm32.12.3.rel1.win32_1.0.200.202406191623/tools/bin/../lib/gcc/arm-none-eabi/12.3.1/../../../../arm-none-eabi/lib/thumb/v7e-m+fp/hard\libc_nano.a(libc_a-nano-svfprintf.o)
                0x08008784                _svfiprintf_r
                0x08008784                _svfprintf_r
 .text._printf_common
                0x0800897c       0xda C:/ST/STM32CubeIDE_1.14.1/STM32CubeIDE/plugins/com.st.stm32cube.ide.mcu.externaltools.gnu-tools-for-stm32.12.3.rel1.win32_1.0.200.202406191623/tools/bin/../lib/gcc/arm-none-eabi/12.3.1/../../../../arm-none-eabi/lib/thumb/v7e-m+fp/hard\libc_nano.a(libc_a-nano-vfprintf_i.o)
                0x0800897c                _printf_common
 *fill*         0x08008a56        0x2 
 .text._printf_i
                0x08008a58      0x240 C:/ST/STM32CubeIDE_1.14.1/STM32CubeIDE/plugins/com.st.stm32cube.ide.mcu.externaltools.gnu-tools-for-stm32.12.3.rel1.win32_1.0.200.202406191623/tools/bin/../lib/gcc/arm-none-eabi/12.3.1/../../../../arm-none-eabi/lib/thumb/v7e-m+fp/hard\libc_nano.a(libc_a-nano-vfprintf_i.o)
                0x08008a58                _printf_i
 .text.memmove  0x08008c98       0x34 C:/ST/STM32CubeIDE_1.14.1/STM32CubeIDE/plugins/com.st.stm32cube.ide.mcu.externaltools.gnu-tools-for-stm32.12.3.rel1.win32_1.0.200.202406191623/tools/bin/../lib/gcc/arm-none-eabi/12.3.1/../../../../arm-none-eabi/lib/thumb/v7e-m+fp/hard\libc_nano.a(libc_a-memmove.o)
                0x08008c98                memmove
 .text._sbrk_r  0x08008ccc       0x20 C:/ST/STM32CubeIDE_1.14.1/STM32CubeIDE/plugins/com.st.stm32cube.ide.mcu.externaltools.gnu-tools-for-stm32.12.3.rel1.win32_1.0.200.202406191623/tools/bin/../lib/gcc/arm-none-eabi/12.3.1/../../../../arm-none-eabi/lib/thumb/v7e-m+fp/hard\libc_nano.a(libc_a-sbrkr.o)
                0x08008ccc                _sbrk_r
 .text.memcpy   0x08008cec       0x1c C:/ST/STM32CubeIDE_1.14.1/STM32CubeIDE/plugins/com.st.stm32cube.ide.mcu.externaltools.gnu-tools-for-stm32.12.3.rel1.win32_1.0.200.202406191623/tools/bin/../lib/gcc/arm-none-eabi/12.3.1/../../../../arm-none-eabi/lib/thumb/v7e-m+fp/hard\libc_nano.a(libc_a-memcpy-stub.o)
                0x08008cec                memcpy
 .text._realloc_r
                0x08008d08       0x5c C:/ST/STM32CubeIDE_1.14.1/STM32CubeIDE/plugins/com.st.stm32cube.ide.mcu.externaltools.gnu-tools-for-stm32.12.3.rel1.win32_1.0.200.202406191623/tools/bin/../lib/gcc/arm-none-eabi/12.3.1/../../../../arm-none-eabi/lib/thumb/v7e-m+fp/hard\libc_nano.a(libc_a-reallocr.o)
                0x08008d08                _realloc_r
 .text._malloc_usable_size_r
                0x08008d64       0x10 C:/ST/STM32CubeIDE_1.14.1/STM32CubeIDE/plugins/com.st.stm32cube.ide.mcu.externaltools.gnu-tools-for-stm32.12.3.rel1.win32_1.0.200.202406191623/tools/bin/../lib/gcc/arm-none-eabi/12.3.1/../../../../arm-none-eabi/lib/thumb/v7e-m+fp/hard\libc_nano.a(libc_a-msizer.o)
                0x08008d64                _malloc_usable_size_r
 *(.glue_7)
 .glue_7        0x08008d74        0x0 linker stubs
 *(.glue_7t)
 .glue_7t       0x08008d74        0x0 linker stubs
 *(.eh_frame)
 .eh_frame      0x08008d74        0x0 C:/ST/STM32CubeIDE_1.14.1/STM32CubeIDE/plugins/com.st.stm32cube.ide.mcu.externaltools.gnu-tools-for-stm32.12.3.rel1.win32_1.0.200.202406191623/tools/bin/../lib/gcc/arm-none-eabi/12.3.1/thumb/v7e-m+fp/hard/crtbegin.o
 *(.init)
 .init          0x08008d74        0x4 C:/ST/STM32CubeIDE_1.14.1/STM32CubeIDE/plugins/com.st.stm32cube.ide.mcu.externaltools.gnu-tools-for-stm32.12.3.rel1.win32_1.0.200.202406191623/tools/bin/../lib/gcc/arm-none-eabi/12.3.1/thumb/v7e-m+fp/hard/crti.o
                0x08008d74                _init
 .init          0x08008d78        0x8 C:/ST/STM32CubeIDE_1.14.1/STM32CubeIDE/plugins/com.st.stm32cube.ide.mcu.externaltools.gnu-tools-for-stm32.12.3.rel1.win32_1.0.200.202406191623/tools/bin/../lib/gcc/arm-none-eabi/12.3.1/thumb/v7e-m+fp/hard/crtn.o
 *(.fini)
 .fini          0x08008d80        0x4 C:/ST/STM32CubeIDE_1.14.1/STM32CubeIDE/plugins/com.st.stm32cube.ide.mcu.externaltools.gnu-tools-for-stm32.12.3.rel1.win32_1.0.200.202406191623/tools/bin/../lib/gcc/arm-none-eabi/12.3.1/thumb/v7e-m+fp/hard/crti.o
                0x08008d80                _fini
 .fini          0x08008d84        0x8 C:/ST/STM32CubeIDE_1.14.1/STM32CubeIDE/plugins/com.st.stm32cube.ide.mcu.externaltools.gnu-tools-for-stm32.12.3.rel1.win32_1.0.200.202406191623/tools/bin/../lib/gcc/arm-none-eabi/12.3.1/thumb/v7e-m+fp/hard/crtn.o
                0x08008d8c                        . = ALIGN (0x4)
                0x08008d8c                        _etext = .

.vfp11_veneer   0x08008d8c        0x0
 .vfp11_veneer  0x08008d8c        0x0 linker stubs

.v4_bx          0x08008d8c        0x0
 .v4_bx         0x08008d8c        0x0 linker stubs

.iplt           0x08008d8c        0x0
 .iplt          0x08008d8c        0x0 C:/ST/STM32CubeIDE_1.14.1/STM32CubeIDE/plugins/com.st.stm32cube.ide.mcu.externaltools.gnu-tools-for-stm32.12.3.rel1.win32_1.0.200.202406191623/tools/bin/../lib/gcc/arm-none-eabi/12.3.1/thumb/v7e-m+fp/hard/crtbegin.o

.rodata         0x08008d8c      0x4dc
                0x08008d8c                        . = ALIGN (0x4)
 *(.rodata)
 .rodata        0x08008d8c       0x1a ./Core/Src/guitar_audio_init.o
 *(.rodata*)
 *fill*         0x08008da6        0x2 
 .rodata.AHBPrescTable
                0x08008da8       0x10 ./Core/Src/system_stm32f7xx.o
                0x08008da8                AHBPrescTable
 .rodata.Font12_Table
                0x08008db8      0x474 ./Drivers/BSP/Src/stm32746g_discovery_lcd.o
                0x08008db8                Font12_Table
 .rodata.flagBitshiftOffset.0
                0x0800922c        0x8 ./Drivers/STM32F7xx_HAL_Driver/Src/stm32f7xx_hal_dma.o
 .rodata._svfprintf_r.str1.1
                0x08009234       0x11 C:/ST/STM32CubeIDE_1.14.1/STM32CubeIDE/plugins/com.st.stm32cube.ide.mcu.externaltools.gnu-tools-for-stm32.12.3.rel1.win32_1.0.200.202406191623/tools/bin/../lib/gcc/arm-none-eabi/12.3.1/../../../../arm-none-eabi/lib/thumb/v7e-m+fp/hard\libc_nano.a(libc_a-nano-svfprintf.o)
 .rodata._printf_i.str1.1
                0x08009245       0x22 C:/ST/STM32CubeIDE_1.14.1/STM32CubeIDE/plugins/com.st.stm32cube.ide.mcu.externaltools.gnu-tools-for-stm32.12.3.rel1.win32_1.0.200.202406191623/tools/bin/../lib/gcc/arm-none-eabi/12.3.1/../../../../arm-none-eabi/lib/thumb/v7e-m+fp/hard\libc_nano.a(libc_a-nano-vfprintf_i.o)
                0x08009268                        . = ALIGN (0x4)
 *fill*         0x08009267        0x1 

.ARM.extab      0x08009268        0x0
                0x08009268                        . = ALIGN (0x4)
 *(.ARM.extab* .gnu.linkonce.armextab.*)
                0x08009268                        . = ALIGN (0x4)

.ARM            0x08009268        0x8
                0x08009268                        . = ALIGN (0x4)
                0x08009268                        __exidx_start = .
 *(.ARM.exidx*)
 .ARM.exidx     0x08009268        0x8 C:/ST/STM32CubeIDE_1.14.1/STM32CubeIDE/plugins/com.st.stm32cube.ide.mcu.externaltools.gnu-tools-for-stm32.12.3.rel1.win32_1.0.200.202406191623/tools/bin/../lib/gcc/arm-none-eabi/12.3.1/../../../../arm-none-eabi/lib/thumb/v7e-m+fp/hard\libc_nano.a(libc_a-memchr.o)
 .ARM.exidx     0x08009270        0x0 C:/ST/STM32CubeIDE_1.14.1/STM32CubeIDE/plugins/com.st.stm32cube.ide.mcu.externaltools.gnu-tools-for-stm32.12.3.rel1.win32_1.0.200.202406191623/tools/bin/../lib/gcc/arm-none-eabi/12.3.1/thumb/v7e-m+fp/hard\libgcc.a(_udivmoddi4.o)
                                  0x8 (size before relaxing)
                0x08009270                        __exidx_end = .
                0x08009270                        . = ALIGN (0x4)

.preinit_array  0x08009270        0x0
                0x08009270                        . = ALIGN (0x4)
                0x08009270                        PROVIDE (__preinit_array_start = .)
 *(.preinit_array*)
                0x08009270                        PROVIDE (__preinit_array_end = .)
                0x08009270                        . = ALIGN (0x4)

.init_array     0x08009270        0x4
                0x08009270                        . = ALIGN (0x4)
                0x08009270                        PROVIDE (__init_array_start = .)
 *(SORT_BY_NAME(.init_array.*))
 *(.init_array*)
 .init_array    0x08009270        0x4 C:/ST/STM32CubeIDE_1.14.1/STM32CubeIDE/plugins/com.st.stm32cube.ide.mcu.externaltools.gnu-tools-for-stm32.12.3.rel1.win32_1.0.200.202406191623/tools/bin/../lib/gcc/arm-none-eabi/12.3.1/thumb/v7e-m+fp/hard/crtbegin.o
                0x08009274                        PROVIDE (__init_array_end = .)
                0x08009274                        . = ALIGN (0x4)

.fini_array     0x08009274        0x4
                0x08009274                        . = ALIGN (0x4)
                [!provide]                        PROVIDE (__fini_array_start = .)
 *(SORT_BY_NAME(.fini_array.*))
 *(.fini_array*)
 .fini_array    0x08009274        0x4 C:/ST/STM32CubeIDE_1.14.1/STM32CubeIDE/plugins/com.st.stm32cube.ide.mcu.externaltools.gnu-tools-for-stm32.12.3.rel1.win32_1.0.200.202406191623/tools/bin/../lib/gcc/arm-none-eabi/12.3.1/thumb/v7e-m+fp/hard/crtbegin.o
                [!provide]                        PROVIDE (__fini_array_end = .)
                0x08009278                        . = ALIGN (0x4)
                0x08009278                        _sidata = LOADADDR (.data)

.rel.dyn        0x08009278        0x0
 .rel.iplt      0x08009278        0x0 C:/ST/STM32CubeIDE_1.14.1/STM32CubeIDE/plugins/com.st.stm32cube.ide.mcu.externaltools.gnu-tools-for-stm32.12.3.rel1.win32_1.0.200.202406191623/tools/bin/../lib/gcc/arm-none-eabi/12.3.1/thumb/v7e-m+fp/hard/crtbegin.o

.data           0x20000000       0x98 load address 0x08009278
                0x20000000                        . = ALIGN (0x4)
                0x20000000                        _sdata = .
 *(.data)
 *(.data*)
 .data.is_codec_initialized
                0x20000000        0x1 ./Core/Src/guitar_audio_init.o
                0x20000000                is_codec_initialized
 *fill*         0x20000001        0x3 
 .data.SystemCoreClock
                0x20000004        0x4 ./Core/Src/system_stm32f7xx.o
                0x20000004                SystemCoreClock
 .data.wm8994_drv
                0x20000008       0x30 ./Drivers/BSP/Components/wm8994/wm8994.o
                0x20000008                wm8994_drv
 .data.Font12   0x20000038        0x8 ./Drivers/BSP/Src/stm32746g_discovery_lcd.o
                0x20000038                Font12
 .data.uwTickPrio
                0x20000040        0x4 ./Drivers/STM32F7xx_HAL_Driver/Src/stm32f7xx_hal.o
                0x20000040                uwTickPrio
 .data.uwTickFreq
                0x20000044        0x1 ./Drivers/STM32F7xx_HAL_Driver/Src/stm32f7xx_hal.o
                0x20000044                uwTickFreq
 *fill*         0x20000045        0x3 
 .data._impure_ptr
                0x20000048        0x4 C:/ST/STM32CubeIDE_1.14.1/STM32CubeIDE/plugins/com.st.stm32cube.ide.mcu.externaltools.gnu-tools-for-stm32.12.3.rel1.win32_1.0.200.202406191623/tools/bin/../lib/gcc/arm-none-eabi/12.3.1/../../../../arm-none-eabi/lib/thumb/v7e-m+fp/hard\libc_nano.a(libc_a-impure.o)
                0x20000048                _impure_ptr
 .data._impure_data
                0x2000004c       0x4c C:/ST/STM32CubeIDE_1.14.1/STM32CubeIDE/plugins/com.st.stm32cube.ide.mcu.externaltools.gnu-tools-for-stm32.12.3.rel1.win32_1.0.200.202406191623/tools/bin/../lib/gcc/arm-none-eabi/12.3.1/../../../../arm-none-eabi/lib/thumb/v7e-m+fp/hard\libc_nano.a(libc_a-impure.o)
                0x2000004c                _impure_data
 *(.RamFunc)
 *(.RamFunc*)
                0x20000098                        . = ALIGN (0x4)
                0x20000098                        _edata = .

.igot.plt       0x20000098        0x0 load address 0x08009310
 .igot.plt      0x20000098        0x0 C:/ST/STM32CubeIDE_1.14.1/STM32CubeIDE/plugins/com.st.stm32cube.ide.mcu.externaltools.gnu-tools-for-stm32.12.3.rel1.win32_1.0.200.202406191623/tools/bin/../lib/gcc/arm-none-eabi/12.3.1/thumb/v7e-m+fp/hard/crtbegin.o
                0x20000098                        . = ALIGN (0x4)

.bss            0x20000098      0x858 load address 0x08009310
                0x20000098                        _sbss = .
                0x20000098                        __bss_start__ = _sbss
 *(.bss)
 .bss           0x20000098       0x1c C:/ST/STM32CubeIDE_1.14.1/STM32CubeIDE/plugins/com.st.stm32cube.ide.mcu.externaltools.gnu-tools-for-stm32.12.3.rel1.win32_1.0.200.202406191623/tools/bin/../lib/gcc/arm-none-eabi/12.3.1/thumb/v7e-m+fp/hard/crtbegin.o
 *(.bss*)
 .bss.hdma2d    0x200000b4       0x40 ./Core/Src/main.o
                0x200000b4                hdma2d
 .bss.hi2c2     0x200000f4       0x54 ./Core/Src/main.o
                0x200000f4                hi2c2
 .bss.hi2c3     0x20000148       0x54 ./Core/Src/main.o
                0x20000148                hi2c3
 .bss.hi2s1     0x2000019c       0x40 ./Core/Src/main.o
                0x2000019c                hi2s1
 .bss.hi2s3     0x200001dc       0x40 ./Core/Src/main.o
                0x200001dc                hi2s3
 .bss.hsai_BlockA2
                0x2000021c       0x84 ./Core/Src/main.o
                0x2000021c                hsai_BlockA2
 .bss.hsai_BlockB2
                0x200002a0       0x84 ./Core/Src/main.o
                0x200002a0                hsai_BlockB2
 .bss.hdma_sai2_a
                0x20000324       0x60 ./Core/Src/main.o
                0x20000324                hdma_sai2_a
 .bss.hdma_sai2_b
                0x20000384       0x60 ./Core/Src/main.o
                0x20000384                hdma_sai2_b
 .bss.hspi2     0x200003e4       0x64 ./Core/Src/main.o
                0x200003e4                hspi2
 .bss.current_info_text
                0x20000448       0x28 ./Core/Src/main.o
                0x20000448                current_info_text
 .bss.SAI2_client
                0x20000470        0x4 ./Core/Src/stm32f7xx_hal_msp.o
 .bss.__sbrk_heap_end
                0x20000474        0x4 ./Core/Src/sysmem.o
 .bss.outputEnabled
                0x20000478        0x4 ./Drivers/BSP/Components/wm8994/wm8994.o
 .bss.inputEnabled
                0x2000047c        0x4 ./Drivers/BSP/Components/wm8994/wm8994.o
 .bss.hI2cAudioHandler
                0x20000480       0x54 ./Drivers/BSP/Src/stm32746g_discovery.o
 .bss.audio_drv
                0x200004d4        0x4 ./Drivers/BSP/Src/stm32746g_discovery_audio.o
                0x200004d4                audio_drv
 .bss.haudio_out_sai
                0x200004d8       0x84 ./Drivers/BSP/Src/stm32746g_discovery_audio.o
                0x200004d8                haudio_out_sai
 .bss.haudio_in_sai
                0x2000055c       0x84 ./Drivers/BSP/Src/stm32746g_discovery_audio.o
                0x2000055c                haudio_in_sai
 .bss.hdma_sai_tx.2
                0x200005e0       0x60 ./Drivers/BSP/Src/stm32746g_discovery_audio.o
 .bss.hdma_sai_rx.1
                0x20000640       0x60 ./Drivers/BSP/Src/stm32746g_discovery_audio.o
 .bss.hLtdcHandler
                0x200006a0       0xa8 ./Drivers/BSP/Src/stm32746g_discovery_lcd.o
                0x200006a0                hLtdcHandler
 .bss.hDma2dHandler
                0x20000748       0x40 ./Drivers/BSP/Src/stm32746g_discovery_lcd.o
 .bss.ActiveLayer
                0x20000788        0x4 ./Drivers/BSP/Src/stm32746g_discovery_lcd.o
 .bss.DrawProp  0x2000078c       0x18 ./Drivers/BSP/Src/stm32746g_discovery_lcd.o
 .bss.uwTick    0x200007a4        0x4 ./Drivers/STM32F7xx_HAL_Driver/Src/stm32f7xx_hal.o
                0x200007a4                uwTick
 .bss.__sf      0x200007a8      0x138 C:/ST/STM32CubeIDE_1.14.1/STM32CubeIDE/plugins/com.st.stm32cube.ide.mcu.externaltools.gnu-tools-for-stm32.12.3.rel1.win32_1.0.200.202406191623/tools/bin/../lib/gcc/arm-none-eabi/12.3.1/../../../../arm-none-eabi/lib/thumb/v7e-m+fp/hard\libc_nano.a(libc_a-findfp.o)
                0x200007a8                __sf
 .bss.errno     0x200008e0        0x4 C:/ST/STM32CubeIDE_1.14.1/STM32CubeIDE/plugins/com.st.stm32cube.ide.mcu.externaltools.gnu-tools-for-stm32.12.3.rel1.win32_1.0.200.202406191623/tools/bin/../lib/gcc/arm-none-eabi/12.3.1/../../../../arm-none-eabi/lib/thumb/v7e-m+fp/hard\libc_nano.a(libc_a-reent.o)
                0x200008e0                errno
 .bss.__lock___malloc_recursive_mutex
                0x200008e4        0x1 C:/ST/STM32CubeIDE_1.14.1/STM32CubeIDE/plugins/com.st.stm32cube.ide.mcu.externaltools.gnu-tools-for-stm32.12.3.rel1.win32_1.0.200.202406191623/tools/bin/../lib/gcc/arm-none-eabi/12.3.1/../../../../arm-none-eabi/lib/thumb/v7e-m+fp/hard\libc_nano.a(libc_a-lock.o)
                0x200008e4                __lock___malloc_recursive_mutex
 *fill*         0x200008e5        0x3 
 .bss.__malloc_sbrk_start
                0x200008e8        0x4 C:/ST/STM32CubeIDE_1.14.1/STM32CubeIDE/plugins/com.st.stm32cube.ide.mcu.externaltools.gnu-tools-for-stm32.12.3.rel1.win32_1.0.200.202406191623/tools/bin/../lib/gcc/arm-none-eabi/12.3.1/../../../../arm-none-eabi/lib/thumb/v7e-m+fp/hard\libc_nano.a(libc_a-mallocr.o)
                0x200008e8                __malloc_sbrk_start
 .bss.__malloc_free_list
                0x200008ec        0x4 C:/ST/STM32CubeIDE_1.14.1/STM32CubeIDE/plugins/com.st.stm32cube.ide.mcu.externaltools.gnu-tools-for-stm32.12.3.rel1.win32_1.0.200.202406191623/tools/bin/../lib/gcc/arm-none-eabi/12.3.1/../../../../arm-none-eabi/lib/thumb/v7e-m+fp/hard\libc_nano.a(libc_a-mallocr.o)
                0x200008ec                __malloc_free_list
 *(COMMON)
                0x200008f0                        . = ALIGN (0x4)
                0x200008f0                        _ebss = .
                0x200008f0                        __bss_end__ = _ebss

._user_heap_stack
                0x200008f0      0x600 load address 0x08009310
                0x200008f0                        . = ALIGN (0x8)
                [!provide]                        PROVIDE (end = .)
                0x200008f0                        PROVIDE (_end = .)
                0x20000af0                        . = (. + _Min_Heap_Size)
 *fill*         0x200008f0      0x200 
                0x20000ef0                        . = (. + _Min_Stack_Size)
 *fill*         0x20000af0      0x400 
                0x20000ef0                        . = ALIGN (0x8)

/DISCARD/
 libc.a(*)
 libm.a(*)
 libgcc.a(*)

.ARM.attributes
                0x00000000       0x30
 *(.ARM.attributes)
 .ARM.attributes
                0x00000000       0x22 C:/ST/STM32CubeIDE_1.14.1/STM32CubeIDE/plugins/com.st.stm32cube.ide.mcu.externaltools.gnu-tools-for-stm32.12.3.rel1.win32_1.0.200.202406191623/tools/bin/../lib/gcc/arm-none-eabi/12.3.1/thumb/v7e-m+fp/hard/crti.o
 .ARM.attributes
                0x00000022       0x34 C:/ST/STM32CubeIDE_1.14.1/STM32CubeIDE/plugins/com.st.stm32cube.ide.mcu.externaltools.gnu-tools-for-stm32.12.3.rel1.win32_1.0.200.202406191623/tools/bin/../lib/gcc/arm-none-eabi/12.3.1/thumb/v7e-m+fp/hard/crtbegin.o
 .ARM.attributes
                0x00000056       0x34 ./Core/Src/guitar_audio_init.o
 .ARM.attributes
                0x0000008a       0x34 ./Core/Src/main.o
 .ARM.attributes
                0x000000be       0x34 ./Core/Src/stm32f7xx_hal_msp.o
 .ARM.attributes
                0x000000f2       0x34 ./Core/Src/stm32f7xx_it.o
 .ARM.attributes
                0x00000126       0x34 ./Core/Src/sysmem.o
 .ARM.attributes
                0x0000015a       0x34 ./Core/Src/system_stm32f7xx.o
 .ARM.attributes
                0x0000018e       0x21 ./Core/Startup/startup_stm32f746nghx.o
 .ARM.attributes
                0x000001af       0x34 ./Drivers/BSP/Components/wm8994/wm8994.o
 .ARM.attributes
                0x000001e3       0x34 ./Drivers/BSP/Src/stm32746g_discovery.o
 .ARM.attributes
                0x00000217       0x34 ./Drivers/BSP/Src/stm32746g_discovery_audio.o
 .ARM.attributes
                0x0000024b       0x34 ./Drivers/BSP/Src/stm32746g_discovery_lcd.o
 .ARM.attributes
                0x0000027f       0x34 ./Drivers/STM32F7xx_HAL_Driver/Src/stm32f7xx_hal.o
 .ARM.attributes
                0x000002b3       0x34 ./Drivers/STM32F7xx_HAL_Driver/Src/stm32f7xx_hal_cortex.o
 .ARM.attributes
                0x000002e7       0x34 ./Drivers/STM32F7xx_HAL_Driver/Src/stm32f7xx_hal_dma.o
 .ARM.attributes
                0x0000031b       0x34 ./Drivers/STM32F7xx_HAL_Driver/Src/stm32f7xx_hal_dma2d.o
 .ARM.attributes
                0x0000034f       0x34 ./Drivers/STM32F7xx_HAL_Driver/Src/stm32f7xx_hal_gpio.o
 .ARM.attributes
                0x00000383       0x34 ./Drivers/STM32F7xx_HAL_Driver/Src/stm32f7xx_hal_i2c.o
 .ARM.attributes
                0x000003b7       0x34 ./Drivers/STM32F7xx_HAL_Driver/Src/stm32f7xx_hal_i2c_ex.o
 .ARM.attributes
                0x000003eb       0x34 ./Drivers/STM32F7xx_HAL_Driver/Src/stm32f7xx_hal_i2s.o
 .ARM.attributes
                0x0000041f       0x34 ./Drivers/STM32F7xx_HAL_Driver/Src/stm32f7xx_hal_pwr_ex.o
 .ARM.attributes
                0x00000453       0x34 ./Drivers/STM32F7xx_HAL_Driver/Src/stm32f7xx_hal_rcc.o
 .ARM.attributes
                0x00000487       0x34 ./Drivers/STM32F7xx_HAL_Driver/Src/stm32f7xx_hal_rcc_ex.o
 .ARM.attributes
                0x000004bb       0x34 ./Drivers/STM32F7xx_HAL_Driver/Src/stm32f7xx_hal_sai.o
 .ARM.attributes
                0x000004ef       0x34 ./Drivers/STM32F7xx_HAL_Driver/Src/stm32f7xx_hal_spi.o
 .ARM.attributes
                0x00000523       0x34 C:/ST/STM32CubeIDE_1.14.1/STM32CubeIDE/plugins/com.st.stm32cube.ide.mcu.externaltools.gnu-tools-for-stm32.12.3.rel1.win32_1.0.200.202406191623/tools/bin/../lib/gcc/arm-none-eabi/12.3.1/../../../../arm-none-eabi/lib/thumb/v7e-m+fp/hard\libc_nano.a(libc_a-findfp.o)
 .ARM.attributes
                0x00000557       0x34 C:/ST/STM32CubeIDE_1.14.1/STM32CubeIDE/plugins/com.st.stm32cube.ide.mcu.externaltools.gnu-tools-for-stm32.12.3.rel1.win32_1.0.200.202406191623/tools/bin/../lib/gcc/arm-none-eabi/12.3.1/../../../../arm-none-eabi/lib/thumb/v7e-m+fp/hard\libc_nano.a(libc_a-sprintf.o)
 .ARM.attributes
                0x0000058b       0x34 C:/ST/STM32CubeIDE_1.14.1/STM32CubeIDE/plugins/com.st.stm32cube.ide.mcu.externaltools.gnu-tools-for-stm32.12.3.rel1.win32_1.0.200.202406191623/tools/bin/../lib/gcc/arm-none-eabi/12.3.1/../../../../arm-none-eabi/lib/thumb/v7e-m+fp/hard\libc_nano.a(libc_a-memset.o)
 .ARM.attributes
                0x000005bf       0x34 C:/ST/STM32CubeIDE_1.14.1/STM32CubeIDE/plugins/com.st.stm32cube.ide.mcu.externaltools.gnu-tools-for-stm32.12.3.rel1.win32_1.0.200.202406191623/tools/bin/../lib/gcc/arm-none-eabi/12.3.1/../../../../arm-none-eabi/lib/thumb/v7e-m+fp/hard\libc_nano.a(libc_a-reent.o)
 .ARM.attributes
                0x000005f3       0x34 C:/ST/STM32CubeIDE_1.14.1/STM32CubeIDE/plugins/com.st.stm32cube.ide.mcu.externaltools.gnu-tools-for-stm32.12.3.rel1.win32_1.0.200.202406191623/tools/bin/../lib/gcc/arm-none-eabi/12.3.1/../../../../arm-none-eabi/lib/thumb/v7e-m+fp/hard\libc_nano.a(libc_a-impure.o)
 .ARM.attributes
                0x00000627       0x34 C:/ST/STM32CubeIDE_1.14.1/STM32CubeIDE/plugins/com.st.stm32cube.ide.mcu.externaltools.gnu-tools-for-stm32.12.3.rel1.win32_1.0.200.202406191623/tools/bin/../lib/gcc/arm-none-eabi/12.3.1/../../../../arm-none-eabi/lib/thumb/v7e-m+fp/hard\libc_nano.a(libc_a-errno.o)
 .ARM.attributes
                0x0000065b       0x34 C:/ST/STM32CubeIDE_1.14.1/STM32CubeIDE/plugins/com.st.stm32cube.ide.mcu.externaltools.gnu-tools-for-stm32.12.3.rel1.win32_1.0.200.202406191623/tools/bin/../lib/gcc/arm-none-eabi/12.3.1/../../../../arm-none-eabi/lib/thumb/v7e-m+fp/hard\libc_nano.a(libc_a-init.o)
 .ARM.attributes
                0x0000068f       0x34 C:/ST/STM32CubeIDE_1.14.1/STM32CubeIDE/plugins/com.st.stm32cube.ide.mcu.externaltools.gnu-tools-for-stm32.12.3.rel1.win32_1.0.200.202406191623/tools/bin/../lib/gcc/arm-none-eabi/12.3.1/../../../../arm-none-eabi/lib/thumb/v7e-m+fp/hard\libc_nano.a(libc_a-lock.o)
 .ARM.attributes
                0x000006c3       0x34 C:/ST/STM32CubeIDE_1.14.1/STM32CubeIDE/plugins/com.st.stm32cube.ide.mcu.externaltools.gnu-tools-for-stm32.12.3.rel1.win32_1.0.200.202406191623/tools/bin/../lib/gcc/arm-none-eabi/12.3.1/../../../../arm-none-eabi/lib/thumb/v7e-m+fp/hard\libc_nano.a(libc_a-freer.o)
 .ARM.attributes
                0x000006f7       0x34 C:/ST/STM32CubeIDE_1.14.1/STM32CubeIDE/plugins/com.st.stm32cube.ide.mcu.externaltools.gnu-tools-for-stm32.12.3.rel1.win32_1.0.200.202406191623/tools/bin/../lib/gcc/arm-none-eabi/12.3.1/../../../../arm-none-eabi/lib/thumb/v7e-m+fp/hard\libc_nano.a(libc_a-mallocr.o)
 .ARM.attributes
                0x0000072b       0x34 C:/ST/STM32CubeIDE_1.14.1/STM32CubeIDE/plugins/com.st.stm32cube.ide.mcu.externaltools.gnu-tools-for-stm32.12.3.rel1.win32_1.0.200.202406191623/tools/bin/../lib/gcc/arm-none-eabi/12.3.1/../../../../arm-none-eabi/lib/thumb/v7e-m+fp/hard\libc_nano.a(libc_a-mlock.o)
 .ARM.attributes
                0x0000075f       0x34 C:/ST/STM32CubeIDE_1.14.1/STM32CubeIDE/plugins/com.st.stm32cube.ide.mcu.externaltools.gnu-tools-for-stm32.12.3.rel1.win32_1.0.200.202406191623/tools/bin/../lib/gcc/arm-none-eabi/12.3.1/../../../../arm-none-eabi/lib/thumb/v7e-m+fp/hard\libc_nano.a(libc_a-nano-svfprintf.o)
 .ARM.attributes
                0x00000793       0x34 C:/ST/STM32CubeIDE_1.14.1/STM32CubeIDE/plugins/com.st.stm32cube.ide.mcu.externaltools.gnu-tools-for-stm32.12.3.rel1.win32_1.0.200.202406191623/tools/bin/../lib/gcc/arm-none-eabi/12.3.1/../../../../arm-none-eabi/lib/thumb/v7e-m+fp/hard\libc_nano.a(libc_a-nano-vfprintf_i.o)
 .ARM.attributes
                0x000007c7       0x34 C:/ST/STM32CubeIDE_1.14.1/STM32CubeIDE/plugins/com.st.stm32cube.ide.mcu.externaltools.gnu-tools-for-stm32.12.3.rel1.win32_1.0.200.202406191623/tools/bin/../lib/gcc/arm-none-eabi/12.3.1/../../../../arm-none-eabi/lib/thumb/v7e-m+fp/hard\libc_nano.a(libc_a-memmove.o)
 .ARM.attributes
                0x000007fb       0x34 C:/ST/STM32CubeIDE_1.14.1/STM32CubeIDE/plugins/com.st.stm32cube.ide.mcu.externaltools.gnu-tools-for-stm32.12.3.rel1.win32_1.0.200.202406191623/tools/bin/../lib/gcc/arm-none-eabi/12.3.1/../../../../arm-none-eabi/lib/thumb/v7e-m+fp/hard\libc_nano.a(libc_a-sbrkr.o)
 .ARM.attributes
                0x0000082f       0x1c C:/ST/STM32CubeIDE_1.14.1/STM32CubeIDE/plugins/com.st.stm32cube.ide.mcu.externaltools.gnu-tools-for-stm32.12.3.rel1.win32_1.0.200.202406191623/tools/bin/../lib/gcc/arm-none-eabi/12.3.1/../../../../arm-none-eabi/lib/thumb/v7e-m+fp/hard\libc_nano.a(libc_a-memchr.o)
 .ARM.attributes
                0x0000084b       0x34 C:/ST/STM32CubeIDE_1.14.1/STM32CubeIDE/plugins/com.st.stm32cube.ide.mcu.externaltools.gnu-tools-for-stm32.12.3.rel1.win32_1.0.200.202406191623/tools/bin/../lib/gcc/arm-none-eabi/12.3.1/../../../../arm-none-eabi/lib/thumb/v7e-m+fp/hard\libc_nano.a(libc_a-memcpy-stub.o)
 .ARM.attributes
                0x0000087f       0x34 C:/ST/STM32CubeIDE_1.14.1/STM32CubeIDE/plugins/com.st.stm32cube.ide.mcu.externaltools.gnu-tools-for-stm32.12.3.rel1.win32_1.0.200.202406191623/tools/bin/../lib/gcc/arm-none-eabi/12.3.1/../../../../arm-none-eabi/lib/thumb/v7e-m+fp/hard\libc_nano.a(libc_a-reallocr.o)
 .ARM.attributes
                0x000008b3       0x34 C:/ST/STM32CubeIDE_1.14.1/STM32CubeIDE/plugins/com.st.stm32cube.ide.mcu.externaltools.gnu-tools-for-stm32.12.3.rel1.win32_1.0.200.202406191623/tools/bin/../lib/gcc/arm-none-eabi/12.3.1/../../../../arm-none-eabi/lib/thumb/v7e-m+fp/hard\libc_nano.a(libc_a-msizer.o)
 .ARM.attributes
                0x000008e7       0x22 C:/ST/STM32CubeIDE_1.14.1/STM32CubeIDE/plugins/com.st.stm32cube.ide.mcu.externaltools.gnu-tools-for-stm32.12.3.rel1.win32_1.0.200.202406191623/tools/bin/../lib/gcc/arm-none-eabi/12.3.1/thumb/v7e-m+fp/hard\libgcc.a(_aeabi_uldivmod.o)
 .ARM.attributes
                0x00000909       0x34 C:/ST/STM32CubeIDE_1.14.1/STM32CubeIDE/plugins/com.st.stm32cube.ide.mcu.externaltools.gnu-tools-for-stm32.12.3.rel1.win32_1.0.200.202406191623/tools/bin/../lib/gcc/arm-none-eabi/12.3.1/thumb/v7e-m+fp/hard\libgcc.a(_udivmoddi4.o)
 .ARM.attributes
                0x0000093d       0x22 C:/ST/STM32CubeIDE_1.14.1/STM32CubeIDE/plugins/com.st.stm32cube.ide.mcu.externaltools.gnu-tools-for-stm32.12.3.rel1.win32_1.0.200.202406191623/tools/bin/../lib/gcc/arm-none-eabi/12.3.1/thumb/v7e-m+fp/hard\libgcc.a(_dvmd_tls.o)
 .ARM.attributes
                0x0000095f       0x22 C:/ST/STM32CubeIDE_1.14.1/STM32CubeIDE/plugins/com.st.stm32cube.ide.mcu.externaltools.gnu-tools-for-stm32.12.3.rel1.win32_1.0.200.202406191623/tools/bin/../lib/gcc/arm-none-eabi/12.3.1/thumb/v7e-m+fp/hard/crtn.o
OUTPUT(Guitar-Multi-Effects-Pedal.elf elf32-littlearm)
LOAD linker stubs
LOAD C:/ST/STM32CubeIDE_1.14.1/STM32CubeIDE/plugins/com.st.stm32cube.ide.mcu.externaltools.gnu-tools-for-stm32.12.3.rel1.win32_1.0.200.202406191623/tools/bin/../lib/gcc/arm-none-eabi/12.3.1/../../../../arm-none-eabi/lib/thumb/v7e-m+fp/hard\libc.a
LOAD C:/ST/STM32CubeIDE_1.14.1/STM32CubeIDE/plugins/com.st.stm32cube.ide.mcu.externaltools.gnu-tools-for-stm32.12.3.rel1.win32_1.0.200.202406191623/tools/bin/../lib/gcc/arm-none-eabi/12.3.1/../../../../arm-none-eabi/lib/thumb/v7e-m+fp/hard\libm.a
LOAD C:/ST/STM32CubeIDE_1.14.1/STM32CubeIDE/plugins/com.st.stm32cube.ide.mcu.externaltools.gnu-tools-for-stm32.12.3.rel1.win32_1.0.200.202406191623/tools/bin/../lib/gcc/arm-none-eabi/12.3.1/thumb/v7e-m+fp/hard\libgcc.a

.debug_info     0x00000000    0x162ed
 .debug_info    0x00000000      0x975 ./Core/Src/guitar_audio_init.o
 .debug_info    0x00000975     0x1fa0 ./Core/Src/main.o
 .debug_info    0x00002915     0x193d ./Core/Src/stm32f7xx_hal_msp.o
 .debug_info    0x00004252      0x3c1 ./Core/Src/stm32f7xx_it.o
 .debug_info    0x00004613      0x168 ./Core/Src/sysmem.o
 .debug_info    0x0000477b      0x6ed ./Core/Src/system_stm32f7xx.o
 .debug_info    0x00004e68       0x30 ./Core/Startup/startup_stm32f746nghx.o
 .debug_info    0x00004e98      0x5f9 ./Drivers/BSP/Components/wm8994/wm8994.o
 .debug_info    0x00005491     0x1b28 ./Drivers/BSP/Src/stm32746g_discovery.o
 .debug_info    0x00006fb9     0x1d0b ./Drivers/BSP/Src/stm32746g_discovery_audio.o
 .debug_info    0x00008cc4     0x250a ./Drivers/BSP/Src/stm32746g_discovery_lcd.o
 .debug_info    0x0000b1ce      0x9d8 ./Drivers/STM32F7xx_HAL_Driver/Src/stm32f7xx_hal.o
 .debug_info    0x0000bba6      0xf7e ./Drivers/STM32F7xx_HAL_Driver/Src/stm32f7xx_hal_cortex.o
 .debug_info    0x0000cb24      0x8e7 ./Drivers/STM32F7xx_HAL_Driver/Src/stm32f7xx_hal_dma.o
 .debug_info    0x0000d40b      0xe7a ./Drivers/STM32F7xx_HAL_Driver/Src/stm32f7xx_hal_dma2d.o
 .debug_info    0x0000e285      0x6e7 ./Drivers/STM32F7xx_HAL_Driver/Src/stm32f7xx_hal_gpio.o
 .debug_info    0x0000e96c     0x2138 ./Drivers/STM32F7xx_HAL_Driver/Src/stm32f7xx_hal_i2c.o
 .debug_info    0x00010aa4      0x922 ./Drivers/STM32F7xx_HAL_Driver/Src/stm32f7xx_hal_i2c_ex.o
 .debug_info    0x000113c6      0xef6 ./Drivers/STM32F7xx_HAL_Driver/Src/stm32f7xx_hal_i2s.o
 .debug_info    0x000122bc      0x8cd ./Drivers/STM32F7xx_HAL_Driver/Src/stm32f7xx_hal_pwr_ex.o
 .debug_info    0x00012b89      0x8dc ./Drivers/STM32F7xx_HAL_Driver/Src/stm32f7xx_hal_rcc.o
 .debug_info    0x00013465      0x6bd ./Drivers/STM32F7xx_HAL_Driver/Src/stm32f7xx_hal_rcc_ex.o
 .debug_info    0x00013b22     0x1130 ./Drivers/STM32F7xx_HAL_Driver/Src/stm32f7xx_hal_sai.o
 .debug_info    0x00014c52     0x169b ./Drivers/STM32F7xx_HAL_Driver/Src/stm32f7xx_hal_spi.o

.debug_abbrev   0x00000000     0x33fb
 .debug_abbrev  0x00000000      0x24a ./Core/Src/guitar_audio_init.o
 .debug_abbrev  0x0000024a      0x32d ./Core/Src/main.o
 .debug_abbrev  0x00000577      0x278 ./Core/Src/stm32f7xx_hal_msp.o
 .debug_abbrev  0x000007ef      0x16b ./Core/Src/stm32f7xx_it.o
 .debug_abbrev  0x0000095a       0xbc ./Core/Src/sysmem.o
 .debug_abbrev  0x00000a16      0x13b ./Core/Src/system_stm32f7xx.o
 .debug_abbrev  0x00000b51       0x24 ./Core/Startup/startup_stm32f746nghx.o
 .debug_abbrev  0x00000b75      0x1af ./Drivers/BSP/Components/wm8994/wm8994.o
 .debug_abbrev  0x00000d24      0x306 ./Drivers/BSP/Src/stm32746g_discovery.o
 .debug_abbrev  0x0000102a      0x36f ./Drivers/BSP/Src/stm32746g_discovery_audio.o
 .debug_abbrev  0x00001399      0x349 ./Drivers/BSP/Src/stm32746g_discovery_lcd.o
 .debug_abbrev  0x000016e2      0x213 ./Drivers/STM32F7xx_HAL_Driver/Src/stm32f7xx_hal.o
 .debug_abbrev  0x000018f5      0x31e ./Drivers/STM32F7xx_HAL_Driver/Src/stm32f7xx_hal_cortex.o
 .debug_abbrev  0x00001c13      0x264 ./Drivers/STM32F7xx_HAL_Driver/Src/stm32f7xx_hal_dma.o
 .debug_abbrev  0x00001e77      0x23e ./Drivers/STM32F7xx_HAL_Driver/Src/stm32f7xx_hal_dma2d.o
 .debug_abbrev  0x000020b5      0x1d4 ./Drivers/STM32F7xx_HAL_Driver/Src/stm32f7xx_hal_gpio.o
 .debug_abbrev  0x00002289      0x260 ./Drivers/STM32F7xx_HAL_Driver/Src/stm32f7xx_hal_i2c.o
 .debug_abbrev  0x000024e9      0x19c ./Drivers/STM32F7xx_HAL_Driver/Src/stm32f7xx_hal_i2c_ex.o
 .debug_abbrev  0x00002685      0x26f ./Drivers/STM32F7xx_HAL_Driver/Src/stm32f7xx_hal_i2s.o
 .debug_abbrev  0x000028f4      0x1d5 ./Drivers/STM32F7xx_HAL_Driver/Src/stm32f7xx_hal_pwr_ex.o
 .debug_abbrev  0x00002ac9      0x288 ./Drivers/STM32F7xx_HAL_Driver/Src/stm32f7xx_hal_rcc.o
 .debug_abbrev  0x00002d51      0x1c9 ./Drivers/STM32F7xx_HAL_Driver/Src/stm32f7xx_hal_rcc_ex.o
 .debug_abbrev  0x00002f1a      0x278 ./Drivers/STM32F7xx_HAL_Driver/Src/stm32f7xx_hal_sai.o
 .debug_abbrev  0x00003192      0x269 ./Drivers/STM32F7xx_HAL_Driver/Src/stm32f7xx_hal_spi.o

.debug_aranges  0x00000000     0x13a0
 .debug_aranges
                0x00000000       0x48 ./Core/Src/guitar_audio_init.o
 .debug_aranges
                0x00000048       0x80 ./Core/Src/main.o
 .debug_aranges
                0x000000c8       0x70 ./Core/Src/stm32f7xx_hal_msp.o
 .debug_aranges
                0x00000138       0x70 ./Core/Src/stm32f7xx_it.o
 .debug_aranges
                0x000001a8       0x20 ./Core/Src/sysmem.o
 .debug_aranges
                0x000001c8       0x28 ./Core/Src/system_stm32f7xx.o
 .debug_aranges
                0x000001f0       0x28 ./Core/Startup/startup_stm32f746nghx.o
 .debug_aranges
                0x00000218       0x80 ./Drivers/BSP/Components/wm8994/wm8994.o
 .debug_aranges
                0x00000298      0x128 ./Drivers/BSP/Src/stm32746g_discovery.o
 .debug_aranges
                0x000003c0      0x158 ./Drivers/BSP/Src/stm32746g_discovery_audio.o
 .debug_aranges
                0x00000518      0x1d8 ./Drivers/BSP/Src/stm32746g_discovery_lcd.o
 .debug_aranges
                0x000006f0      0x100 ./Drivers/STM32F7xx_HAL_Driver/Src/stm32f7xx_hal.o
 .debug_aranges
                0x000007f0      0x128 ./Drivers/STM32F7xx_HAL_Driver/Src/stm32f7xx_hal_cortex.o
 .debug_aranges
                0x00000918       0x90 ./Drivers/STM32F7xx_HAL_Driver/Src/stm32f7xx_hal_dma.o
 .debug_aranges
                0x000009a8      0x118 ./Drivers/STM32F7xx_HAL_Driver/Src/stm32f7xx_hal_dma2d.o
 .debug_aranges
                0x00000ac0       0x58 ./Drivers/STM32F7xx_HAL_Driver/Src/stm32f7xx_hal_gpio.o
 .debug_aranges
                0x00000b18      0x2a0 ./Drivers/STM32F7xx_HAL_Driver/Src/stm32f7xx_hal_i2c.o
 .debug_aranges
                0x00000db8       0x38 ./Drivers/STM32F7xx_HAL_Driver/Src/stm32f7xx_hal_i2c_ex.o
 .debug_aranges
                0x00000df0      0x108 ./Drivers/STM32F7xx_HAL_Driver/Src/stm32f7xx_hal_i2s.o
 .debug_aranges
                0x00000ef8       0x80 ./Drivers/STM32F7xx_HAL_Driver/Src/stm32f7xx_hal_pwr_ex.o
 .debug_aranges
                0x00000f78       0x88 ./Drivers/STM32F7xx_HAL_Driver/Src/stm32f7xx_hal_rcc.o
 .debug_aranges
                0x00001000       0x50 ./Drivers/STM32F7xx_HAL_Driver/Src/stm32f7xx_hal_rcc_ex.o
 .debug_aranges
                0x00001050      0x178 ./Drivers/STM32F7xx_HAL_Driver/Src/stm32f7xx_hal_sai.o
 .debug_aranges
                0x000011c8      0x1d8 ./Drivers/STM32F7xx_HAL_Driver/Src/stm32f7xx_hal_spi.o

.debug_rnglists
                0x00000000      0xf1a
 .debug_rnglists
                0x00000000       0x32 ./Core/Src/guitar_audio_init.o
 .debug_rnglists
                0x00000032       0x60 ./Core/Src/main.o
 .debug_rnglists
                0x00000092       0x54 ./Core/Src/stm32f7xx_hal_msp.o
 .debug_rnglists
                0x000000e6       0x4f ./Core/Src/stm32f7xx_it.o
 .debug_rnglists
                0x00000135       0x13 ./Core/Src/sysmem.o
 .debug_rnglists
                0x00000148       0x1a ./Core/Src/system_stm32f7xx.o
 .debug_rnglists
                0x00000162       0x19 ./Core/Startup/startup_stm32f746nghx.o
 .debug_rnglists
                0x0000017b       0x61 ./Drivers/BSP/Components/wm8994/wm8994.o
 .debug_rnglists
                0x000001dc       0xdc ./Drivers/BSP/Src/stm32746g_discovery.o
 .debug_rnglists
                0x000002b8      0x106 ./Drivers/BSP/Src/stm32746g_discovery_audio.o
 .debug_rnglists
                0x000003be      0x176 ./Drivers/BSP/Src/stm32746g_discovery_lcd.o
 .debug_rnglists
                0x00000534       0xbb ./Drivers/STM32F7xx_HAL_Driver/Src/stm32f7xx_hal.o
 .debug_rnglists
                0x000005ef       0xda ./Drivers/STM32F7xx_HAL_Driver/Src/stm32f7xx_hal_cortex.o
 .debug_rnglists
                0x000006c9       0x70 ./Drivers/STM32F7xx_HAL_Driver/Src/stm32f7xx_hal_dma.o
 .debug_rnglists
                0x00000739       0xdc ./Drivers/STM32F7xx_HAL_Driver/Src/stm32f7xx_hal_dma2d.o
 .debug_rnglists
                0x00000815       0x3f ./Drivers/STM32F7xx_HAL_Driver/Src/stm32f7xx_hal_gpio.o
 .debug_rnglists
                0x00000854      0x228 ./Drivers/STM32F7xx_HAL_Driver/Src/stm32f7xx_hal_i2c.o
 .debug_rnglists
                0x00000a7c       0x27 ./Drivers/STM32F7xx_HAL_Driver/Src/stm32f7xx_hal_i2c_ex.o
 .debug_rnglists
                0x00000aa3       0xcc ./Drivers/STM32F7xx_HAL_Driver/Src/stm32f7xx_hal_i2s.o
 .debug_rnglists
                0x00000b6f       0x5f ./Drivers/STM32F7xx_HAL_Driver/Src/stm32f7xx_hal_pwr_ex.o
 .debug_rnglists
                0x00000bce       0x67 ./Drivers/STM32F7xx_HAL_Driver/Src/stm32f7xx_hal_rcc.o
 .debug_rnglists
                0x00000c35       0x3c ./Drivers/STM32F7xx_HAL_Driver/Src/stm32f7xx_hal_rcc_ex.o
 .debug_rnglists
                0x00000c71      0x131 ./Drivers/STM32F7xx_HAL_Driver/Src/stm32f7xx_hal_sai.o
 .debug_rnglists
                0x00000da2      0x178 ./Drivers/STM32F7xx_HAL_Driver/Src/stm32f7xx_hal_spi.o

.debug_macro    0x00000000    0x2a6a6
 .debug_macro   0x00000000      0x3bc ./Core/Src/guitar_audio_init.o
 .debug_macro   0x000003bc      0xab4 ./Core/Src/guitar_audio_init.o
 .debug_macro   0x00000e70       0x22 ./Core/Src/guitar_audio_init.o
 .debug_macro   0x00000e92       0x8e ./Core/Src/guitar_audio_init.o
 .debug_macro   0x00000f20       0x51 ./Core/Src/guitar_audio_init.o
 .debug_macro   0x00000f71      0x103 ./Core/Src/guitar_audio_init.o
 .debug_macro   0x00001074       0x6a ./Core/Src/guitar_audio_init.o
 .debug_macro   0x000010de      0x1df ./Core/Src/guitar_audio_init.o
 .debug_macro   0x000012bd       0x10 ./Core/Src/guitar_audio_init.o
 .debug_macro   0x000012cd       0xbe ./Core/Src/guitar_audio_init.o
 .debug_macro   0x0000138b      0x29f ./Core/Src/guitar_audio_init.o
 .debug_macro   0x0000162a       0x2e ./Core/Src/guitar_audio_init.o
 .debug_macro   0x00001658       0x3b ./Core/Src/guitar_audio_init.o
 .debug_macro   0x00001693       0x1c ./Core/Src/guitar_audio_init.o
 .debug_macro   0x000016af       0x22 ./Core/Src/guitar_audio_init.o
 .debug_macro   0x000016d1       0xd9 ./Core/Src/guitar_audio_init.o
 .debug_macro   0x000017aa     0x12cd ./Core/Src/guitar_audio_init.o
 .debug_macro   0x00002a77      0x11f ./Core/Src/guitar_audio_init.o
 .debug_macro   0x00002b96       0x19 ./Core/Src/guitar_audio_init.o
 .debug_macro   0x00002baf    0x19222 ./Core/Src/guitar_audio_init.o
 .debug_macro   0x0001bdd1       0x6d ./Core/Src/guitar_audio_init.o
 .debug_macro   0x0001be3e     0x3765 ./Core/Src/guitar_audio_init.o
 .debug_macro   0x0001f5a3      0x189 ./Core/Src/guitar_audio_init.o
 .debug_macro   0x0001f72c       0x63 ./Core/Src/guitar_audio_init.o
 .debug_macro   0x0001f78f     0x18ad ./Core/Src/guitar_audio_init.o
 .debug_macro   0x0002103c      0x6c4 ./Core/Src/guitar_audio_init.o
 .debug_macro   0x00021700      0x185 ./Core/Src/guitar_audio_init.o
 .debug_macro   0x00021885      0x115 ./Core/Src/guitar_audio_init.o
 .debug_macro   0x0002199a      0x1fd ./Core/Src/guitar_audio_init.o
 .debug_macro   0x00021b97       0xa5 ./Core/Src/guitar_audio_init.o
 .debug_macro   0x00021c3c      0x24f ./Core/Src/guitar_audio_init.o
 .debug_macro   0x00021e8b       0x41 ./Core/Src/guitar_audio_init.o
 .debug_macro   0x00021ecc       0x58 ./Core/Src/guitar_audio_init.o
 .debug_macro   0x00021f24      0x236 ./Core/Src/guitar_audio_init.o
 .debug_macro   0x0002215a      0x208 ./Core/Src/guitar_audio_init.o
 .debug_macro   0x00022362      0x14e ./Core/Src/guitar_audio_init.o
 .debug_macro   0x000224b0      0x25a ./Core/Src/guitar_audio_init.o
 .debug_macro   0x0002270a       0x12 ./Core/Src/guitar_audio_init.o
 .debug_macro   0x0002271c      0x22c ./Core/Src/guitar_audio_init.o
 .debug_macro   0x00022948       0x61 ./Core/Src/guitar_audio_init.o
 .debug_macro   0x000229a9       0xa5 ./Core/Src/guitar_audio_init.o
 .debug_macro   0x00022a4e      0x1d8 ./Core/Src/guitar_audio_init.o
 .debug_macro   0x00022c26      0x12e ./Core/Src/guitar_audio_init.o
 .debug_macro   0x00022d54      0x108 ./Core/Src/guitar_audio_init.o
 .debug_macro   0x00022e5c       0x35 ./Core/Src/guitar_audio_init.o
 .debug_macro   0x00022e91      0x447 ./Core/Src/guitar_audio_init.o
 .debug_macro   0x000232d8      0x2fe ./Core/Src/guitar_audio_init.o
 .debug_macro   0x000235d6      0x14d ./Core/Src/guitar_audio_init.o
 .debug_macro   0x00023723      0x567 ./Core/Src/guitar_audio_init.o
 .debug_macro   0x00023c8a       0x44 ./Core/Src/guitar_audio_init.o
 .debug_macro   0x00023cce      0x265 ./Core/Src/guitar_audio_init.o
 .debug_macro   0x00023f33      0x186 ./Core/Src/guitar_audio_init.o
 .debug_macro   0x000240b9       0x61 ./Core/Src/guitar_audio_init.o
 .debug_macro   0x0002411a       0x2a ./Core/Src/guitar_audio_init.o
 .debug_macro   0x00024144       0x43 ./Core/Src/guitar_audio_init.o
 .debug_macro   0x00024187       0x34 ./Core/Src/guitar_audio_init.o
 .debug_macro   0x000241bb       0x16 ./Core/Src/guitar_audio_init.o
 .debug_macro   0x000241d1       0x35 ./Core/Src/guitar_audio_init.o
 .debug_macro   0x00024206      0x369 ./Core/Src/guitar_audio_init.o
 .debug_macro   0x0002456f       0x10 ./Core/Src/guitar_audio_init.o
 .debug_macro   0x0002457f       0x16 ./Core/Src/guitar_audio_init.o
 .debug_macro   0x00024595       0x43 ./Core/Src/guitar_audio_init.o
 .debug_macro   0x000245d8       0x34 ./Core/Src/guitar_audio_init.o
 .debug_macro   0x0002460c       0x10 ./Core/Src/guitar_audio_init.o
 .debug_macro   0x0002461c       0x58 ./Core/Src/guitar_audio_init.o
 .debug_macro   0x00024674       0x8e ./Core/Src/guitar_audio_init.o
 .debug_macro   0x00024702       0x1c ./Core/Src/guitar_audio_init.o
 .debug_macro   0x0002471e      0x177 ./Core/Src/guitar_audio_init.o
 .debug_macro   0x00024895       0x16 ./Core/Src/guitar_audio_init.o
 .debug_macro   0x000248ab       0x16 ./Core/Src/guitar_audio_init.o
 .debug_macro   0x000248c1      0x146 ./Core/Src/guitar_audio_init.o
 .debug_macro   0x00024a07      0x769 ./Core/Src/guitar_audio_init.o
 .debug_macro   0x00025170       0x4c ./Core/Src/guitar_audio_init.o
 .debug_macro   0x000251bc       0x10 ./Core/Src/guitar_audio_init.o
 .debug_macro   0x000251cc       0x40 ./Core/Src/guitar_audio_init.o
 .debug_macro   0x0002520c      0x504 ./Core/Src/guitar_audio_init.o
 .debug_macro   0x00025710       0x9a ./Core/Src/guitar_audio_init.o
 .debug_macro   0x000257aa       0x10 ./Core/Src/guitar_audio_init.o
 .debug_macro   0x000257ba      0x198 ./Core/Src/guitar_audio_init.o
 .debug_macro   0x00025952       0xd6 ./Core/Src/guitar_audio_init.o
 .debug_macro   0x00025a28      0x11c ./Core/Src/guitar_audio_init.o
 .debug_macro   0x00025b44      0x347 ./Core/Src/main.o
 .debug_macro   0x00025e8b      0x763 ./Core/Src/main.o
 .debug_macro   0x000265ee       0x16 ./Core/Src/main.o
 .debug_macro   0x00026604      0x1fc ./Core/Src/stm32f7xx_hal_msp.o
 .debug_macro   0x00026800      0x206 ./Core/Src/stm32f7xx_it.o
 .debug_macro   0x00026a06       0xff ./Core/Src/sysmem.o
 .debug_macro   0x00026b05      0x23c ./Core/Src/sysmem.o
 .debug_macro   0x00026d41      0x1ed ./Core/Src/system_stm32f7xx.o
 .debug_macro   0x00026f2e       0x81 ./Drivers/BSP/Components/wm8994/wm8994.o
 .debug_macro   0x00026faf      0x237 ./Drivers/BSP/Src/stm32746g_discovery.o
 .debug_macro   0x000271e6      0x259 ./Drivers/BSP/Src/stm32746g_discovery_audio.o
 .debug_macro   0x0002743f      0xa83 ./Drivers/BSP/Src/stm32746g_discovery_audio.o
 .debug_macro   0x00027ec2       0x59 ./Drivers/BSP/Src/stm32746g_discovery_audio.o
 .debug_macro   0x00027f1b      0x2aa ./Drivers/BSP/Src/stm32746g_discovery_lcd.o
 .debug_macro   0x000281c5      0x4fe ./Drivers/BSP/Src/stm32746g_discovery_lcd.o
 .debug_macro   0x000286c3      0x56d ./Drivers/BSP/Src/stm32746g_discovery_lcd.o
 .debug_macro   0x00028c30      0x211 ./Drivers/STM32F7xx_HAL_Driver/Src/stm32f7xx_hal.o
 .debug_macro   0x00028e41      0x1ed ./Drivers/STM32F7xx_HAL_Driver/Src/stm32f7xx_hal_cortex.o
 .debug_macro   0x0002902e      0x1f3 ./Drivers/STM32F7xx_HAL_Driver/Src/stm32f7xx_hal_dma.o
 .debug_macro   0x00029221      0x1fc ./Drivers/STM32F7xx_HAL_Driver/Src/stm32f7xx_hal_dma2d.o
 .debug_macro   0x0002941d      0x1f3 ./Drivers/STM32F7xx_HAL_Driver/Src/stm32f7xx_hal_gpio.o
 .debug_macro   0x00029610      0x2b9 ./Drivers/STM32F7xx_HAL_Driver/Src/stm32f7xx_hal_i2c.o
 .debug_macro   0x000298c9      0x1ed ./Drivers/STM32F7xx_HAL_Driver/Src/stm32f7xx_hal_i2c_ex.o
 .debug_macro   0x00029ab6      0x1f5 ./Drivers/STM32F7xx_HAL_Driver/Src/stm32f7xx_hal_i2s.o
 .debug_macro   0x00029cab      0x205 ./Drivers/STM32F7xx_HAL_Driver/Src/stm32f7xx_hal_pwr_ex.o
 .debug_macro   0x00029eb0      0x211 ./Drivers/STM32F7xx_HAL_Driver/Src/stm32f7xx_hal_rcc.o
 .debug_macro   0x0002a0c1      0x1ed ./Drivers/STM32F7xx_HAL_Driver/Src/stm32f7xx_hal_rcc_ex.o
 .debug_macro   0x0002a2ae      0x1fc ./Drivers/STM32F7xx_HAL_Driver/Src/stm32f7xx_hal_sai.o
 .debug_macro   0x0002a4aa      0x1fc ./Drivers/STM32F7xx_HAL_Driver/Src/stm32f7xx_hal_spi.o

.debug_line     0x00000000    0x17b7b
 .debug_line    0x00000000      0xc8d ./Core/Src/guitar_audio_init.o
 .debug_line    0x00000c8d     0x1023 ./Core/Src/main.o
 .debug_line    0x00001cb0      0xa9b ./Core/Src/stm32f7xx_hal_msp.o
 .debug_line    0x0000274b      0x880 ./Core/Src/stm32f7xx_it.o
 .debug_line    0x00002fcb      0x583 ./Core/Src/sysmem.o
 .debug_line    0x0000354e      0x810 ./Core/Src/system_stm32f7xx.o
 .debug_line    0x00003d5e       0x7a ./Core/Startup/startup_stm32f746nghx.o
 .debug_line    0x00003dd8      0xb41 ./Drivers/BSP/Components/wm8994/wm8994.o
 .debug_line    0x00004919      0xcb2 ./Drivers/BSP/Src/stm32746g_discovery.o
 .debug_line    0x000055cb      0xfb6 ./Drivers/BSP/Src/stm32746g_discovery_audio.o
 .debug_line    0x00006581     0x17f1 ./Drivers/BSP/Src/stm32746g_discovery_lcd.o
 .debug_line    0x00007d72      0xab0 ./Drivers/STM32F7xx_HAL_Driver/Src/stm32f7xx_hal.o
 .debug_line    0x00008822      0xd52 ./Drivers/STM32F7xx_HAL_Driver/Src/stm32f7xx_hal_cortex.o
 .debug_line    0x00009574      0xfff ./Drivers/STM32F7xx_HAL_Driver/Src/stm32f7xx_hal_dma.o
 .debug_line    0x0000a573     0x125a ./Drivers/STM32F7xx_HAL_Driver/Src/stm32f7xx_hal_dma2d.o
 .debug_line    0x0000b7cd      0xc36 ./Drivers/STM32F7xx_HAL_Driver/Src/stm32f7xx_hal_gpio.o
 .debug_line    0x0000c403     0x3ae4 ./Drivers/STM32F7xx_HAL_Driver/Src/stm32f7xx_hal_i2c.o
 .debug_line    0x0000fee7      0x8c9 ./Drivers/STM32F7xx_HAL_Driver/Src/stm32f7xx_hal_i2c_ex.o
 .debug_line    0x000107b0     0x1154 ./Drivers/STM32F7xx_HAL_Driver/Src/stm32f7xx_hal_i2s.o
 .debug_line    0x00011904      0xa34 ./Drivers/STM32F7xx_HAL_Driver/Src/stm32f7xx_hal_pwr_ex.o
 .debug_line    0x00012338      0xedf ./Drivers/STM32F7xx_HAL_Driver/Src/stm32f7xx_hal_rcc.o
 .debug_line    0x00013217      0xe95 ./Drivers/STM32F7xx_HAL_Driver/Src/stm32f7xx_hal_rcc_ex.o
 .debug_line    0x000140ac     0x1a55 ./Drivers/STM32F7xx_HAL_Driver/Src/stm32f7xx_hal_sai.o
 .debug_line    0x00015b01     0x207a ./Drivers/STM32F7xx_HAL_Driver/Src/stm32f7xx_hal_spi.o

.debug_str      0x00000000   0x101887
 .debug_str     0x00000000    0xf29a8 ./Core/Src/guitar_audio_init.o
                              0xf312e (size before relaxing)
 .debug_str     0x000f29a8     0x12e6 ./Core/Src/main.o
                              0xef00b (size before relaxing)
 .debug_str     0x000f3c8e      0x121 ./Core/Src/stm32f7xx_hal_msp.o
                              0xe47f0 (size before relaxing)
 .debug_str     0x000f3daf       0xf4 ./Core/Src/stm32f7xx_it.o
                              0xe39cf (size before relaxing)
 .debug_str     0x000f3ea3      0x4dc ./Core/Src/sysmem.o
                               0x60f1 (size before relaxing)
 .debug_str     0x000f437f      0x1a4 ./Core/Src/system_stm32f7xx.o
                              0xe1d7a (size before relaxing)
 .debug_str     0x000f4523       0x44 ./Core/Startup/startup_stm32f746nghx.o
                                 0xa2 (size before relaxing)
 .debug_str     0x000f4567      0x1e6 ./Drivers/BSP/Components/wm8994/wm8994.o
                               0x446a (size before relaxing)
 .debug_str     0x000f474d      0x74b ./Drivers/BSP/Src/stm32746g_discovery.o
                              0xe87c7 (size before relaxing)
 .debug_str     0x000f4e98     0x916b ./Drivers/BSP/Src/stm32746g_discovery_audio.o
                              0xf2397 (size before relaxing)
 .debug_str     0x000fe003      0xc1c ./Drivers/BSP/Src/stm32746g_discovery_lcd.o
                              0xedb22 (size before relaxing)
 .debug_str     0x000fec1f      0x402 ./Drivers/STM32F7xx_HAL_Driver/Src/stm32f7xx_hal.o
                              0xe26e3 (size before relaxing)
 .debug_str     0x000ff021      0x34a ./Drivers/STM32F7xx_HAL_Driver/Src/stm32f7xx_hal_cortex.o
                              0xe2700 (size before relaxing)
 .debug_str     0x000ff36b      0x2ec ./Drivers/STM32F7xx_HAL_Driver/Src/stm32f7xx_hal_dma.o
                              0xe20b9 (size before relaxing)
 .debug_str     0x000ff657      0x361 ./Drivers/STM32F7xx_HAL_Driver/Src/stm32f7xx_hal_dma2d.o
                              0xe228d (size before relaxing)
 .debug_str     0x000ff9b8       0xe6 ./Drivers/STM32F7xx_HAL_Driver/Src/stm32f7xx_hal_gpio.o
                              0xe1e38 (size before relaxing)
 .debug_str     0x000ffa9e      0xd50 ./Drivers/STM32F7xx_HAL_Driver/Src/stm32f7xx_hal_i2c.o
                              0xe2f8d (size before relaxing)
 .debug_str     0x001007ee       0x89 ./Drivers/STM32F7xx_HAL_Driver/Src/stm32f7xx_hal_i2c_ex.o
                              0xe220c (size before relaxing)
 .debug_str     0x00100877      0x29b ./Drivers/STM32F7xx_HAL_Driver/Src/stm32f7xx_hal_i2s.o
                              0xe233d (size before relaxing)
 .debug_str     0x00100b12      0x1d1 ./Drivers/STM32F7xx_HAL_Driver/Src/stm32f7xx_hal_pwr_ex.o
                              0xe1fe9 (size before relaxing)
 .debug_str     0x00100ce3      0x247 ./Drivers/STM32F7xx_HAL_Driver/Src/stm32f7xx_hal_rcc.o
                              0xe20dc (size before relaxing)
 .debug_str     0x00100f2a      0x121 ./Drivers/STM32F7xx_HAL_Driver/Src/stm32f7xx_hal_rcc_ex.o
                              0xe2014 (size before relaxing)
 .debug_str     0x0010104b      0x2d7 ./Drivers/STM32F7xx_HAL_Driver/Src/stm32f7xx_hal_sai.o
                              0xe24af (size before relaxing)
 .debug_str     0x00101322      0x565 ./Drivers/STM32F7xx_HAL_Driver/Src/stm32f7xx_hal_spi.o
                              0xe25ba (size before relaxing)

.comment        0x00000000       0x43
 .comment       0x00000000       0x43 ./Core/Src/guitar_audio_init.o
                                 0x44 (size before relaxing)
 .comment       0x00000043       0x44 ./Core/Src/main.o
 .comment       0x00000043       0x44 ./Core/Src/stm32f7xx_hal_msp.o
 .comment       0x00000043       0x44 ./Core/Src/stm32f7xx_it.o
 .comment       0x00000043       0x44 ./Core/Src/sysmem.o
 .comment       0x00000043       0x44 ./Core/Src/system_stm32f7xx.o
 .comment       0x00000043       0x44 ./Drivers/BSP/Components/wm8994/wm8994.o
 .comment       0x00000043       0x44 ./Drivers/BSP/Src/stm32746g_discovery.o
 .comment       0x00000043       0x44 ./Drivers/BSP/Src/stm32746g_discovery_audio.o
 .comment       0x00000043       0x44 ./Drivers/BSP/Src/stm32746g_discovery_lcd.o
 .comment       0x00000043       0x44 ./Drivers/STM32F7xx_HAL_Driver/Src/stm32f7xx_hal.o
 .comment       0x00000043       0x44 ./Drivers/STM32F7xx_HAL_Driver/Src/stm32f7xx_hal_cortex.o
 .comment       0x00000043       0x44 ./Drivers/STM32F7xx_HAL_Driver/Src/stm32f7xx_hal_dma.o
 .comment       0x00000043       0x44 ./Drivers/STM32F7xx_HAL_Driver/Src/stm32f7xx_hal_dma2d.o
 .comment       0x00000043       0x44 ./Drivers/STM32F7xx_HAL_Driver/Src/stm32f7xx_hal_gpio.o
 .comment       0x00000043       0x44 ./Drivers/STM32F7xx_HAL_Driver/Src/stm32f7xx_hal_i2c.o
 .comment       0x00000043       0x44 ./Drivers/STM32F7xx_HAL_Driver/Src/stm32f7xx_hal_i2c_ex.o
 .comment       0x00000043       0x44 ./Drivers/STM32F7xx_HAL_Driver/Src/stm32f7xx_hal_i2s.o
 .comment       0x00000043       0x44 ./Drivers/STM32F7xx_HAL_Driver/Src/stm32f7xx_hal_pwr_ex.o
 .comment       0x00000043       0x44 ./Drivers/STM32F7xx_HAL_Driver/Src/stm32f7xx_hal_rcc.o
 .comment       0x00000043       0x44 ./Drivers/STM32F7xx_HAL_Driver/Src/stm32f7xx_hal_rcc_ex.o
 .comment       0x00000043       0x44 ./Drivers/STM32F7xx_HAL_Driver/Src/stm32f7xx_hal_sai.o
 .comment       0x00000043       0x44 ./Drivers/STM32F7xx_HAL_Driver/Src/stm32f7xx_hal_spi.o

.debug_frame    0x00000000     0x5668
 .debug_frame   0x00000000       0xe8 ./Core/Src/guitar_audio_init.o
 .debug_frame   0x000000e8      0x19c ./Core/Src/main.o
 .debug_frame   0x00000284      0x1ac ./Core/Src/stm32f7xx_hal_msp.o
 .debug_frame   0x00000430      0x13c ./Core/Src/stm32f7xx_it.o
 .debug_frame   0x0000056c       0x34 ./Core/Src/sysmem.o
 .debug_frame   0x000005a0       0x58 ./Core/Src/system_stm32f7xx.o
 .debug_frame   0x000005f8      0x1e8 ./Drivers/BSP/Components/wm8994/wm8994.o
 .debug_frame   0x000007e0      0x4b0 ./Drivers/BSP/Src/stm32746g_discovery.o
 .debug_frame   0x00000c90      0x564 ./Drivers/BSP/Src/stm32746g_discovery_audio.o
 .debug_frame   0x000011f4      0x840 ./Drivers/BSP/Src/stm32746g_discovery_lcd.o
 .debug_frame   0x00001a34      0x3b4 ./Drivers/STM32F7xx_HAL_Driver/Src/stm32f7xx_hal.o
 .debug_frame   0x00001de8      0x4e8 ./Drivers/STM32F7xx_HAL_Driver/Src/stm32f7xx_hal_cortex.o
 .debug_frame   0x000022d0      0x250 ./Drivers/STM32F7xx_HAL_Driver/Src/stm32f7xx_hal_dma.o
 .debug_frame   0x00002520      0x4e0 ./Drivers/STM32F7xx_HAL_Driver/Src/stm32f7xx_hal_dma2d.o
 .debug_frame   0x00002a00      0x14c ./Drivers/STM32F7xx_HAL_Driver/Src/stm32f7xx_hal_gpio.o
 .debug_frame   0x00002b4c      0xc38 ./Drivers/STM32F7xx_HAL_Driver/Src/stm32f7xx_hal_i2c.o