Archive member included to satisfy reference by file (symbol)

C:/ST/STM32CubeIDE_1.14.1/STM32CubeIDE/plugins/com.st.stm32cube.ide.mcu.externaltools.gnu-tools-for-stm32.12.3.rel1.win32_1.0.200.202406191623/tools/bin/../lib/gcc/arm-none-eabi/12.3.1/../../../../arm-none-eabi/lib/thumb/v7e-m+fp/hard\libc_nano.a(libc_a-exit.o)
                              C:/ST/STM32CubeIDE_1.14.1/STM32CubeIDE/plugins/com.st.stm32cube.ide.mcu.externaltools.gnu-tools-for-stm32.12.3.rel1.win32_1.0.200.202406191623/tools/bin/../lib/gcc/arm-none-eabi/12.3.1/../../../../arm-none-eabi/lib/thumb/v7e-m+fp/hard/crt0.o (exit)
C:/ST/STM32CubeIDE_1.14.1/STM32CubeIDE/plugins/com.st.stm32cube.ide.mcu.externaltools.gnu-tools-for-stm32.12.3.rel1.win32_1.0.200.202406191623/tools/bin/../lib/gcc/arm-none-eabi/12.3.1/../../../../arm-none-eabi/lib/thumb/v7e-m+fp/hard\libc_nano.a(libc_a-findfp.o)
                              C:/ST/STM32CubeIDE_1.14.1/STM32CubeIDE/plugins/com.st.stm32cube.ide.mcu.externaltools.gnu-tools-for-stm32.12.3.rel1.win32_1.0.200.202406191623/tools/bin/../lib/gcc/arm-none-eabi/12.3.1/../../../../arm-none-eabi/lib/thumb/v7e-m+fp/hard\libc_nano.a(libc_a-exit.o) (__stdio_exit_handler)
C:/ST/STM32CubeIDE_1.14.1/STM32CubeIDE/plugins/com.st.stm32cube.ide.mcu.externaltools.gnu-tools-for-stm32.12.3.rel1.win32_1.0.200.202406191623/tools/bin/../lib/gcc/arm-none-eabi/12.3.1/../../../../arm-none-eabi/lib/thumb/v7e-m+fp/hard\libc_nano.a(libc_a-fwalk.o)
                              C:/ST/STM32CubeIDE_1.14.1/STM32CubeIDE/plugins/com.st.stm32cube.ide.mcu.externaltools.gnu-tools-for-stm32.12.3.rel1.win32_1.0.200.202406191623/tools/bin/../lib/gcc/arm-none-eabi/12.3.1/../../../../arm-none-eabi/lib/thumb/v7e-m+fp/hard\libc_nano.a(libc_a-findfp.o) (_fwalk_sglue)
C:/ST/STM32CubeIDE_1.14.1/STM32CubeIDE/plugins/com.st.stm32cube.ide.mcu.externaltools.gnu-tools-for-stm32.12.3.rel1.win32_1.0.200.202406191623/tools/bin/../lib/gcc/arm-none-eabi/12.3.1/../../../../arm-none-eabi/lib/thumb/v7e-m+fp/hard\libc_nano.a(libc_a-stdio.o)
                              C:/ST/STM32CubeIDE_1.14.1/STM32CubeIDE/plugins/com.st.stm32cube.ide.mcu.externaltools.gnu-tools-for-stm32.12.3.rel1.win32_1.0.200.202406191623/tools/bin/../lib/gcc/arm-none-eabi/12.3.1/../../../../arm-none-eabi/lib/thumb/v7e-m+fp/hard\libc_nano.a(libc_a-findfp.o) (__sread)
C:/ST/STM32CubeIDE_1.14.1/STM32CubeIDE/plugins/com.st.stm32cube.ide.mcu.externaltools.gnu-tools-for-stm32.12.3.rel1.win32_1.0.200.202406191623/tools/bin/../lib/gcc/arm-none-eabi/12.3.1/../../../../arm-none-eabi/lib/thumb/v7e-m+fp/hard\libc_nano.a(libc_a-memset.o)
                              C:/ST/STM32CubeIDE_1.14.1/STM32CubeIDE/plugins/com.st.stm32cube.ide.mcu.externaltools.gnu-tools-for-stm32.12.3.rel1.win32_1.0.200.202406191623/tools/bin/../lib/gcc/arm-none-eabi/12.3.1/../../../../arm-none-eabi/lib/thumb/v7e-m+fp/hard/crt0.o (memset)
C:/ST/STM32CubeIDE_1.14.1/STM32CubeIDE/plugins/com.st.stm32cube.ide.mcu.externaltools.gnu-tools-for-stm32.12.3.rel1.win32_1.0.200.202406191623/tools/bin/../lib/gcc/arm-none-eabi/12.3.1/../../../../arm-none-eabi/lib/thumb/v7e-m+fp/hard\libc_nano.a(libc_a-closer.o)
                              C:/ST/STM32CubeIDE_1.14.1/STM32CubeIDE/plugins/com.st.stm32cube.ide.mcu.externaltools.gnu-tools-for-stm32.12.3.rel1.win32_1.0.200.202406191623/tools/bin/../lib/gcc/arm-none-eabi/12.3.1/../../../../arm-none-eabi/lib/thumb/v7e-m+fp/hard\libc_nano.a(libc_a-stdio.o) (_close_r)
C:/ST/STM32CubeIDE_1.14.1/STM32CubeIDE/plugins/com.st.stm32cube.ide.mcu.externaltools.gnu-tools-for-stm32.12.3.rel1.win32_1.0.200.202406191623/tools/bin/../lib/gcc/arm-none-eabi/12.3.1/../../../../arm-none-eabi/lib/thumb/v7e-m+fp/hard\libc_nano.a(libc_a-reent.o)
                              C:/ST/STM32CubeIDE_1.14.1/STM32CubeIDE/plugins/com.st.stm32cube.ide.mcu.externaltools.gnu-tools-for-stm32.12.3.rel1.win32_1.0.200.202406191623/tools/bin/../lib/gcc/arm-none-eabi/12.3.1/../../../../arm-none-eabi/lib/thumb/v7e-m+fp/hard\libc_nano.a(libc_a-closer.o) (errno)
C:/ST/STM32CubeIDE_1.14.1/STM32CubeIDE/plugins/com.st.stm32cube.ide.mcu.externaltools.gnu-tools-for-stm32.12.3.rel1.win32_1.0.200.202406191623/tools/bin/../lib/gcc/arm-none-eabi/12.3.1/../../../../arm-none-eabi/lib/thumb/v7e-m+fp/hard\libc_nano.a(libc_a-impure.o)
                              C:/ST/STM32CubeIDE_1.14.1/STM32CubeIDE/plugins/com.st.stm32cube.ide.mcu.externaltools.gnu-tools-for-stm32.12.3.rel1.win32_1.0.200.202406191623/tools/bin/../lib/gcc/arm-none-eabi/12.3.1/../../../../arm-none-eabi/lib/thumb/v7e-m+fp/hard\libc_nano.a(libc_a-reent.o) (_impure_ptr)
C:/ST/STM32CubeIDE_1.14.1/STM32CubeIDE/plugins/com.st.stm32cube.ide.mcu.externaltools.gnu-tools-for-stm32.12.3.rel1.win32_1.0.200.202406191623/tools/bin/../lib/gcc/arm-none-eabi/12.3.1/../../../../arm-none-eabi/lib/thumb/v7e-m+fp/hard\libc_nano.a(libc_a-lseekr.o)
[...]
Memory Configuration

Name             Origin             Length             Attributes
RAM              0x20000000         0x00050000         xrw
FLASH            0x08000000         0x00100000         xr
*default*        0x00000000         0xffffffff

Linker script and memory map

LOAD C:/ST/STM32CubeIDE_1.14.1/STM32CubeIDE/plugins/com.st.stm32cube.ide.mcu.externaltools.gnu-tools-for-stm32.12.3.rel1.win32_1.0.200.202406191623/tools/bin/../lib/gcc/arm-none-eabi/12.3.1/thumb/v7e-m+fp/hard/crti.o
LOAD C:/ST/STM32CubeIDE_1.14.1/STM32CubeIDE/plugins/com.st.stm32cube.ide.mcu.externaltools.gnu-tools-for-stm32.12.3.rel1.win32_1.0.200.202406191623/tools/bin/../lib/gcc/arm-none-eabi/12.3.1/thumb/v7e-m+fp/hard/crtbegin.o
LOAD C:/ST/STM32CubeIDE_1.14.1/STM32CubeIDE/plugins/com.st.stm32cube.ide.mcu.externaltools.gnu-tools-for-stm32.12.3.rel1.win32_1.0.200.202406191623/tools/bin/../lib/gcc/arm-none-eabi/12.3.1/../../../../arm-none-eabi/lib/thumb/v7e-m+fp/hard/crt0.o
LOAD ./Core/Src/main.o
LOAD ./Core/Src/stm32f7xx_hal_msp.o
LOAD ./Core/Src/stm32f7xx_it.o
LOAD ./Core/Src/syscalls.o
LOAD ./Core/Src/sysmem.o
LOAD ./Core/Src/system_stm32f7xx.o
LOAD ./Core/Startup/startup_stm32f746nghx.o
LOAD ./Drivers/BSP/Components/wm8994/wm8994.o
LOAD ./Drivers/BSP/Src/stm32746g_discovery.o
LOAD ./Drivers/BSP/Src/stm32746g_discovery_audio.o
LOAD ./Drivers/STM32F7xx_HAL_Driver/Src/stm32f7xx_hal.o
LOAD ./Drivers/STM32F7xx_HAL_Driver/Src/stm32f7xx_hal_cortex.o
LOAD ./Drivers/STM32F7xx_HAL_Driver/Src/stm32f7xx_hal_dma.o
LOAD ./Drivers/STM32F7xx_HAL_Driver/Src/stm32f7xx_hal_dma_ex.o
LOAD ./Drivers/STM32F7xx_HAL_Driver/Src/stm32f7xx_hal_exti.o
LOAD ./Drivers/STM32F7xx_HAL_Driver/Src/stm32f7xx_hal_flash.o
LOAD ./Drivers/STM32F7xx_HAL_Driver/Src/stm32f7xx_hal_flash_ex.o
LOAD ./Drivers/STM32F7xx_HAL_Driver/Src/stm32f7xx_hal_gpio.o
LOAD ./Drivers/STM32F7xx_HAL_Driver/Src/stm32f7xx_hal_i2c.o
LOAD ./Drivers/STM32F7xx_HAL_Driver/Src/stm32f7xx_hal_i2c_ex.o
LOAD ./Drivers/STM32F7xx_HAL_Driver/Src/stm32f7xx_hal_i2s.o
LOAD ./Drivers/STM32F7xx_HAL_Driver/Src/stm32f7xx_hal_pwr.o
LOAD ./Drivers/STM32F7xx_HAL_Driver/Src/stm32f7xx_hal_pwr_ex.o
LOAD ./Drivers/STM32F7xx_HAL_Driver/Src/stm32f7xx_hal_rcc.o
LOAD ./Drivers/STM32F7xx_HAL_Driver/Src/stm32f7xx_hal_rcc_ex.o
LOAD ./Drivers/STM32F7xx_HAL_Driver/Src/stm32f7xx_hal_sai.o
LOAD ./Drivers/STM32F7xx_HAL_Driver/Src/stm32f7xx_hal_sai_ex.o
LOAD ./Drivers/STM32F7xx_HAL_Driver/Src/stm32f7xx_hal_spi.o
LOAD ./Drivers/STM32F7xx_HAL_Driver/Src/stm32f7xx_hal_spi_ex.o
LOAD ./Drivers/STM32F7xx_HAL_Driver/Src/stm32f7xx_hal_tim.o
LOAD ./Drivers/STM32F7xx_HAL_Driver/Src/stm32f7xx_hal_tim_ex.o
LOAD ./Drivers/STM32F7xx_HAL_Driver/Src/stm32f7xx_hal_uart.o
LOAD ./Drivers/STM32F7xx_HAL_Driver/Src/stm32f7xx_hal_uart_ex.o
LOAD ./Drivers/stm32f7xx_hal_uart.o
START GROUP
LOAD C:/ST/STM32CubeIDE_1.14.1/STM32CubeIDE/plugins/com.st.stm32cube.ide.mcu.externaltools.gnu-tools-for-stm32.12.3.rel1.win32_1.0.200.202406191623/tools/bin/../lib/gcc/arm-none-eabi/12.3.1/../../../../arm-none-eabi/lib/thumb/v7e-m+fp/hard\libc_nano.a
LOAD C:/ST/STM32CubeIDE_1.14.1/STM32CubeIDE/plugins/com.st.stm32cube.ide.mcu.externaltools.gnu-tools-for-stm32.12.3.rel1.win32_1.0.200.202406191623/tools/bin/../lib/gcc/arm-none-eabi/12.3.1/../../../../arm-none-eabi/lib/thumb/v7e-m+fp/hard\libm.a
END GROUP
START GROUP
LOAD C:/ST/STM32CubeIDE_1.14.1/STM32CubeIDE/plugins/com.st.stm32cube.ide.mcu.externaltools.gnu-tools-for-stm32.12.3.rel1.win32_1.0.200.202406191623/tools/bin/../lib/gcc/arm-none-eabi/12.3.1/thumb/v7e-m+fp/hard\libgcc.a
LOAD C:/ST/STM32CubeIDE_1.14.1/STM32CubeIDE/plugins/com.st.stm32cube.ide.mcu.externaltools.gnu-tools-for-stm32.12.3.rel1.win32_1.0.200.202406191623/tools/bin/../lib/gcc/arm-none-eabi/12.3.1/../../../../arm-none-eabi/lib/thumb/v7e-m+fp/hard\libc_nano.a
END GROUP
START GROUP
LOAD C:/ST/STM32CubeIDE_1.14.1/STM32CubeIDE/plugins/com.st.stm32cube.ide.mcu.externaltools.gnu-tools-for-stm32.12.3.rel1.win32_1.0.200.202406191623/tools/bin/../lib/gcc/arm-none-eabi/12.3.1/thumb/v7e-m+fp/hard\libgcc.a
LOAD C:/ST/STM32CubeIDE_1.14.1/STM32CubeIDE/plugins/com.st.stm32cube.ide.mcu.externaltools.gnu-tools-for-stm32.12.3.rel1.win32_1.0.200.202406191623/tools/bin/../lib/gcc/arm-none-eabi/12.3.1/../../../../arm-none-eabi/lib/thumb/v7e-m+fp/hard\libc_nano.a
LOAD C:/ST/STM32CubeIDE_1.14.1/STM32CubeIDE/plugins/com.st.stm32cube.ide.mcu.externaltools.gnu-tools-for-stm32.12.3.rel1.win32_1.0.200.202406191623/tools/bin/../lib/gcc/arm-none-eabi/12.3.1/../../../../arm-none-eabi/lib/thumb/v7e-m+fp/hard\libnosys.a
END GROUP
START GROUP
LOAD C:/ST/STM32CubeIDE_1.14.1/STM32CubeIDE/plugins/com.st.stm32cube.ide.mcu.externaltools.gnu-tools-for-stm32.12.3.rel1.win32_1.0.200.202406191623/tools/bin/../lib/gcc/arm-none-eabi/12.3.1/thumb/v7e-m+fp/hard\libgcc.a
LOAD C:/ST/STM32CubeIDE_1.14.1/STM32CubeIDE/plugins/com.st.stm32cube.ide.mcu.externaltools.gnu-tools-for-stm32.12.3.rel1.win32_1.0.200.202406191623/tools/bin/../lib/gcc/arm-none-eabi/12.3.1/../../../../arm-none-eabi/lib/thumb/v7e-m+fp/hard\libc_nano.a
LOAD C:/ST/STM32CubeIDE_1.14.1/STM32CubeIDE/plugins/com.st.stm32cube.ide.mcu.externaltools.gnu-tools-for-stm32.12.3.rel1.win32_1.0.200.202406191623/tools/bin/../lib/gcc/arm-none-eabi/12.3.1/../../../../arm-none-eabi/lib/thumb/v7e-m+fp/hard\libnosys.a
END GROUP
LOAD C:/ST/STM32CubeIDE_1.14.1/STM32CubeIDE/plugins/com.st.stm32cube.ide.mcu.externaltools.gnu-tools-for-stm32.12.3.rel1.win32_1.0.200.202406191623/tools/bin/../lib/gcc/arm-none-eabi/12.3.1/thumb/v7e-m+fp/hard/crtend.o
LOAD C:/ST/STM32CubeIDE_1.14.1/STM32CubeIDE/plugins/com.st.stm32cube.ide.mcu.externaltools.gnu-tools-for-stm32.12.3.rel1.win32_1.0.200.202406191623/tools/bin/../lib/gcc/arm-none-eabi/12.3.1/thumb/v7e-m+fp/hard/crtn.o
                0x20050000                        _estack = (ORIGIN (RAM) + LENGTH (RAM))
                0x00000200                        _Min_Heap_Size = 0x200
                0x00000400                        _Min_Stack_Size = 0x400

.isr_vector     0x08000000      0x1c8
                0x08000000                        . = ALIGN (0x4)
 *(.isr_vector)
 .isr_vector    0x08000000      0x1c8 ./Core/Startup/startup_stm32f746nghx.o
                0x08000000                g_pfnVectors
                0x080001c8                        . = ALIGN (0x4)

.text           0x080001c8     0x4464
                0x080001c8                        . = ALIGN (0x4)
 *(.text)
 .text          0x080001c8       0x40 C:/ST/STM32CubeIDE_1.14.1/STM32CubeIDE/plugins/com.st.stm32cube.ide.mcu.externaltools.gnu-tools-for-stm32.12.3.rel1.win32_1.0.200.202406191623/tools/bin/../lib/gcc/arm-none-eabi/12.3.1/thumb/v7e-m+fp/hard/crtbegin.o
 .text          0x08000208       0x30 C:/ST/STM32CubeIDE_1.14.1/STM32CubeIDE/plugins/com.st.stm32cube.ide.mcu.externaltools.gnu-tools-for-stm32.12.3.rel1.win32_1.0.200.202406191623/tools/bin/../lib/gcc/arm-none-eabi/12.3.1/thumb/v7e-m+fp/hard\libgcc.a(_aeabi_uldivmod.o)
                0x08000208                __aeabi_uldivmod
 .text          0x08000238      0x2bc C:/ST/STM32CubeIDE_1.14.1/STM32CubeIDE/plugins/com.st.stm32cube.ide.mcu.externaltools.gnu-tools-for-stm32.12.3.rel1.win32_1.0.200.202406191623/tools/bin/../lib/gcc/arm-none-eabi/12.3.1/thumb/v7e-m+fp/hard\libgcc.a(_udivmoddi4.o)
                0x08000238                __udivmoddi4
 .text          0x080004f4        0x4 C:/ST/STM32CubeIDE_1.14.1/STM32CubeIDE/plugins/com.st.stm32cube.ide.mcu.externaltools.gnu-tools-for-stm32.12.3.rel1.win32_1.0.200.202406191623/tools/bin/../lib/gcc/arm-none-eabi/12.3.1/thumb/v7e-m+fp/hard\libgcc.a(_dvmd_tls.o)
                0x080004f4                __aeabi_idiv0
                0x080004f4                __aeabi_ldiv0
 *(.text*)
 .text.processData
                0x080004f8      0x15c ./Core/Src/main.o
                0x080004f8                processData
 .text.main     0x08000654       0x40 ./Core/Src/main.o
                0x08000654                main
 .text.SystemClock_Config
                0x08000694       0xdc ./Core/Src/main.o
                0x08000694                SystemClock_Config
 .text.PeriphCommonClock_Config
                0x08000770       0x68 ./Core/Src/main.o
                0x08000770                PeriphCommonClock_Config
 .text.MX_I2C2_Init
                0x080007d8       0x80 ./Core/Src/main.o
 .text.MX_I2S1_Init
                0x08000858       0x54 ./Core/Src/main.o
 .text.MX_I2S3_Init
                0x080008ac       0x58 ./Core/Src/main.o
 .text.MX_SAI2_Init
                0x08000904       0xd0 ./Core/Src/main.o
 .text.MX_SPI2_Init
                0x080009d4       0x7c ./Core/Src/main.o
 .text.MX_DMA_Init
                0x08000a50       0x64 ./Core/Src/main.o
 .text.MX_GPIO_Init
                0x08000ab4      0x83c ./Core/Src/main.o
 .text.Error_Handler
                0x080012f0        0xc ./Core/Src/main.o
                0x080012f0                Error_Handler
 .text.HAL_MspInit
                0x080012fc       0x48 ./Core/Src/stm32f7xx_hal_msp.o
                0x080012fc                HAL_MspInit
 .text.HAL_I2C_MspInit
                0x08001344      0x104 ./Core/Src/stm32f7xx_hal_msp.o
                0x08001344                HAL_I2C_MspInit
 .text.HAL_I2S_MspInit
                0x08001448      0x234 ./Core/Src/stm32f7xx_hal_msp.o
                0x08001448                HAL_I2S_MspInit
 .text.HAL_SPI_MspInit
                0x0800167c       0xc4 ./Core/Src/stm32f7xx_hal_msp.o
                0x0800167c                HAL_SPI_MspInit
 .text.HAL_SAI_MspInit
                0x08001740      0x140 ./Core/Src/stm32f7xx_hal_msp.o
                0x08001740                HAL_SAI_MspInit
 .text.NMI_Handler
                0x08001880        0x8 ./Core/Src/stm32f7xx_it.o
                0x08001880                NMI_Handler
 .text.HardFault_Handler
                0x08001888        0x8 ./Core/Src/stm32f7xx_it.o
                0x08001888                HardFault_Handler
 .text.MemManage_Handler
                0x08001890        0x8 ./Core/Src/stm32f7xx_it.o
                0x08001890                MemManage_Handler
 .text.BusFault_Handler
                0x08001898        0x8 ./Core/Src/stm32f7xx_it.o
                0x08001898                BusFault_Handler
 .text.UsageFault_Handler
                0x080018a0        0x8 ./Core/Src/stm32f7xx_it.o
                0x080018a0                UsageFault_Handler
 .text.SVC_Handler
                0x080018a8        0xe ./Core/Src/stm32f7xx_it.o
                0x080018a8                SVC_Handler
 .text.DebugMon_Handler
                0x080018b6        0xe ./Core/Src/stm32f7xx_it.o
                0x080018b6                DebugMon_Handler
 .text.PendSV_Handler
                0x080018c4        0xe ./Core/Src/stm32f7xx_it.o
                0x080018c4                PendSV_Handler
 .text.SysTick_Handler
                0x080018d2        0xc ./Core/Src/stm32f7xx_it.o
                0x080018d2                SysTick_Handler
 *fill*         0x080018de        0x2 
 .text.DMA1_Stream5_IRQHandler
                0x080018e0       0x14 ./Core/Src/stm32f7xx_it.o
                0x080018e0                DMA1_Stream5_IRQHandler
 .text.DMA2_Stream0_IRQHandler
                0x080018f4       0x14 ./Core/Src/stm32f7xx_it.o
                0x080018f4                DMA2_Stream0_IRQHandler
 .text.SystemInit
                0x08001908       0x24 ./Core/Src/system_stm32f7xx.o
                0x08001908                SystemInit
 .text.Reset_Handler
                0x0800192c       0x50 ./Core/Startup/startup_stm32f746nghx.o
                0x0800192c                Reset_Handler
 .text.Default_Handler
                0x0800197c        0x2 ./Core/Startup/startup_stm32f746nghx.o
                0x0800197c                RTC_Alarm_IRQHandler
                0x0800197c                EXTI2_IRQHandler
                0x0800197c                TIM8_CC_IRQHandler
                0x0800197c                UART8_IRQHandler
                0x0800197c                SPI4_IRQHandler
                0x0800197c                TIM1_CC_IRQHandler
                0x0800197c                DMA2_Stream5_IRQHandler
                0x0800197c                PVD_IRQHandler
                0x0800197c                TAMP_STAMP_IRQHandler
                0x0800197c                CAN2_RX1_IRQHandler
                0x0800197c                EXTI3_IRQHandler
                0x0800197c                TIM8_TRG_COM_TIM14_IRQHandler
                0x0800197c                TIM1_UP_TIM10_IRQHandler
                0x0800197c                TIM8_UP_TIM13_IRQHandler
                0x0800197c                I2C3_ER_IRQHandler
                0x0800197c                EXTI0_IRQHandler
                0x0800197c                I2C2_EV_IRQHandler
                0x0800197c                DMA1_Stream2_IRQHandler
                0x0800197c                CAN1_RX0_IRQHandler
                0x0800197c                FPU_IRQHandler
                0x0800197c                OTG_HS_WKUP_IRQHandler
                0x0800197c                LTDC_ER_IRQHandler
                0x0800197c                CAN2_SCE_IRQHandler
                0x0800197c                DMA2_Stream2_IRQHandler
                0x0800197c                SPI1_IRQHandler
                0x0800197c                TIM6_DAC_IRQHandler
                0x0800197c                TIM1_BRK_TIM9_IRQHandler
                0x0800197c                DCMI_IRQHandler
                0x0800197c                CAN2_RX0_IRQHandler
                0x0800197c                DMA2_Stream3_IRQHandler
                0x0800197c                SAI2_IRQHandler
                0x0800197c                USART6_IRQHandler
                0x0800197c                USART3_IRQHandler
                0x0800197c                CAN1_RX1_IRQHandler
                0x0800197c                UART5_IRQHandler
                0x0800197c                TIM4_IRQHandler
                0x0800197c                QUADSPI_IRQHandler
                0x0800197c                I2C1_EV_IRQHandler
                0x0800197c                DMA1_Stream6_IRQHandler
                0x0800197c                DMA1_Stream1_IRQHandler
                0x0800197c                UART4_IRQHandler
                0x0800197c                TIM3_IRQHandler
                0x0800197c                RCC_IRQHandler
                0x0800197c                TIM8_BRK_TIM12_IRQHandler
                0x0800197c                Default_Handler
                0x0800197c                CEC_IRQHandler
                0x0800197c                EXTI15_10_IRQHandler
                0x0800197c                ADC_IRQHandler
                0x0800197c                DMA1_Stream7_IRQHandler
                0x0800197c                SPI5_IRQHandler
                0x0800197c                TIM7_IRQHandler
                0x0800197c                SDMMC1_IRQHandler
                0x0800197c                CAN2_TX_IRQHandler
                0x0800197c                TIM5_IRQHandler
                0x0800197c                DMA2_Stream7_IRQHandler
                0x0800197c                I2C3_EV_IRQHandler
                0x0800197c                EXTI9_5_IRQHandler
                0x0800197c                RTC_WKUP_IRQHandler
                0x0800197c                LTDC_IRQHandler
                0x0800197c                ETH_WKUP_IRQHandler
                0x0800197c                SPDIF_RX_IRQHandler
                0x0800197c                SPI2_IRQHandler
                0x0800197c                OTG_HS_EP1_IN_IRQHandler
                0x0800197c                DMA1_Stream0_IRQHandler
                0x0800197c                CAN1_TX_IRQHandler
                0x0800197c                EXTI4_IRQHandler
                0x0800197c                RNG_IRQHandler
                0x0800197c                ETH_IRQHandler
                0x0800197c                OTG_HS_EP1_OUT_IRQHandler
                0x0800197c                WWDG_IRQHandler
                0x0800197c                SPI6_IRQHandler
                0x0800197c                I2C4_EV_IRQHandler
                0x0800197c                TIM2_IRQHandler
                0x0800197c                OTG_FS_WKUP_IRQHandler
                0x0800197c                TIM1_TRG_COM_TIM11_IRQHandler
                0x0800197c                OTG_HS_IRQHandler
                0x0800197c                DMA2D_IRQHandler
                0x0800197c                EXTI1_IRQHandler
                0x0800197c                UART7_IRQHandler
                0x0800197c                USART2_IRQHandler
                0x0800197c                I2C2_ER_IRQHandler
                0x0800197c                DMA2_Stream1_IRQHandler
                0x0800197c                CAN1_SCE_IRQHandler
                0x0800197c                FLASH_IRQHandler
                0x0800197c                DMA2_Stream4_IRQHandler
                0x0800197c                USART1_IRQHandler
                0x0800197c                OTG_FS_IRQHandler
                0x0800197c                SPI3_IRQHandler
                0x0800197c                DMA1_Stream4_IRQHandler
                0x0800197c                I2C1_ER_IRQHandler
                0x0800197c                FMC_IRQHandler
                0x0800197c                LPTIM1_IRQHandler
                0x0800197c                I2C4_ER_IRQHandler
                0x0800197c                DMA2_Stream6_IRQHandler
                0x0800197c                SAI1_IRQHandler
                0x0800197c                DMA1_Stream3_IRQHandler
 .text.HAL_Init
                0x0800197e       0x1a ./Drivers/STM32F7xx_HAL_Driver/Src/stm32f7xx_hal.o
                0x0800197e                HAL_Init
 .text.HAL_InitTick
                0x08001998       0x60 ./Drivers/STM32F7xx_HAL_Driver/Src/stm32f7xx_hal.o
                0x08001998                HAL_InitTick
 .text.HAL_IncTick
                0x080019f8       0x28 ./Drivers/STM32F7xx_HAL_Driver/Src/stm32f7xx_hal.o
                0x080019f8                HAL_IncTick
 .text.HAL_GetTick
                0x08001a20       0x18 ./Drivers/STM32F7xx_HAL_Driver/Src/stm32f7xx_hal.o
                0x08001a20                HAL_GetTick
 .text.__NVIC_SetPriorityGrouping
                0x08001a38       0x48 ./Drivers/STM32F7xx_HAL_Driver/Src/stm32f7xx_hal_cortex.o
 .text.__NVIC_GetPriorityGrouping
                0x08001a80       0x1c ./Drivers/STM32F7xx_HAL_Driver/Src/stm32f7xx_hal_cortex.o
 .text.__NVIC_EnableIRQ
                0x08001a9c       0x3c ./Drivers/STM32F7xx_HAL_Driver/Src/stm32f7xx_hal_cortex.o
 .text.__NVIC_SetPriority
                0x08001ad8       0x54 ./Drivers/STM32F7xx_HAL_Driver/Src/stm32f7xx_hal_cortex.o
 .text.NVIC_EncodePriority
                0x08001b2c       0x66 ./Drivers/STM32F7xx_HAL_Driver/Src/stm32f7xx_hal_cortex.o
 *fill*         0x08001b92        0x2 
 .text.SysTick_Config
                0x08001b94       0x44 ./Drivers/STM32F7xx_HAL_Driver/Src/stm32f7xx_hal_cortex.o
 .text.HAL_NVIC_SetPriorityGrouping
                0x08001bd8       0x16 ./Drivers/STM32F7xx_HAL_Driver/Src/stm32f7xx_hal_cortex.o
                0x08001bd8                HAL_NVIC_SetPriorityGrouping
 .text.HAL_NVIC_SetPriority
                0x08001bee       0x38 ./Drivers/STM32F7xx_HAL_Driver/Src/stm32f7xx_hal_cortex.o
                0x08001bee                HAL_NVIC_SetPriority
 .text.HAL_NVIC_EnableIRQ
                0x08001c26       0x1c ./Drivers/STM32F7xx_HAL_Driver/Src/stm32f7xx_hal_cortex.o
                0x08001c26                HAL_NVIC_EnableIRQ
 .text.HAL_SYSTICK_Config
                0x08001c42       0x18 ./Drivers/STM32F7xx_HAL_Driver/Src/stm32f7xx_hal_cortex.o
                0x08001c42                HAL_SYSTICK_Config
 *fill*         0x08001c5a        0x2 
 .text.HAL_DMA_Init
                0x08001c5c      0x15c ./Drivers/STM32F7xx_HAL_Driver/Src/stm32f7xx_hal_dma.o
                0x08001c5c                HAL_DMA_Init
 .text.HAL_DMA_IRQHandler
                0x08001db8      0x314 ./Drivers/STM32F7xx_HAL_Driver/Src/stm32f7xx_hal_dma.o
                0x08001db8                HAL_DMA_IRQHandler
 .text.DMA_CalcBaseAndBitshift
                0x080020cc       0x6c ./Drivers/STM32F7xx_HAL_Driver/Src/stm32f7xx_hal_dma.o
 .text.DMA_CheckFifoParam
                0x08002138       0xf8 ./Drivers/STM32F7xx_HAL_Driver/Src/stm32f7xx_hal_dma.o
 .text.HAL_GPIO_Init
                0x08002230      0x358 ./Drivers/STM32F7xx_HAL_Driver/Src/stm32f7xx_hal_gpio.o
                0x08002230                HAL_GPIO_Init
 .text.HAL_GPIO_WritePin
                0x08002588       0x32 ./Drivers/STM32F7xx_HAL_Driver/Src/stm32f7xx_hal_gpio.o
                0x08002588                HAL_GPIO_WritePin
 *fill*         0x080025ba        0x2 
 .text.HAL_I2C_Init
                0x080025bc      0x138 ./Drivers/STM32F7xx_HAL_Driver/Src/stm32f7xx_hal_i2c.o
                0x080025bc                HAL_I2C_Init
 .text.HAL_I2CEx_ConfigAnalogFilter
                0x080026f4       0x96 ./Drivers/STM32F7xx_HAL_Driver/Src/stm32f7xx_hal_i2c_ex.o
                0x080026f4                HAL_I2CEx_ConfigAnalogFilter
 .text.HAL_I2CEx_ConfigDigitalFilter
                0x0800278a       0x98 ./Drivers/STM32F7xx_HAL_Driver/Src/stm32f7xx_hal_i2c_ex.o
                0x0800278a                HAL_I2CEx_ConfigDigitalFilter
 *fill*         0x08002822        0x2 
 .text.HAL_I2S_Init
                0x08002824      0x1cc ./Drivers/STM32F7xx_HAL_Driver/Src/stm32f7xx_hal_i2s.o
                0x08002824                HAL_I2S_Init
 .text.I2S_GetClockFreq
                0x080029f0       0x98 ./Drivers/STM32F7xx_HAL_Driver/Src/stm32f7xx_hal_i2s.o
 .text.HAL_PWREx_EnableOverDrive
                0x08002a88       0xa0 ./Drivers/STM32F7xx_HAL_Driver/Src/stm32f7xx_hal_pwr_ex.o
                0x08002a88                HAL_PWREx_EnableOverDrive
 .text.HAL_RCC_OscConfig
                0x08002b28      0x548 ./Drivers/STM32F7xx_HAL_Driver/Src/stm32f7xx_hal_rcc.o
                0x08002b28                HAL_RCC_OscConfig
 .text.HAL_RCC_ClockConfig
                0x08003070      0x1d8 ./Drivers/STM32F7xx_HAL_Driver/Src/stm32f7xx_hal_rcc.o
                0x08003070                HAL_RCC_ClockConfig
 .text.HAL_RCC_GetSysClockFreq
                0x08003248      0x18c ./Drivers/STM32F7xx_HAL_Driver/Src/stm32f7xx_hal_rcc.o
                0x08003248                HAL_RCC_GetSysClockFreq
 .text.HAL_RCCEx_PeriphCLKConfig
                0x080033d4      0x7e0 ./Drivers/STM32F7xx_HAL_Driver/Src/stm32f7xx_hal_rcc_ex.o
                0x080033d4                HAL_RCCEx_PeriphCLKConfig
 .text.HAL_RCCEx_GetPeriphCLKFreq
                0x08003bb4      0x280 ./Drivers/STM32F7xx_HAL_Driver/Src/stm32f7xx_hal_rcc_ex.o
                0x08003bb4                HAL_RCCEx_GetPeriphCLKFreq
 .text.HAL_SAI_InitProtocol
                0x08003e34       0x66 ./Drivers/STM32F7xx_HAL_Driver/Src/stm32f7xx_hal_sai.o
                0x08003e34                HAL_SAI_InitProtocol
 *fill*         0x08003e9a        0x2 
 .text.HAL_SAI_Init
                0x08003e9c      0x2fc ./Drivers/STM32F7xx_HAL_Driver/Src/stm32f7xx_hal_sai.o
                0x08003e9c                HAL_SAI_Init
 .text.SAI_InitI2S
                0x08004198      0x15c ./Drivers/STM32F7xx_HAL_Driver/Src/stm32f7xx_hal_sai.o
 .text.SAI_InitPCM
                0x080042f4      0x100 ./Drivers/STM32F7xx_HAL_Driver/Src/stm32f7xx_hal_sai.o
 .text.SAI_Disable
                0x080043f4       0x70 ./Drivers/STM32F7xx_HAL_Driver/Src/stm32f7xx_hal_sai.o
 .text.HAL_SPI_Init
                0x08004464      0x156 ./Drivers/STM32F7xx_HAL_Driver/Src/stm32f7xx_hal_spi.o
                0x08004464                HAL_SPI_Init
 .text.memset   0x080045ba       0x10 C:/ST/STM32CubeIDE_1.14.1/STM32CubeIDE/plugins/com.st.stm32cube.ide.mcu.externaltools.gnu-tools-for-stm32.12.3.rel1.win32_1.0.200.202406191623/tools/bin/../lib/gcc/arm-none-eabi/12.3.1/../../../../arm-none-eabi/lib/thumb/v7e-m+fp/hard\libc_nano.a(libc_a-memset.o)
                0x080045ba                memset
 *fill*         0x080045ca        0x2 
 .text.__libc_init_array
                0x080045cc       0x48 C:/ST/STM32CubeIDE_1.14.1/STM32CubeIDE/plugins/com.st.stm32cube.ide.mcu.externaltools.gnu-tools-for-stm32.12.3.rel1.win32_1.0.200.202406191623/tools/bin/../lib/gcc/arm-none-eabi/12.3.1/../../../../arm-none-eabi/lib/thumb/v7e-m+fp/hard\libc_nano.a(libc_a-init.o)
                0x080045cc                __libc_init_array
 *(.glue_7)
 .glue_7        0x08004614        0x0 linker stubs
 *(.glue_7t)
 .glue_7t       0x08004614        0x0 linker stubs
 *(.eh_frame)
 .eh_frame      0x08004614        0x0 C:/ST/STM32CubeIDE_1.14.1/STM32CubeIDE/plugins/com.st.stm32cube.ide.mcu.externaltools.gnu-tools-for-stm32.12.3.rel1.win32_1.0.200.202406191623/tools/bin/../lib/gcc/arm-none-eabi/12.3.1/thumb/v7e-m+fp/hard/crtbegin.o
 *(.init)
 .init          0x08004614        0x4 C:/ST/STM32CubeIDE_1.14.1/STM32CubeIDE/plugins/com.st.stm32cube.ide.mcu.externaltools.gnu-tools-for-stm32.12.3.rel1.win32_1.0.200.202406191623/tools/bin/../lib/gcc/arm-none-eabi/12.3.1/thumb/v7e-m+fp/hard/crti.o
                0x08004614                _init
 .init          0x08004618        0x8 C:/ST/STM32CubeIDE_1.14.1/STM32CubeIDE/plugins/com.st.stm32cube.ide.mcu.externaltools.gnu-tools-for-stm32.12.3.rel1.win32_1.0.200.202406191623/tools/bin/../lib/gcc/arm-none-eabi/12.3.1/thumb/v7e-m+fp/hard/crtn.o
 *(.fini)
 .fini          0x08004620        0x4 C:/ST/STM32CubeIDE_1.14.1/STM32CubeIDE/plugins/com.st.stm32cube.ide.mcu.externaltools.gnu-tools-for-stm32.12.3.rel1.win32_1.0.200.202406191623/tools/bin/../lib/gcc/arm-none-eabi/12.3.1/thumb/v7e-m+fp/hard/crti.o
                0x08004620                _fini
 .fini          0x08004624        0x8 C:/ST/STM32CubeIDE_1.14.1/STM32CubeIDE/plugins/com.st.stm32cube.ide.mcu.externaltools.gnu-tools-for-stm32.12.3.rel1.win32_1.0.200.202406191623/tools/bin/../lib/gcc/arm-none-eabi/12.3.1/thumb/v7e-m+fp/hard/crtn.o
                0x0800462c                        . = ALIGN (0x4)
                0x0800462c                        _etext = .

.vfp11_veneer   0x0800462c        0x0
 .vfp11_veneer  0x0800462c        0x0 linker stubs

.v4_bx          0x0800462c        0x0
 .v4_bx         0x0800462c        0x0 linker stubs

.iplt           0x0800462c        0x0
 .iplt          0x0800462c        0x0 C:/ST/STM32CubeIDE_1.14.1/STM32CubeIDE/plugins/com.st.stm32cube.ide.mcu.externaltools.gnu-tools-for-stm32.12.3.rel1.win32_1.0.200.202406191623/tools/bin/../lib/gcc/arm-none-eabi/12.3.1/thumb/v7e-m+fp/hard/crtbegin.o

.rodata         0x0800462c       0x18
                0x0800462c                        . = ALIGN (0x4)
 *(.rodata)
 *(.rodata*)
 .rodata.AHBPrescTable
                0x0800462c       0x10 ./Core/Src/system_stm32f7xx.o
                0x0800462c                AHBPrescTable
 .rodata.flagBitshiftOffset.0
                0x0800463c        0x8 ./Drivers/STM32F7xx_HAL_Driver/Src/stm32f7xx_hal_dma.o
                0x08004644                        . = ALIGN (0x4)

.ARM.extab      0x08004644        0x0
                0x08004644                        . = ALIGN (0x4)
 *(.ARM.extab* .gnu.linkonce.armextab.*)
                0x08004644                        . = ALIGN (0x4)

.ARM            0x08004644        0x8
                0x08004644                        . = ALIGN (0x4)
                0x08004644                        __exidx_start = .
 *(.ARM.exidx*)
 .ARM.exidx     0x08004644        0x8 C:/ST/STM32CubeIDE_1.14.1/STM32CubeIDE/plugins/com.st.stm32cube.ide.mcu.externaltools.gnu-tools-for-stm32.12.3.rel1.win32_1.0.200.202406191623/tools/bin/../lib/gcc/arm-none-eabi/12.3.1/thumb/v7e-m+fp/hard\libgcc.a(_udivmoddi4.o)
                0x0800464c                        __exidx_end = .
                0x0800464c                        . = ALIGN (0x4)

.preinit_array  0x0800464c        0x0
                0x0800464c                        . = ALIGN (0x4)
                0x0800464c                        PROVIDE (__preinit_array_start = .)
 *(.preinit_array*)
                0x0800464c                        PROVIDE (__preinit_array_end = .)
                0x0800464c                        . = ALIGN (0x4)

.init_array     0x0800464c        0x4
                0x0800464c                        . = ALIGN (0x4)
                0x0800464c                        PROVIDE (__init_array_start = .)
 *(SORT_BY_NAME(.init_array.*))
 *(.init_array*)
 .init_array    0x0800464c        0x4 C:/ST/STM32CubeIDE_1.14.1/STM32CubeIDE/plugins/com.st.stm32cube.ide.mcu.externaltools.gnu-tools-for-stm32.12.3.rel1.win32_1.0.200.202406191623/tools/bin/../lib/gcc/arm-none-eabi/12.3.1/thumb/v7e-m+fp/hard/crtbegin.o
                0x08004650                        PROVIDE (__init_array_end = .)
                0x08004650                        . = ALIGN (0x4)

.fini_array     0x08004650        0x4
                0x08004650                        . = ALIGN (0x4)
                [!provide]                        PROVIDE (__fini_array_start = .)
 *(SORT_BY_NAME(.fini_array.*))
 *(.fini_array*)
 .fini_array    0x08004650        0x4 C:/ST/STM32CubeIDE_1.14.1/STM32CubeIDE/plugins/com.st.stm32cube.ide.mcu.externaltools.gnu-tools-for-stm32.12.3.rel1.win32_1.0.200.202406191623/tools/bin/../lib/gcc/arm-none-eabi/12.3.1/thumb/v7e-m+fp/hard/crtbegin.o
                [!provide]                        PROVIDE (__fini_array_end = .)
                0x08004654                        . = ALIGN (0x4)
                0x08004654                        _sidata = LOADADDR (.data)

.rel.dyn        0x08004654        0x0
 .rel.iplt      0x08004654        0x0 C:/ST/STM32CubeIDE_1.14.1/STM32CubeIDE/plugins/com.st.stm32cube.ide.mcu.externaltools.gnu-tools-for-stm32.12.3.rel1.win32_1.0.200.202406191623/tools/bin/../lib/gcc/arm-none-eabi/12.3.1/thumb/v7e-m+fp/hard/crtbegin.o

.data           0x20000000       0x18 load address 0x08004654
                0x20000000                        . = ALIGN (0x4)
                0x20000000                        _sdata = .
 *(.data)
 *(.data*)
 .data.INT16_TO_FLOAT
                0x20000000        0x4 ./Core/Src/main.o
                0x20000000                INT16_TO_FLOAT
 .data.FLOAT_TO_INT16
                0x20000004        0x2 ./Core/Src/main.o
                0x20000004                FLOAT_TO_INT16
 *fill*         0x20000006        0x2 
 .data.outBufPtr
                0x20000008        0x4 ./Core/Src/main.o
 .data.SystemCoreClock
                0x2000000c        0x4 ./Core/Src/system_stm32f7xx.o
                0x2000000c                SystemCoreClock
 .data.uwTickPrio
                0x20000010        0x4 ./Drivers/STM32F7xx_HAL_Driver/Src/stm32f7xx_hal.o
                0x20000010                uwTickPrio
 .data.uwTickFreq
                0x20000014        0x1 ./Drivers/STM32F7xx_HAL_Driver/Src/stm32f7xx_hal.o
                0x20000014                uwTickFreq
 *(.RamFunc)
 *(.RamFunc*)
                0x20000018                        . = ALIGN (0x4)
 *fill*         0x20000015        0x3 
                0x20000018                        _edata = .

.igot.plt       0x20000018        0x0 load address 0x0800466c
 .igot.plt      0x20000018        0x0 C:/ST/STM32CubeIDE_1.14.1/STM32CubeIDE/plugins/com.st.stm32cube.ide.mcu.externaltools.gnu-tools-for-stm32.12.3.rel1.win32_1.0.200.202406191623/tools/bin/../lib/gcc/arm-none-eabi/12.3.1/thumb/v7e-m+fp/hard/crtbegin.o
                0x20000018                        . = ALIGN (0x4)

.bss            0x20000018      0x42c load address 0x0800466c
                0x20000018                        _sbss = .
                0x20000018                        __bss_start__ = _sbss
 *(.bss)
 .bss           0x20000018       0x1c C:/ST/STM32CubeIDE_1.14.1/STM32CubeIDE/plugins/com.st.stm32cube.ide.mcu.externaltools.gnu-tools-for-stm32.12.3.rel1.win32_1.0.200.202406191623/tools/bin/../lib/gcc/arm-none-eabi/12.3.1/thumb/v7e-m+fp/hard/crtbegin.o
 *(.bss*)
 .bss.hi2c2     0x20000034       0x54 ./Core/Src/main.o
                0x20000034                hi2c2
 .bss.hi2s1     0x20000088       0x40 ./Core/Src/main.o
                0x20000088                hi2s1
 .bss.hi2s3     0x200000c8       0x40 ./Core/Src/main.o
                0x200000c8                hi2s3
 .bss.hdma_spi1_rx
                0x20000108       0x60 ./Core/Src/main.o
                0x20000108                hdma_spi1_rx
 .bss.hdma_spi3_tx
                0x20000168       0x60 ./Core/Src/main.o
                0x20000168                hdma_spi3_tx
 .bss.hsai_BlockA2
                0x200001c8       0x84 ./Core/Src/main.o
                0x200001c8                hsai_BlockA2
 .bss.hsai_BlockB2
                0x2000024c       0x84 ./Core/Src/main.o
                0x2000024c                hsai_BlockB2
 .bss.hspi2     0x200002d0       0x64 ./Core/Src/main.o
                0x200002d0                hspi2
 .bss.dacData   0x20000334       0xf0 ./Core/Src/main.o
                0x20000334                dacData
 .bss.inBufPtr  0x20000424        0x4 ./Core/Src/main.o
 .bss.dataReadyFlag
                0x20000428        0x1 ./Core/Src/main.o
                0x20000428                dataReadyFlag
 *fill*         0x20000429        0x3 
 .bss.leftIn.3  0x2000042c        0x4 ./Core/Src/main.o
 .bss.leftOut.2
                0x20000430        0x4 ./Core/Src/main.o
 .bss.rightIn.1
                0x20000434        0x4 ./Core/Src/main.o
 .bss.rightOut.0
                0x20000438        0x4 ./Core/Src/main.o
 .bss.SAI2_client
                0x2000043c        0x4 ./Core/Src/stm32f7xx_hal_msp.o
 .bss.uwTick    0x20000440        0x4 ./Drivers/STM32F7xx_HAL_Driver/Src/stm32f7xx_hal.o
                0x20000440                uwTick
 *(COMMON)
                0x20000444                        . = ALIGN (0x4)
                0x20000444                        _ebss = .
                0x20000444                        __bss_end__ = _ebss

._user_heap_stack
                0x20000444      0x604 load address 0x0800466c
                0x20000448                        . = ALIGN (0x8)
 *fill*         0x20000444        0x4 
                [!provide]                        PROVIDE (end = .)
                0x20000448                        PROVIDE (_end = .)
                0x20000648                        . = (. + _Min_Heap_Size)
 *fill*         0x20000448      0x200 
                0x20000a48                        . = (. + _Min_Stack_Size)
 *fill*         0x20000648      0x400 
                0x20000a48                        . = ALIGN (0x8)

/DISCARD/
 libc.a(*)
 libm.a(*)
 libgcc.a(*)

.ARM.attributes
                0x00000000       0x30
 *(.ARM.attributes)
 .ARM.attributes
                0x00000000       0x22 C:/ST/STM32CubeIDE_1.14.1/STM32CubeIDE/plugins/com.st.stm32cube.ide.mcu.externaltools.gnu-tools-for-stm32.12.3.rel1.win32_1.0.200.202406191623/tools/bin/../lib/gcc/arm-none-eabi/12.3.1/thumb/v7e-m+fp/hard/crti.o
 .ARM.attributes
                0x00000022       0x34 C:/ST/STM32CubeIDE_1.14.1/STM32CubeIDE/plugins/com.st.stm32cube.ide.mcu.externaltools.gnu-tools-for-stm32.12.3.rel1.win32_1.0.200.202406191623/tools/bin/../lib/gcc/arm-none-eabi/12.3.1/thumb/v7e-m+fp/hard/crtbegin.o
 .ARM.attributes
                0x00000056       0x34 ./Core/Src/main.o
 .ARM.attributes
                0x0000008a       0x34 ./Core/Src/stm32f7xx_hal_msp.o
 .ARM.attributes
                0x000000be       0x34 ./Core/Src/stm32f7xx_it.o
 .ARM.attributes
                0x000000f2       0x34 ./Core/Src/system_stm32f7xx.o
 .ARM.attributes
                0x00000126       0x21 ./Core/Startup/startup_stm32f746nghx.o
 .ARM.attributes
                0x00000147       0x34 ./Drivers/STM32F7xx_HAL_Driver/Src/stm32f7xx_hal.o
 .ARM.attributes
                0x0000017b       0x34 ./Drivers/STM32F7xx_HAL_Driver/Src/stm32f7xx_hal_cortex.o
 .ARM.attributes
                0x000001af       0x34 ./Drivers/STM32F7xx_HAL_Driver/Src/stm32f7xx_hal_dma.o
 .ARM.attributes
                0x000001e3       0x34 ./Drivers/STM32F7xx_HAL_Driver/Src/stm32f7xx_hal_gpio.o
 .ARM.attributes
                0x00000217       0x34 ./Drivers/STM32F7xx_HAL_Driver/Src/stm32f7xx_hal_i2c.o
 .ARM.attributes
                0x0000024b       0x34 ./Drivers/STM32F7xx_HAL_Driver/Src/stm32f7xx_hal_i2c_ex.o
 .ARM.attributes
                0x0000027f       0x34 ./Drivers/STM32F7xx_HAL_Driver/Src/stm32f7xx_hal_i2s.o
 .ARM.attributes
                0x000002b3       0x34 ./Drivers/STM32F7xx_HAL_Driver/Src/stm32f7xx_hal_pwr_ex.o
 .ARM.attributes
                0x000002e7       0x34 ./Drivers/STM32F7xx_HAL_Driver/Src/stm32f7xx_hal_rcc.o
 .ARM.attributes
                0x0000031b       0x34 ./Drivers/STM32F7xx_HAL_Driver/Src/stm32f7xx_hal_rcc_ex.o
 .ARM.attributes
                0x0000034f       0x34 ./Drivers/STM32F7xx_HAL_Driver/Src/stm32f7xx_hal_sai.o
 .ARM.attributes
                0x00000383       0x34 ./Drivers/STM32F7xx_HAL_Driver/Src/stm32f7xx_hal_spi.o
 .ARM.attributes
                0x000003b7       0x34 C:/ST/STM32CubeIDE_1.14.1/STM32CubeIDE/plugins/com.st.stm32cube.ide.mcu.externaltools.gnu-tools-for-stm32.12.3.rel1.win32_1.0.200.202406191623/tools/bin/../lib/gcc/arm-none-eabi/12.3.1/../../../../arm-none-eabi/lib/thumb/v7e-m+fp/hard\libc_nano.a(libc_a-memset.o)
 .ARM.attributes
                0x000003eb       0x34 C:/ST/STM32CubeIDE_1.14.1/STM32CubeIDE/plugins/com.st.stm32cube.ide.mcu.externaltools.gnu-tools-for-stm32.12.3.rel1.win32_1.0.200.202406191623/tools/bin/../lib/gcc/arm-none-eabi/12.3.1/../../../../arm-none-eabi/lib/thumb/v7e-m+fp/hard\libc_nano.a(libc_a-init.o)
 .ARM.attributes
                0x0000041f       0x22 C:/ST/STM32CubeIDE_1.14.1/STM32CubeIDE/plugins/com.st.stm32cube.ide.mcu.externaltools.gnu-tools-for-stm32.12.3.rel1.win32_1.0.200.202406191623/tools/bin/../lib/gcc/arm-none-eabi/12.3.1/thumb/v7e-m+fp/hard\libgcc.a(_aeabi_uldivmod.o)
 .ARM.attributes
                0x00000441       0x34 C:/ST/STM32CubeIDE_1.14.1/STM32CubeIDE/plugins/com.st.stm32cube.ide.mcu.externaltools.gnu-tools-for-stm32.12.3.rel1.win32_1.0.200.202406191623/tools/bin/../lib/gcc/arm-none-eabi/12.3.1/thumb/v7e-m+fp/hard\libgcc.a(_udivmoddi4.o)
 .ARM.attributes
                0x00000475       0x22 C:/ST/STM32CubeIDE_1.14.1/STM32CubeIDE/plugins/com.st.stm32cube.ide.mcu.externaltools.gnu-tools-for-stm32.12.3.rel1.win32_1.0.200.202406191623/tools/bin/../lib/gcc/arm-none-eabi/12.3.1/thumb/v7e-m+fp/hard\libgcc.a(_dvmd_tls.o)
 .ARM.attributes
                0x00000497       0x22 C:/ST/STM32CubeIDE_1.14.1/STM32CubeIDE/plugins/com.st.stm32cube.ide.mcu.externaltools.gnu-tools-for-stm32.12.3.rel1.win32_1.0.200.202406191623/tools/bin/../lib/gcc/arm-none-eabi/12.3.1/thumb/v7e-m+fp/hard/crtn.o
OUTPUT(Guitar_Pedal.elf elf32-littlearm)
LOAD linker stubs
LOAD C:/ST/STM32CubeIDE_1.14.1/STM32CubeIDE/plugins/com.st.stm32cube.ide.mcu.externaltools.gnu-tools-for-stm32.12.3.rel1.win32_1.0.200.202406191623/tools/bin/../lib/gcc/arm-none-eabi/12.3.1/../../../../arm-none-eabi/lib/thumb/v7e-m+fp/hard\libc.a
LOAD C:/ST/STM32CubeIDE_1.14.1/STM32CubeIDE/plugins/com.st.stm32cube.ide.mcu.externaltools.gnu-tools-for-stm32.12.3.rel1.win32_1.0.200.202406191623/tools/bin/../lib/gcc/arm-none-eabi/12.3.1/../../../../arm-none-eabi/lib/thumb/v7e-m+fp/hard\libm.a
LOAD C:/ST/STM32CubeIDE_1.14.1/STM32CubeIDE/plugins/com.st.stm32cube.ide.mcu.externaltools.gnu-tools-for-stm32.12.3.rel1.win32_1.0.200.202406191623/tools/bin/../lib/gcc/arm-none-eabi/12.3.1/thumb/v7e-m+fp/hard\libgcc.a

.debug_info     0x00000000     0xdfaf
 .debug_info    0x00000000     0x1c5b ./Core/Src/main.o
 .debug_info    0x00001c5b     0x15d1 ./Core/Src/stm32f7xx_hal_msp.o
 .debug_info    0x0000322c      0x3c1 ./Core/Src/stm32f7xx_it.o
 .debug_info    0x000035ed      0x6ed ./Core/Src/system_stm32f7xx.o
 .debug_info    0x00003cda       0x30 ./Core/Startup/startup_stm32f746nghx.o
 .debug_info    0x00003d0a      0x9d8 ./Drivers/STM32F7xx_HAL_Driver/Src/stm32f7xx_hal.o
 .debug_info    0x000046e2      0xf7e ./Drivers/STM32F7xx_HAL_Driver/Src/stm32f7xx_hal_cortex.o
 .debug_info    0x00005660      0x8e7 ./Drivers/STM32F7xx_HAL_Driver/Src/stm32f7xx_hal_dma.o
 .debug_info    0x00005f47      0x6e7 ./Drivers/STM32F7xx_HAL_Driver/Src/stm32f7xx_hal_gpio.o
 .debug_info    0x0000662e     0x2138 ./Drivers/STM32F7xx_HAL_Driver/Src/stm32f7xx_hal_i2c.o
 .debug_info    0x00008766      0x922 ./Drivers/STM32F7xx_HAL_Driver/Src/stm32f7xx_hal_i2c_ex.o
 .debug_info    0x00009088      0xef6 ./Drivers/STM32F7xx_HAL_Driver/Src/stm32f7xx_hal_i2s.o
 .debug_info    0x00009f7e      0x8cd ./Drivers/STM32F7xx_HAL_Driver/Src/stm32f7xx_hal_pwr_ex.o
 .debug_info    0x0000a84b      0x8dc ./Drivers/STM32F7xx_HAL_Driver/Src/stm32f7xx_hal_rcc.o
 .debug_info    0x0000b127      0x6bd ./Drivers/STM32F7xx_HAL_Driver/Src/stm32f7xx_hal_rcc_ex.o
 .debug_info    0x0000b7e4     0x1130 ./Drivers/STM32F7xx_HAL_Driver/Src/stm32f7xx_hal_sai.o
 .debug_info    0x0000c914     0x169b ./Drivers/STM32F7xx_HAL_Driver/Src/stm32f7xx_hal_spi.o

.debug_abbrev   0x00000000     0x22f4
 .debug_abbrev  0x00000000      0x315 ./Core/Src/main.o
 .debug_abbrev  0x00000315      0x23a ./Core/Src/stm32f7xx_hal_msp.o
 .debug_abbrev  0x0000054f      0x16b ./Core/Src/stm32f7xx_it.o
 .debug_abbrev  0x000006ba      0x13b ./Core/Src/system_stm32f7xx.o
 .debug_abbrev  0x000007f5       0x24 ./Core/Startup/startup_stm32f746nghx.o
 .debug_abbrev  0x00000819      0x213 ./Drivers/STM32F7xx_HAL_Driver/Src/stm32f7xx_hal.o
 .debug_abbrev  0x00000a2c      0x31e ./Drivers/STM32F7xx_HAL_Driver/Src/stm32f7xx_hal_cortex.o
 .debug_abbrev  0x00000d4a      0x264 ./Drivers/STM32F7xx_HAL_Driver/Src/stm32f7xx_hal_dma.o
 .debug_abbrev  0x00000fae      0x1d4 ./Drivers/STM32F7xx_HAL_Driver/Src/stm32f7xx_hal_gpio.o
 .debug_abbrev  0x00001182      0x260 ./Drivers/STM32F7xx_HAL_Driver/Src/stm32f7xx_hal_i2c.o
 .debug_abbrev  0x000013e2      0x19c ./Drivers/STM32F7xx_HAL_Driver/Src/stm32f7xx_hal_i2c_ex.o
 .debug_abbrev  0x0000157e      0x26f ./Drivers/STM32F7xx_HAL_Driver/Src/stm32f7xx_hal_i2s.o
 .debug_abbrev  0x000017ed      0x1d5 ./Drivers/STM32F7xx_HAL_Driver/Src/stm32f7xx_hal_pwr_ex.o
 .debug_abbrev  0x000019c2      0x288 ./Drivers/STM32F7xx_HAL_Driver/Src/stm32f7xx_hal_rcc.o
 .debug_abbrev  0x00001c4a      0x1c9 ./Drivers/STM32F7xx_HAL_Driver/Src/stm32f7xx_hal_rcc_ex.o
 .debug_abbrev  0x00001e13      0x278 ./Drivers/STM32F7xx_HAL_Driver/Src/stm32f7xx_hal_sai.o
 .debug_abbrev  0x0000208b      0x269 ./Drivers/STM32F7xx_HAL_Driver/Src/stm32f7xx_hal_spi.o

.debug_aranges  0x00000000      0xd40
 .debug_aranges
                0x00000000       0x88 ./Core/Src/main.o
 .debug_aranges
                0x00000088       0x60 ./Core/Src/stm32f7xx_hal_msp.o
 .debug_aranges
                0x000000e8       0x70 ./Core/Src/stm32f7xx_it.o
 .debug_aranges
                0x00000158       0x28 ./Core/Src/system_stm32f7xx.o
 .debug_aranges
                0x00000180       0x28 ./Core/Startup/startup_stm32f746nghx.o
 .debug_aranges
                0x000001a8      0x100 ./Drivers/STM32F7xx_HAL_Driver/Src/stm32f7xx_hal.o
 .debug_aranges
                0x000002a8      0x128 ./Drivers/STM32F7xx_HAL_Driver/Src/stm32f7xx_hal_cortex.o
 .debug_aranges
                0x000003d0       0x90 ./Drivers/STM32F7xx_HAL_Driver/Src/stm32f7xx_hal_dma.o
 .debug_aranges
                0x00000460       0x58 ./Drivers/STM32F7xx_HAL_Driver/Src/stm32f7xx_hal_gpio.o
 .debug_aranges
                0x000004b8      0x2a0 ./Drivers/STM32F7xx_HAL_Driver/Src/stm32f7xx_hal_i2c.o
 .debug_aranges
                0x00000758       0x38 ./Drivers/STM32F7xx_HAL_Driver/Src/stm32f7xx_hal_i2c_ex.o
 .debug_aranges
                0x00000790      0x108 ./Drivers/STM32F7xx_HAL_Driver/Src/stm32f7xx_hal_i2s.o
 .debug_aranges
                0x00000898       0x80 ./Drivers/STM32F7xx_HAL_Driver/Src/stm32f7xx_hal_pwr_ex.o
 .debug_aranges
                0x00000918       0x88 ./Drivers/STM32F7xx_HAL_Driver/Src/stm32f7xx_hal_rcc.o
 .debug_aranges
                0x000009a0       0x50 ./Drivers/STM32F7xx_HAL_Driver/Src/stm32f7xx_hal_rcc_ex.o
 .debug_aranges
                0x000009f0      0x178 ./Drivers/STM32F7xx_HAL_Driver/Src/stm32f7xx_hal_sai.o
 .debug_aranges
                0x00000b68      0x1d8 ./Drivers/STM32F7xx_HAL_Driver/Src/stm32f7xx_hal_spi.o

.debug_rnglists
                0x00000000      0xa3b
 .debug_rnglists
                0x00000000       0x66 ./Core/Src/main.o
 .debug_rnglists
                0x00000066       0x49 ./Core/Src/stm32f7xx_hal_msp.o
 .debug_rnglists
                0x000000af       0x4f ./Core/Src/stm32f7xx_it.o
 .debug_rnglists
                0x000000fe       0x1a ./Core/Src/system_stm32f7xx.o
 .debug_rnglists
                0x00000118       0x19 ./Core/Startup/startup_stm32f746nghx.o
 .debug_rnglists
                0x00000131       0xbb ./Drivers/STM32F7xx_HAL_Driver/Src/stm32f7xx_hal.o
 .debug_rnglists
                0x000001ec       0xda ./Drivers/STM32F7xx_HAL_Driver/Src/stm32f7xx_hal_cortex.o
 .debug_rnglists
                0x000002c6       0x70 ./Drivers/STM32F7xx_HAL_Driver/Src/stm32f7xx_hal_dma.o
 .debug_rnglists
                0x00000336       0x3f ./Drivers/STM32F7xx_HAL_Driver/Src/stm32f7xx_hal_gpio.o
 .debug_rnglists
                0x00000375      0x228 ./Drivers/STM32F7xx_HAL_Driver/Src/stm32f7xx_hal_i2c.o
 .debug_rnglists
                0x0000059d       0x27 ./Drivers/STM32F7xx_HAL_Driver/Src/stm32f7xx_hal_i2c_ex.o
 .debug_rnglists
                0x000005c4       0xcc ./Drivers/STM32F7xx_HAL_Driver/Src/stm32f7xx_hal_i2s.o
 .debug_rnglists
                0x00000690       0x5f ./Drivers/STM32F7xx_HAL_Driver/Src/stm32f7xx_hal_pwr_ex.o
 .debug_rnglists
                0x000006ef       0x67 ./Drivers/STM32F7xx_HAL_Driver/Src/stm32f7xx_hal_rcc.o
 .debug_rnglists
                0x00000756       0x3c ./Drivers/STM32F7xx_HAL_Driver/Src/stm32f7xx_hal_rcc_ex.o
 .debug_rnglists
                0x00000792      0x131 ./Drivers/STM32F7xx_HAL_Driver/Src/stm32f7xx_hal_sai.o
 .debug_rnglists
                0x000008c3      0x178 ./Drivers/STM32F7xx_HAL_Driver/Src/stm32f7xx_hal_spi.o

.debug_macro    0x00000000    0x26245
 .debug_macro   0x00000000      0x245 ./Core/Src/main.o
 .debug_macro   0x00000245      0xab4 ./Core/Src/main.o
 .debug_macro   0x00000cf9      0x299 ./Core/Src/main.o
 .debug_macro   0x00000f92       0x2e ./Core/Src/main.o
 .debug_macro   0x00000fc0       0x3b ./Core/Src/main.o
 .debug_macro   0x00000ffb       0x22 ./Core/Src/main.o
 .debug_macro   0x0000101d       0x8e ./Core/Src/main.o
 .debug_macro   0x000010ab       0x51 ./Core/Src/main.o
 .debug_macro   0x000010fc      0x103 ./Core/Src/main.o
 .debug_macro   0x000011ff       0x6a ./Core/Src/main.o
 .debug_macro   0x00001269      0x1df ./Core/Src/main.o
 .debug_macro   0x00001448       0x1c ./Core/Src/main.o
 .debug_macro   0x00001464       0x22 ./Core/Src/main.o
 .debug_macro   0x00001486       0xd9 ./Core/Src/main.o
 .debug_macro   0x0000155f     0x12cd ./Core/Src/main.o
 .debug_macro   0x0000282c      0x11f ./Core/Src/main.o
 .debug_macro   0x0000294b       0x19 ./Core/Src/main.o
 .debug_macro   0x00002964    0x19222 ./Core/Src/main.o
 .debug_macro   0x0001bb86       0x6d ./Core/Src/main.o
 .debug_macro   0x0001bbf3     0x3765 ./Core/Src/main.o
 .debug_macro   0x0001f358      0x189 ./Core/Src/main.o
 .debug_macro   0x0001f4e1       0x63 ./Core/Src/main.o
 .debug_macro   0x0001f544     0x18ad ./Core/Src/main.o
 .debug_macro   0x00020df1      0x6c4 ./Core/Src/main.o
 .debug_macro   0x000214b5      0x185 ./Core/Src/main.o
 .debug_macro   0x0002163a      0x115 ./Core/Src/main.o
 .debug_macro   0x0002174f      0x1fd ./Core/Src/main.o
 .debug_macro   0x0002194c       0xa5 ./Core/Src/main.o
 .debug_macro   0x000219f1      0x24f ./Core/Src/main.o
 .debug_macro   0x00021c40       0x41 ./Core/Src/main.o
 .debug_macro   0x00021c81       0x58 ./Core/Src/main.o
 .debug_macro   0x00021cd9      0x236 ./Core/Src/main.o
 .debug_macro   0x00021f0f      0x14e ./Core/Src/main.o
 .debug_macro   0x0002205d      0x25a ./Core/Src/main.o
 .debug_macro   0x000222b7       0x12 ./Core/Src/main.o
 .debug_macro   0x000222c9      0x22c ./Core/Src/main.o
 .debug_macro   0x000224f5       0x61 ./Core/Src/main.o
 .debug_macro   0x00022556       0xa5 ./Core/Src/main.o
 .debug_macro   0x000225fb      0x1d8 ./Core/Src/main.o
 .debug_macro   0x000227d3      0x12e ./Core/Src/main.o
 .debug_macro   0x00022901      0x108 ./Core/Src/main.o
 .debug_macro   0x00022a09       0x35 ./Core/Src/main.o
 .debug_macro   0x00022a3e      0x447 ./Core/Src/main.o
 .debug_macro   0x00022e85      0x2fe ./Core/Src/main.o
 .debug_macro   0x00023183      0x14d ./Core/Src/main.o
 .debug_macro   0x000232d0      0x732 ./Core/Src/main.o
 .debug_macro   0x00023a02       0x16 ./Core/Src/main.o
 .debug_macro   0x00023a18       0xbe ./Core/Src/main.o
 .debug_macro   0x00023ad6      0x56d ./Core/Src/main.o
 .debug_macro   0x00024043       0x44 ./Core/Src/main.o
 .debug_macro   0x00024087      0x265 ./Core/Src/main.o
 .debug_macro   0x000242ec      0x186 ./Core/Src/main.o
 .debug_macro   0x00024472      0x1f2 ./Core/Src/stm32f7xx_hal_msp.o
 .debug_macro   0x00024664      0x1fc ./Core/Src/stm32f7xx_it.o
 .debug_macro   0x00024860      0x1e3 ./Core/Src/system_stm32f7xx.o
 .debug_macro   0x00024a43      0x207 ./Drivers/STM32F7xx_HAL_Driver/Src/stm32f7xx_hal.o
 .debug_macro   0x00024c4a      0x1e3 ./Drivers/STM32F7xx_HAL_Driver/Src/stm32f7xx_hal_cortex.o
 .debug_macro   0x00024e2d      0x1e9 ./Drivers/STM32F7xx_HAL_Driver/Src/stm32f7xx_hal_dma.o
 .debug_macro   0x00025016      0x1e9 ./Drivers/STM32F7xx_HAL_Driver/Src/stm32f7xx_hal_gpio.o
 .debug_macro   0x000251ff      0x2af ./Drivers/STM32F7xx_HAL_Driver/Src/stm32f7xx_hal_i2c.o
 .debug_macro   0x000254ae      0x1e3 ./Drivers/STM32F7xx_HAL_Driver/Src/stm32f7xx_hal_i2c_ex.o
 .debug_macro   0x00025691      0x1eb ./Drivers/STM32F7xx_HAL_Driver/Src/stm32f7xx_hal_i2s.o
 .debug_macro   0x0002587c      0x1fb ./Drivers/STM32F7xx_HAL_Driver/Src/stm32f7xx_hal_pwr_ex.o
 .debug_macro   0x00025a77      0x207 ./Drivers/STM32F7xx_HAL_Driver/Src/stm32f7xx_hal_rcc.o
 .debug_macro   0x00025c7e      0x1e3 ./Drivers/STM32F7xx_HAL_Driver/Src/stm32f7xx_hal_rcc_ex.o
 .debug_macro   0x00025e61      0x1f2 ./Drivers/STM32F7xx_HAL_Driver/Src/stm32f7xx_hal_sai.o
 .debug_macro   0x00026053      0x1f2 ./Drivers/STM32F7xx_HAL_Driver/Src/stm32f7xx_hal_spi.o

.debug_line     0x00000000    0x1141e
 .debug_line    0x00000000      0xebf ./Core/Src/main.o
 .debug_line    0x00000ebf      0xa04 ./Core/Src/stm32f7xx_hal_msp.o
 .debug_line    0x000018c3      0x867 ./Core/Src/stm32f7xx_it.o
 .debug_line    0x0000212a      0x7f7 ./Core/Src/system_stm32f7xx.o
 .debug_line    0x00002921       0x7a ./Core/Startup/startup_stm32f746nghx.o
 .debug_line    0x0000299b      0xa97 ./Drivers/STM32F7xx_HAL_Driver/Src/stm32f7xx_hal.o
 .debug_line    0x00003432      0xd39 ./Drivers/STM32F7xx_HAL_Driver/Src/stm32f7xx_hal_cortex.o
 .debug_line    0x0000416b      0xfe6 ./Drivers/STM32F7xx_HAL_Driver/Src/stm32f7xx_hal_dma.o
 .debug_line    0x00005151      0xc1d ./Drivers/STM32F7xx_HAL_Driver/Src/stm32f7xx_hal_gpio.o
 .debug_line    0x00005d6e     0x3acb ./Drivers/STM32F7xx_HAL_Driver/Src/stm32f7xx_hal_i2c.o
 .debug_line    0x00009839      0x8b0 ./Drivers/STM32F7xx_HAL_Driver/Src/stm32f7xx_hal_i2c_ex.o
 .debug_line    0x0000a0e9     0x113b ./Drivers/STM32F7xx_HAL_Driver/Src/stm32f7xx_hal_i2s.o
 .debug_line    0x0000b224      0xa1b ./Drivers/STM32F7xx_HAL_Driver/Src/stm32f7xx_hal_pwr_ex.o
 .debug_line    0x0000bc3f      0xec6 ./Drivers/STM32F7xx_HAL_Driver/Src/stm32f7xx_hal_rcc.o
 .debug_line    0x0000cb05      0xe7c ./Drivers/STM32F7xx_HAL_Driver/Src/stm32f7xx_hal_rcc_ex.o
 .debug_line    0x0000d981     0x1a3c ./Drivers/STM32F7xx_HAL_Driver/Src/stm32f7xx_hal_sai.o
 .debug_line    0x0000f3bd     0x2061 ./Drivers/STM32F7xx_HAL_Driver/Src/stm32f7xx_hal_spi.o

.debug_str      0x00000000    0xeca27
 .debug_str     0x00000000    0xe9b34 ./Core/Src/main.o
                              0xea414 (size before relaxing)
 .debug_str     0x000e9b34       0xfb ./Core/Src/stm32f7xx_hal_msp.o
                              0xe3458 (size before relaxing)
 .debug_str     0x000e9c2f      0x10c ./Core/Src/stm32f7xx_it.o
                              0xe2828 (size before relaxing)
 .debug_str     0x000e9d3b      0x1a4 ./Core/Src/system_stm32f7xx.o
                              0xe0d3e (size before relaxing)
 .debug_str     0x000e9edf       0x44 ./Core/Startup/startup_stm32f746nghx.o
                                 0x94 (size before relaxing)
 .debug_str     0x000e9f23      0x40c ./Drivers/STM32F7xx_HAL_Driver/Src/stm32f7xx_hal.o
                              0xe16a7 (size before relaxing)
 .debug_str     0x000ea32f      0x368 ./Drivers/STM32F7xx_HAL_Driver/Src/stm32f7xx_hal_cortex.o
                              0xe16c4 (size before relaxing)
 .debug_str     0x000ea697      0x2f6 ./Drivers/STM32F7xx_HAL_Driver/Src/stm32f7xx_hal_dma.o
                              0xe107d (size before relaxing)
 .debug_str     0x000ea98d      0x10a ./Drivers/STM32F7xx_HAL_Driver/Src/stm32f7xx_hal_gpio.o
                              0xe0dfc (size before relaxing)
 .debug_str     0x000eaa97      0xdcf ./Drivers/STM32F7xx_HAL_Driver/Src/stm32f7xx_hal_i2c.o
                              0xe1f51 (size before relaxing)
 .debug_str     0x000eb866       0x89 ./Drivers/STM32F7xx_HAL_Driver/Src/stm32f7xx_hal_i2c_ex.o
                              0xe11d0 (size before relaxing)
 .debug_str     0x000eb8ef      0x29b ./Drivers/STM32F7xx_HAL_Driver/Src/stm32f7xx_hal_i2s.o
                              0xe1301 (size before relaxing)
 .debug_str     0x000ebb8a      0x1d1 ./Drivers/STM32F7xx_HAL_Driver/Src/stm32f7xx_hal_pwr_ex.o
                              0xe0fad (size before relaxing)
 .debug_str     0x000ebd5b      0x247 ./Drivers/STM32F7xx_HAL_Driver/Src/stm32f7xx_hal_rcc.o
                              0xe10a0 (size before relaxing)
 .debug_str     0x000ebfa2      0x13e ./Drivers/STM32F7xx_HAL_Driver/Src/stm32f7xx_hal_rcc_ex.o
                              0xe0fd8 (size before relaxing)
 .debug_str     0x000ec0e0      0x3e2 ./Drivers/STM32F7xx_HAL_Driver/Src/stm32f7xx_hal_sai.o
                              0xe1473 (size before relaxing)
 .debug_str     0x000ec4c2      0x565 ./Drivers/STM32F7xx_HAL_Driver/Src/stm32f7xx_hal_spi.o
                              0xe157e (size before relaxing)

.comment        0x00000000       0x43
 .comment       0x00000000       0x43 ./Core/Src/main.o
                                 0x44 (size before relaxing)
 .comment       0x00000043       0x44 ./Core/Src/stm32f7xx_hal_msp.o
 .comment       0x00000043       0x44 ./Core/Src/stm32f7xx_it.o
 .comment       0x00000043       0x44 ./Core/Src/system_stm32f7xx.o
 .comment       0x00000043       0x44 ./Drivers/STM32F7xx_HAL_Driver/Src/stm32f7xx_hal.o
 .comment       0x00000043       0x44 ./Drivers/STM32F7xx_HAL_Driver/Src/stm32f7xx_hal_cortex.o
 .comment       0x00000043       0x44 ./Drivers/STM32F7xx_HAL_Driver/Src/stm32f7xx_hal_dma.o
 .comment       0x00000043       0x44 ./Drivers/STM32F7xx_HAL_Driver/Src/stm32f7xx_hal_gpio.o
 .comment       0x00000043       0x44 ./Drivers/STM32F7xx_HAL_Driver/Src/stm32f7xx_hal_i2c.o
 .comment       0x00000043       0x44 ./Drivers/STM32F7xx_HAL_Driver/Src/stm32f7xx_hal_i2c_ex.o
 .comment       0x00000043       0x44 ./Drivers/STM32F7xx_HAL_Driver/Src/stm32f7xx_hal_i2s.o
 .comment       0x00000043       0x44 ./Drivers/STM32F7xx_HAL_Driver/Src/stm32f7xx_hal_pwr_ex.o
 .comment       0x00000043       0x44 ./Drivers/STM32F7xx_HAL_Driver/Src/stm32f7xx_hal_rcc.o
 .comment       0x00000043       0x44 ./Drivers/STM32F7xx_HAL_Driver/Src/stm32f7xx_hal_rcc_ex.o
 .comment       0x00000043       0x44 ./Drivers/STM32F7xx_HAL_Driver/Src/stm32f7xx_hal_sai.o
 .comment       0x00000043       0x44 ./Drivers/STM32F7xx_HAL_Driver/Src/stm32f7xx_hal_spi.o

.debug_frame    0x00000000     0x36ec
 .debug_frame   0x00000000      0x1dc ./Core/Src/main.o
 .debug_frame   0x000001dc      0x160 ./Core/Src/stm32f7xx_hal_msp.o
 .debug_frame   0x0000033c      0x13c ./Core/Src/stm32f7xx_it.o
 .debug_frame   0x00000478       0x58 ./Core/Src/system_stm32f7xx.o
 .debug_frame   0x000004d0      0x3b4 ./Drivers/STM32F7xx_HAL_Driver/Src/stm32f7xx_hal.o
 .debug_frame   0x00000884      0x4e8 ./Drivers/STM32F7xx_HAL_Driver/Src/stm32f7xx_hal_cortex.o
 .debug_frame   0x00000d6c      0x250 ./Drivers/STM32F7xx_HAL_Driver/Src/stm32f7xx_hal_dma.o
 .debug_frame   0x00000fbc      0x14c ./Drivers/STM32F7xx_HAL_Driver/Src/stm32f7xx_hal_gpio.o
 .debug_frame   0x00001108      0xc38 ./Drivers/STM32F7xx_HAL_Driver/Src/stm32f7xx_hal_i2c.o
 .debug_frame   0x00001d40       0xb0 ./Drivers/STM32F7xx_HAL_Driver/Src/stm32f7xx_hal_i2c_ex.o
 .debug_frame   0x00001df0      0x480 ./Drivers/STM32F7xx_HAL_Driver/Src/stm32f7xx_hal_i2s.o
 .debug_frame   0x00002270      0x1c8 ./Drivers/STM32F7xx_HAL_Driver/Src/stm32f7xx_hal_pwr_ex.o
 .debug_frame   0x00002438      0x1f8 ./Drivers/STM32F7xx_HAL_Driver/Src/stm32f7xx_hal_rcc.o
 .debug_frame   0x00002630      0x118 ./Drivers/STM32F7xx_HAL_Driver/Src/stm32f7xx_hal_rcc_ex.o
 .debug_frame   0x00002748      0x698 ./Drivers/STM32F7xx_HAL_Driver/Src/stm32f7xx_hal_sai.o
 .debug_frame   0x00002de0      0x860 ./Drivers/STM32F7xx_HAL_Driver/Src/stm32f7xx_hal_spi.o
 .debug_frame   0x00003640       0x20 C:/ST/STM32CubeIDE_1.14.1/STM32CubeIDE/plugins/com.st.stm32cube.ide.mcu.externaltools.gnu-tools-for-stm32.12.3.rel1.win32_1.0.200.202406191623/tools/bin/../lib/gcc/arm-none-eabi/12.3.1/../../../../arm-none-eabi/lib/thumb/v7e-m+fp/hard\libc_nano.a(libc_a-memset.o)
 .debug_frame   0x00003660       0x2c C:/ST/STM32CubeIDE_1.14.1/STM32CubeIDE/plugins/com.st.stm32cube.ide.mcu.externaltools.gnu-tools-for-stm32.12.3.rel1.win32_1.0.200.202406191623/tools/bin/../lib/gcc/arm-none-eabi/12.3.1/../../../../arm-none-eabi/lib/thumb/v7e-m+fp/hard\libc_nano.a(libc_a-init.o)
 .debug_frame   0x0000368c       0x2c C:/ST/STM32CubeIDE_1.14.1/STM32CubeIDE/plugins/com.st.stm32cube.ide.mcu.externaltools.gnu-tools-for-stm32.12.3.rel1.win32_1.0.200.202406191623/tools/bin/../lib/gcc/arm-none-eabi/12.3.1/thumb/v7e-m+fp/hard\libgcc.a(_aeabi_uldivmod.o)
 .debug_frame   0x000036b8       0x34 C:/ST/STM32CubeIDE_1.14.1/STM32CubeIDE/plugins/com.st.stm32cube.ide.mcu.externaltools.gnu-tools-for-stm32.12.3.rel1.win32_1.0.200.202406191623/tools/bin/../lib/gcc/arm-none-eabi/12.3.1/thumb/v7e-m+fp/hard\libgcc.a(_udivmoddi4.o)

.debug_line_str
                0x00000000       0x78
 .debug_line_str
                0x00000000       0x78 ./Core/Startup/startup_stm32f746nghx.o
