Archive member included to satisfy reference by file (symbol)

C:/ST/STM32CubeIDE_1.16.0/STM32CubeIDE/plugins/com.st.stm32cube.ide.mcu.externaltools.gnu-tools-for-stm32.12.3.rel1.win32_1.0.200.202406191623/tools/bin/../lib/gcc/arm-none-eabi/12.3.1/../../../../arm-none-eabi/lib/thumb/v7e-m+fp/hard\libc_nano.a(libc_a-exit.o)
                              C:/ST/STM32CubeIDE_1.16.0/STM32CubeIDE/plugins/com.st.stm32cube.ide.mcu.externaltools.gnu-tools-for-stm32.12.3.rel1.win32_1.0.200.202406191623/tools/bin/../lib/gcc/arm-none-eabi/12.3.1/../../../../arm-none-eabi/lib/thumb/v7e-m+fp/hard/crt0.o (exit)
C:/ST/STM32CubeIDE_1.16.0/STM32CubeIDE/plugins/com.st.stm32cube.ide.mcu.externaltools.gnu-tools-for-stm32.12.3.rel1.win32_1.0.200.202406191623/tools/bin/../lib/gcc/arm-none-eabi/12.3.1/../../../../arm-none-eabi/lib/thumb/v7e-m+fp/hard\libc_nano.a(libc_a-findfp.o)
                              C:/ST/STM32CubeIDE_1.16.0/STM32CubeIDE/plugins/com.st.stm32cube.ide.mcu.externaltools.gnu-tools-for-stm32.12.3.rel1.win32_1.0.200.202406191623/tools/bin/../lib/gcc/arm-none-eabi/12.3.1/../../../../arm-none-eabi/lib/thumb/v7e-m+fp/hard\libc_nano.a(libc_a-exit.o) (__stdio_exit_handler)
C:/ST/STM32CubeIDE_1.16.0/STM32CubeIDE/plugins/com.st.stm32cube.ide.mcu.externaltools.gnu-tools-for-stm32.12.3.rel1.win32_1.0.200.202406191623/tools/bin/../lib/gcc/arm-none-eabi/12.3.1/../../../../arm-none-eabi/lib/thumb/v7e-m+fp/hard\libc_nano.a(libc_a-fwalk.o)
                              C:/ST/STM32CubeIDE_1.16.0/STM32CubeIDE/plugins/com.st.stm32cube.ide.mcu.externaltools.gnu-tools-for-stm32.12.3.rel1.win32_1.0.200.202406191623/tools/bin/../lib/gcc/arm-none-eabi/12.3.1/../../../../arm-none-eabi/lib/thumb/v7e-m+fp/hard\libc_nano.a(libc_a-findfp.o) (_fwalk_sglue)
C:/ST/STM32CubeIDE_1.16.0/STM32CubeIDE/plugins/com.st.stm32cube.ide.mcu.externaltools.gnu-tools-for-stm32.12.3.rel1.win32_1.0.200.202406191623/tools/bin/../lib/gcc/arm-none-eabi/12.3.1/../../../../arm-none-eabi/lib/thumb/v7e-m+fp/hard\libc_nano.a(libc_a-stdio.o)
                              C:/ST/STM32CubeIDE_1.16.0/STM32CubeIDE/plugins/com.st.stm32cube.ide.mcu.externaltools.gnu-tools-for-stm32.12.3.rel1.win32_1.0.200.202406191623/tools/bin/../lib/gcc/arm-none-eabi/12.3.1/../../../../arm-none-eabi/lib/thumb/v7e-m+fp/hard\libc_nano.a(libc_a-findfp.o) (__sread)
C:/ST/STM32CubeIDE_1.16.0/STM32CubeIDE/plugins/com.st.stm32cube.ide.mcu.externaltools.gnu-tools-for-stm32.12.3.rel1.win32_1.0.200.202406191623/tools/bin/../lib/gcc/arm-none-eabi/12.3.1/../../../../arm-none-eabi/lib/thumb/v7e-m+fp/hard\libc_nano.a(libc_a-memset.o)
                              C:/ST/STM32CubeIDE_1.16.0/STM32CubeIDE/plugins/com.st.stm32cube.ide.mcu.externaltools.gnu-tools-for-stm32.12.3.rel1.win32_1.0.200.202406191623/tools/bin/../lib/gcc/arm-none-eabi/12.3.1/../../../../arm-none-eabi/lib/thumb/v7e-m+fp/hard/crt0.o (memset)
C:/ST/STM32CubeIDE_1.16.0/STM32CubeIDE/plugins/com.st.stm32cube.ide.mcu.externaltools.gnu-tools-for-stm32.12.3.rel1.win32_1.0.200.202406191623/tools/bin/../lib/gcc/arm-none-eabi/12.3.1/../../../../arm-none-eabi/lib/thumb/v7e-m+fp/hard\libc_nano.a(libc_a-closer.o)
                              C:/ST/STM32CubeIDE_1.16.0/STM32CubeIDE/plugins/com.st.stm32cube.ide.mcu.externaltools.gnu-tools-for-stm32.12.3.rel1.win32_1.0.200.202406191623/tools/bin/../lib/gcc/arm-none-eabi/12.3.1/../../../../arm-none-eabi/lib/thumb/v7e-m+fp/hard\libc_nano.a(libc_a-stdio.o) (_close_r)
C:/ST/STM32CubeIDE_1.16.0/STM32CubeIDE/plugins/com.st.stm32cube.ide.mcu.externaltools.gnu-tools-for-stm32.12.3.rel1.win32_1.0.200.202406191623/tools/bin/../lib/gcc/arm-none-eabi/12.3.1/../../../../arm-none-eabi/lib/thumb/v7e-m+fp/hard\libc_nano.a(libc_a-reent.o)
                              C:/ST/STM32CubeIDE_1.16.0/STM32CubeIDE/plugins/com.st.stm32cube.ide.mcu.externaltools.gnu-tools-for-stm32.12.3.rel1.win32_1.0.200.202406191623/tools/bin/../lib/gcc/arm-none-eabi/12.3.1/../../../../arm-none-eabi/lib/thumb/v7e-m+fp/hard\libc_nano.a(libc_a-closer.o) (errno)
C:/ST/STM32CubeIDE_1.16.0/STM32CubeIDE/plugins/com.st.stm32cube.ide.mcu.externaltools.gnu-tools-for-stm32.12.3.rel1.win32_1.0.200.202406191623/tools/bin/../lib/gcc/arm-none-eabi/12.3.1/../../../../arm-none-eabi/lib/thumb/v7e-m+fp/hard\libc_nano.a(libc_a-impure.o)
                              C:/ST/STM32CubeIDE_1.16.0/STM32CubeIDE/plugins/com.st.stm32cube.ide.mcu.externaltools.gnu-tools-for-stm32.12.3.rel1.win32_1.0.200.202406191623/tools/bin/../lib/gcc/arm-none-eabi/12.3.1/../../../../arm-none-eabi/lib/thumb/v7e-m+fp/hard\libc_nano.a(libc_a-reent.o) (_impure_ptr)
C:/ST/STM32CubeIDE_1.16.0/STM32CubeIDE/plugins/com.st.stm32cube.ide.mcu.externaltools.gnu-tools-for-stm32.12.3.rel1.win32_1.0.200.202406191623/tools/bin/../lib/gcc/arm-none-eabi/12.3.1/../../../../arm-none-eabi/lib/thumb/v7e-m+fp/hard\libc_nano.a(libc_a-lseekr.o)
[...]
Memory Configuration

Name             Origin             Length             Attributes
RAM              0x20000000         0x00050000         xrw
FLASH            0x08000000         0x00100000         xr
*default*        0x00000000         0xffffffff

Linker script and memory map

LOAD C:/ST/STM32CubeIDE_1.16.0/STM32CubeIDE/plugins/com.st.stm32cube.ide.mcu.externaltools.gnu-tools-for-stm32.12.3.rel1.win32_1.0.200.202406191623/tools/bin/../lib/gcc/arm-none-eabi/12.3.1/thumb/v7e-m+fp/hard/crti.o
LOAD C:/ST/STM32CubeIDE_1.16.0/STM32CubeIDE/plugins/com.st.stm32cube.ide.mcu.externaltools.gnu-tools-for-stm32.12.3.rel1.win32_1.0.200.202406191623/tools/bin/../lib/gcc/arm-none-eabi/12.3.1/thumb/v7e-m+fp/hard/crtbegin.o
LOAD C:/ST/STM32CubeIDE_1.16.0/STM32CubeIDE/plugins/com.st.stm32cube.ide.mcu.externaltools.gnu-tools-for-stm32.12.3.rel1.win32_1.0.200.202406191623/tools/bin/../lib/gcc/arm-none-eabi/12.3.1/../../../../arm-none-eabi/lib/thumb/v7e-m+fp/hard/crt0.o
LOAD ./Core/Src/guitar_audio_init.o
LOAD ./Core/Src/main.o
LOAD ./Core/Src/stm32f7xx_hal_msp.o
LOAD ./Core/Src/stm32f7xx_it.o
LOAD ./Core/Src/syscalls.o
LOAD ./Core/Src/sysmem.o
LOAD ./Core/Src/system_stm32f7xx.o
LOAD ./Core/Startup/startup_stm32f746nghx.o
LOAD ./Drivers/BSP/Components/wm8994/wm8994.o
LOAD ./Drivers/BSP/Src/stm32746g_discovery.o
LOAD ./Drivers/BSP/Src/stm32746g_discovery_audio.o
LOAD ./Drivers/STM32F7xx_HAL_Driver/Src/stm32f7xx_hal.o
LOAD ./Drivers/STM32F7xx_HAL_Driver/Src/stm32f7xx_hal_cortex.o
LOAD ./Drivers/STM32F7xx_HAL_Driver/Src/stm32f7xx_hal_dma.o
LOAD ./Drivers/STM32F7xx_HAL_Driver/Src/stm32f7xx_hal_dma_ex.o
LOAD ./Drivers/STM32F7xx_HAL_Driver/Src/stm32f7xx_hal_exti.o
LOAD ./Drivers/STM32F7xx_HAL_Driver/Src/stm32f7xx_hal_flash.o
LOAD ./Drivers/STM32F7xx_HAL_Driver/Src/stm32f7xx_hal_flash_ex.o
LOAD ./Drivers/STM32F7xx_HAL_Driver/Src/stm32f7xx_hal_gpio.o
LOAD ./Drivers/STM32F7xx_HAL_Driver/Src/stm32f7xx_hal_i2c.o
LOAD ./Drivers/STM32F7xx_HAL_Driver/Src/stm32f7xx_hal_i2c_ex.o
LOAD ./Drivers/STM32F7xx_HAL_Driver/Src/stm32f7xx_hal_i2s.o
LOAD ./Drivers/STM32F7xx_HAL_Driver/Src/stm32f7xx_hal_pwr.o
LOAD ./Drivers/STM32F7xx_HAL_Driver/Src/stm32f7xx_hal_pwr_ex.o
LOAD ./Drivers/STM32F7xx_HAL_Driver/Src/stm32f7xx_hal_rcc.o
LOAD ./Drivers/STM32F7xx_HAL_Driver/Src/stm32f7xx_hal_rcc_ex.o
LOAD ./Drivers/STM32F7xx_HAL_Driver/Src/stm32f7xx_hal_sai.o
LOAD ./Drivers/STM32F7xx_HAL_Driver/Src/stm32f7xx_hal_sai_ex.o
LOAD ./Drivers/STM32F7xx_HAL_Driver/Src/stm32f7xx_hal_spi.o
LOAD ./Drivers/STM32F7xx_HAL_Driver/Src/stm32f7xx_hal_spi_ex.o
LOAD ./Drivers/STM32F7xx_HAL_Driver/Src/stm32f7xx_hal_tim.o
LOAD ./Drivers/STM32F7xx_HAL_Driver/Src/stm32f7xx_hal_tim_ex.o
LOAD ./Drivers/STM32F7xx_HAL_Driver/Src/stm32f7xx_hal_uart.o
LOAD ./Drivers/STM32F7xx_HAL_Driver/Src/stm32f7xx_hal_uart_ex.o
LOAD ./Drivers/stm32f7xx_hal_uart.o
START GROUP
LOAD C:/ST/STM32CubeIDE_1.16.0/STM32CubeIDE/plugins/com.st.stm32cube.ide.mcu.externaltools.gnu-tools-for-stm32.12.3.rel1.win32_1.0.200.202406191623/tools/bin/../lib/gcc/arm-none-eabi/12.3.1/../../../../arm-none-eabi/lib/thumb/v7e-m+fp/hard\libc_nano.a
LOAD C:/ST/STM32CubeIDE_1.16.0/STM32CubeIDE/plugins/com.st.stm32cube.ide.mcu.externaltools.gnu-tools-for-stm32.12.3.rel1.win32_1.0.200.202406191623/tools/bin/../lib/gcc/arm-none-eabi/12.3.1/../../../../arm-none-eabi/lib/thumb/v7e-m+fp/hard\libm.a
END GROUP
START GROUP
LOAD C:/ST/STM32CubeIDE_1.16.0/STM32CubeIDE/plugins/com.st.stm32cube.ide.mcu.externaltools.gnu-tools-for-stm32.12.3.rel1.win32_1.0.200.202406191623/tools/bin/../lib/gcc/arm-none-eabi/12.3.1/thumb/v7e-m+fp/hard\libgcc.a
LOAD C:/ST/STM32CubeIDE_1.16.0/STM32CubeIDE/plugins/com.st.stm32cube.ide.mcu.externaltools.gnu-tools-for-stm32.12.3.rel1.win32_1.0.200.202406191623/tools/bin/../lib/gcc/arm-none-eabi/12.3.1/../../../../arm-none-eabi/lib/thumb/v7e-m+fp/hard\libc_nano.a
END GROUP
START GROUP
LOAD C:/ST/STM32CubeIDE_1.16.0/STM32CubeIDE/plugins/com.st.stm32cube.ide.mcu.externaltools.gnu-tools-for-stm32.12.3.rel1.win32_1.0.200.202406191623/tools/bin/../lib/gcc/arm-none-eabi/12.3.1/thumb/v7e-m+fp/hard\libgcc.a
LOAD C:/ST/STM32CubeIDE_1.16.0/STM32CubeIDE/plugins/com.st.stm32cube.ide.mcu.externaltools.gnu-tools-for-stm32.12.3.rel1.win32_1.0.200.202406191623/tools/bin/../lib/gcc/arm-none-eabi/12.3.1/../../../../arm-none-eabi/lib/thumb/v7e-m+fp/hard\libc_nano.a
LOAD C:/ST/STM32CubeIDE_1.16.0/STM32CubeIDE/plugins/com.st.stm32cube.ide.mcu.externaltools.gnu-tools-for-stm32.12.3.rel1.win32_1.0.200.202406191623/tools/bin/../lib/gcc/arm-none-eabi/12.3.1/../../../../arm-none-eabi/lib/thumb/v7e-m+fp/hard\libnosys.a
END GROUP
START GROUP
LOAD C:/ST/STM32CubeIDE_1.16.0/STM32CubeIDE/plugins/com.st.stm32cube.ide.mcu.externaltools.gnu-tools-for-stm32.12.3.rel1.win32_1.0.200.202406191623/tools/bin/../lib/gcc/arm-none-eabi/12.3.1/thumb/v7e-m+fp/hard\libgcc.a
LOAD C:/ST/STM32CubeIDE_1.16.0/STM32CubeIDE/plugins/com.st.stm32cube.ide.mcu.externaltools.gnu-tools-for-stm32.12.3.rel1.win32_1.0.200.202406191623/tools/bin/../lib/gcc/arm-none-eabi/12.3.1/../../../../arm-none-eabi/lib/thumb/v7e-m+fp/hard\libc_nano.a
LOAD C:/ST/STM32CubeIDE_1.16.0/STM32CubeIDE/plugins/com.st.stm32cube.ide.mcu.externaltools.gnu-tools-for-stm32.12.3.rel1.win32_1.0.200.202406191623/tools/bin/../lib/gcc/arm-none-eabi/12.3.1/../../../../arm-none-eabi/lib/thumb/v7e-m+fp/hard\libnosys.a
END GROUP
LOAD C:/ST/STM32CubeIDE_1.16.0/STM32CubeIDE/plugins/com.st.stm32cube.ide.mcu.externaltools.gnu-tools-for-stm32.12.3.rel1.win32_1.0.200.202406191623/tools/bin/../lib/gcc/arm-none-eabi/12.3.1/thumb/v7e-m+fp/hard/crtend.o
LOAD C:/ST/STM32CubeIDE_1.16.0/STM32CubeIDE/plugins/com.st.stm32cube.ide.mcu.externaltools.gnu-tools-for-stm32.12.3.rel1.win32_1.0.200.202406191623/tools/bin/../lib/gcc/arm-none-eabi/12.3.1/thumb/v7e-m+fp/hard/crtn.o
                0x20050000                        _estack = (ORIGIN (RAM) + LENGTH (RAM))
                0x00000200                        _Min_Heap_Size = 0x200
                0x00000400                        _Min_Stack_Size = 0x400

.isr_vector     0x08000000      0x1c8
                0x08000000                        . = ALIGN (0x4)
 *(.isr_vector)
 .isr_vector    0x08000000      0x1c8 ./Core/Startup/startup_stm32f746nghx.o
                0x08000000                g_pfnVectors
                0x080001c8                        . = ALIGN (0x4)

.text           0x080001c8     0x695c
                0x080001c8                        . = ALIGN (0x4)
 *(.text)
 .text          0x080001c8       0x40 C:/ST/STM32CubeIDE_1.16.0/STM32CubeIDE/plugins/com.st.stm32cube.ide.mcu.externaltools.gnu-tools-for-stm32.12.3.rel1.win32_1.0.200.202406191623/tools/bin/../lib/gcc/arm-none-eabi/12.3.1/thumb/v7e-m+fp/hard/crtbegin.o
 .text          0x08000208       0x30 C:/ST/STM32CubeIDE_1.16.0/STM32CubeIDE/plugins/com.st.stm32cube.ide.mcu.externaltools.gnu-tools-for-stm32.12.3.rel1.win32_1.0.200.202406191623/tools/bin/../lib/gcc/arm-none-eabi/12.3.1/thumb/v7e-m+fp/hard\libgcc.a(_aeabi_uldivmod.o)
                0x08000208                __aeabi_uldivmod
 .text          0x08000238      0x2bc C:/ST/STM32CubeIDE_1.16.0/STM32CubeIDE/plugins/com.st.stm32cube.ide.mcu.externaltools.gnu-tools-for-stm32.12.3.rel1.win32_1.0.200.202406191623/tools/bin/../lib/gcc/arm-none-eabi/12.3.1/thumb/v7e-m+fp/hard\libgcc.a(_udivmoddi4.o)
                0x08000238                __udivmoddi4
 .text          0x080004f4        0x4 C:/ST/STM32CubeIDE_1.16.0/STM32CubeIDE/plugins/com.st.stm32cube.ide.mcu.externaltools.gnu-tools-for-stm32.12.3.rel1.win32_1.0.200.202406191623/tools/bin/../lib/gcc/arm-none-eabi/12.3.1/thumb/v7e-m+fp/hard\libgcc.a(_dvmd_tls.o)
                0x080004f4                __aeabi_idiv0
                0x080004f4                __aeabi_ldiv0
 *(.text*)
 .text.Audio_Init
                0x080004f8       0x16 ./Core/Src/guitar_audio_init.o
                0x080004f8                Audio_Init
 *fill*         0x0800050e        0x2 
 .text.processData
                0x08000510      0x1a0 ./Core/Src/guitar_audio_init.o
                0x08000510                processData
 .text.main     0x080006b0       0x74 ./Core/Src/main.o
                0x080006b0                main
 .text.SystemClock_Config
                0x08000724       0xdc ./Core/Src/main.o
                0x08000724                SystemClock_Config
 .text.PeriphCommonClock_Config
                0x08000800       0x68 ./Core/Src/main.o
                0x08000800                PeriphCommonClock_Config
 .text.MX_I2C2_Init
                0x08000868       0x80 ./Core/Src/main.o
 .text.MX_I2C3_Init
                0x080008e8       0x80 ./Core/Src/main.o
 .text.MX_I2S1_Init
                0x08000968       0x54 ./Core/Src/main.o
 .text.MX_I2S3_Init
                0x080009bc       0x58 ./Core/Src/main.o
 .text.MX_SAI2_Init
                0x08000a14       0xc8 ./Core/Src/main.o
 .text.MX_SPI2_Init
                0x08000adc       0x7c ./Core/Src/main.o
 .text.MX_DMA_Init
                0x08000b58       0x4c ./Core/Src/main.o
 .text.MX_GPIO_Init
                0x08000ba4      0x81c ./Core/Src/main.o
 .text.Error_Handler
                0x080013c0        0xc ./Core/Src/main.o
                0x080013c0                Error_Handler
 .text.HAL_MspInit
                0x080013cc       0x48 ./Core/Src/stm32f7xx_hal_msp.o
                0x080013cc                HAL_MspInit
 .text.HAL_I2C_MspInit
                0x08001414      0x190 ./Core/Src/stm32f7xx_hal_msp.o
                0x08001414                HAL_I2C_MspInit
 .text.HAL_I2C_MspDeInit
                0x080015a4       0x7c ./Core/Src/stm32f7xx_hal_msp.o
                0x080015a4                HAL_I2C_MspDeInit
 .text.HAL_I2S_MspInit
                0x08001620      0x160 ./Core/Src/stm32f7xx_hal_msp.o
                0x08001620                HAL_I2S_MspInit
 .text.HAL_SPI_MspInit
                0x08001780       0xc4 ./Core/Src/stm32f7xx_hal_msp.o
                0x08001780                HAL_SPI_MspInit
 .text.HAL_SAI_MspInit
                0x08001844      0x234 ./Core/Src/stm32f7xx_hal_msp.o
                0x08001844                HAL_SAI_MspInit
 .text.NMI_Handler
                0x08001a78        0x8 ./Core/Src/stm32f7xx_it.o
                0x08001a78                NMI_Handler
 .text.HardFault_Handler
                0x08001a80        0x8 ./Core/Src/stm32f7xx_it.o
                0x08001a80                HardFault_Handler
 .text.MemManage_Handler
                0x08001a88        0x8 ./Core/Src/stm32f7xx_it.o
                0x08001a88                MemManage_Handler
 .text.BusFault_Handler
                0x08001a90        0x8 ./Core/Src/stm32f7xx_it.o
                0x08001a90                BusFault_Handler
 .text.UsageFault_Handler
                0x08001a98        0x8 ./Core/Src/stm32f7xx_it.o
                0x08001a98                UsageFault_Handler
 .text.SVC_Handler
                0x08001aa0        0xe ./Core/Src/stm32f7xx_it.o
                0x08001aa0                SVC_Handler
 .text.DebugMon_Handler
                0x08001aae        0xe ./Core/Src/stm32f7xx_it.o
                0x08001aae                DebugMon_Handler
 .text.PendSV_Handler
                0x08001abc        0xe ./Core/Src/stm32f7xx_it.o
                0x08001abc                PendSV_Handler
 .text.SysTick_Handler
                0x08001aca        0xc ./Core/Src/stm32f7xx_it.o
                0x08001aca                SysTick_Handler
 *fill*         0x08001ad6        0x2 
 .text.DMA2_Stream4_IRQHandler
                0x08001ad8       0x14 ./Core/Src/stm32f7xx_it.o
                0x08001ad8                DMA2_Stream4_IRQHandler
 .text.DMA2_Stream6_IRQHandler
                0x08001aec       0x14 ./Core/Src/stm32f7xx_it.o
                0x08001aec                DMA2_Stream6_IRQHandler
 .text.SystemInit
                0x08001b00       0x24 ./Core/Src/system_stm32f7xx.o
                0x08001b00                SystemInit
 .text.Reset_Handler
                0x08001b24       0x50 ./Core/Startup/startup_stm32f746nghx.o
                0x08001b24                Reset_Handler
 .text.Default_Handler
                0x08001b74        0x2 ./Core/Startup/startup_stm32f746nghx.o
                0x08001b74                RTC_Alarm_IRQHandler
                0x08001b74                EXTI2_IRQHandler
                0x08001b74                TIM8_CC_IRQHandler
                0x08001b74                UART8_IRQHandler
                0x08001b74                SPI4_IRQHandler
                0x08001b74                TIM1_CC_IRQHandler
                0x08001b74                DMA2_Stream5_IRQHandler
                0x08001b74                DMA1_Stream5_IRQHandler
                0x08001b74                PVD_IRQHandler
                0x08001b74                TAMP_STAMP_IRQHandler
                0x08001b74                CAN2_RX1_IRQHandler
                0x08001b74                EXTI3_IRQHandler
                0x08001b74                TIM8_TRG_COM_TIM14_IRQHandler
                0x08001b74                TIM1_UP_TIM10_IRQHandler
                0x08001b74                TIM8_UP_TIM13_IRQHandler
                0x08001b74                I2C3_ER_IRQHandler
                0x08001b74                EXTI0_IRQHandler
                0x08001b74                I2C2_EV_IRQHandler
                0x08001b74                DMA1_Stream2_IRQHandler
                0x08001b74                CAN1_RX0_IRQHandler
                0x08001b74                FPU_IRQHandler
                0x08001b74                OTG_HS_WKUP_IRQHandler
                0x08001b74                LTDC_ER_IRQHandler
                0x08001b74                CAN2_SCE_IRQHandler
                0x08001b74                DMA2_Stream2_IRQHandler
                0x08001b74                SPI1_IRQHandler
                0x08001b74                TIM6_DAC_IRQHandler
                0x08001b74                TIM1_BRK_TIM9_IRQHandler
                0x08001b74                DCMI_IRQHandler
                0x08001b74                CAN2_RX0_IRQHandler
                0x08001b74                DMA2_Stream3_IRQHandler
                0x08001b74                SAI2_IRQHandler
                0x08001b74                USART6_IRQHandler
                0x08001b74                USART3_IRQHandler
                0x08001b74                CAN1_RX1_IRQHandler
                0x08001b74                UART5_IRQHandler
                0x08001b74                DMA2_Stream0_IRQHandler
                0x08001b74                TIM4_IRQHandler
                0x08001b74                QUADSPI_IRQHandler
                0x08001b74                I2C1_EV_IRQHandler
                0x08001b74                DMA1_Stream6_IRQHandler
                0x08001b74                DMA1_Stream1_IRQHandler
                0x08001b74                UART4_IRQHandler
                0x08001b74                TIM3_IRQHandler
                0x08001b74                RCC_IRQHandler
                0x08001b74                TIM8_BRK_TIM12_IRQHandler
                0x08001b74                Default_Handler
                0x08001b74                CEC_IRQHandler
                0x08001b74                EXTI15_10_IRQHandler
                0x08001b74                ADC_IRQHandler
                0x08001b74                DMA1_Stream7_IRQHandler
                0x08001b74                SPI5_IRQHandler
                0x08001b74                TIM7_IRQHandler
                0x08001b74                SDMMC1_IRQHandler
                0x08001b74                CAN2_TX_IRQHandler
                0x08001b74                TIM5_IRQHandler
                0x08001b74                DMA2_Stream7_IRQHandler
                0x08001b74                I2C3_EV_IRQHandler
                0x08001b74                EXTI9_5_IRQHandler
                0x08001b74                RTC_WKUP_IRQHandler
                0x08001b74                LTDC_IRQHandler
                0x08001b74                ETH_WKUP_IRQHandler
                0x08001b74                SPDIF_RX_IRQHandler
                0x08001b74                SPI2_IRQHandler
                0x08001b74                OTG_HS_EP1_IN_IRQHandler
                0x08001b74                DMA1_Stream0_IRQHandler
                0x08001b74                CAN1_TX_IRQHandler
                0x08001b74                EXTI4_IRQHandler
                0x08001b74                RNG_IRQHandler
                0x08001b74                ETH_IRQHandler
                0x08001b74                OTG_HS_EP1_OUT_IRQHandler
                0x08001b74                WWDG_IRQHandler
                0x08001b74                SPI6_IRQHandler
                0x08001b74                I2C4_EV_IRQHandler
                0x08001b74                TIM2_IRQHandler
                0x08001b74                OTG_FS_WKUP_IRQHandler
                0x08001b74                TIM1_TRG_COM_TIM11_IRQHandler
                0x08001b74                OTG_HS_IRQHandler
                0x08001b74                DMA2D_IRQHandler
                0x08001b74                EXTI1_IRQHandler
                0x08001b74                UART7_IRQHandler
                0x08001b74                USART2_IRQHandler
                0x08001b74                I2C2_ER_IRQHandler
                0x08001b74                DMA2_Stream1_IRQHandler
                0x08001b74                CAN1_SCE_IRQHandler
                0x08001b74                FLASH_IRQHandler
                0x08001b74                USART1_IRQHandler
                0x08001b74                OTG_FS_IRQHandler
                0x08001b74                SPI3_IRQHandler
                0x08001b74                DMA1_Stream4_IRQHandler
                0x08001b74                I2C1_ER_IRQHandler
                0x08001b74                FMC_IRQHandler
                0x08001b74                LPTIM1_IRQHandler
                0x08001b74                I2C4_ER_IRQHandler
                0x08001b74                SAI1_IRQHandler
                0x08001b74                DMA1_Stream3_IRQHandler
 *fill*         0x08001b76        0x2 
 .text.wm8994_Init
                0x08001b78      0xcc8 ./Drivers/BSP/Components/wm8994/wm8994.o
                0x08001b78                wm8994_Init
 .text.wm8994_SetVolume
                0x08002840      0x248 ./Drivers/BSP/Components/wm8994/wm8994.o
                0x08002840                wm8994_SetVolume
 .text.wm8994_SetMute
                0x08002a88       0x9c ./Drivers/BSP/Components/wm8994/wm8994.o
                0x08002a88                wm8994_SetMute
 .text.CODEC_IO_Write
                0x08002b24       0x2e ./Drivers/BSP/Components/wm8994/wm8994.o
 *fill*         0x08002b52        0x2 
 .text.I2Cx_MspInit
                0x08002b54      0x160 ./Drivers/BSP/Src/stm32746g_discovery.o
 .text.I2Cx_Init
                0x08002cb4       0x78 ./Drivers/BSP/Src/stm32746g_discovery.o
 .text.I2Cx_WriteMultiple
                0x08002d2c       0x5a ./Drivers/BSP/Src/stm32746g_discovery.o
 .text.I2Cx_Error
                0x08002d86       0x20 ./Drivers/BSP/Src/stm32746g_discovery.o
 *fill*         0x08002da6        0x2 
 .text.AUDIO_IO_Init
                0x08002da8       0x14 ./Drivers/BSP/Src/stm32746g_discovery.o
                0x08002da8                AUDIO_IO_Init
 .text.AUDIO_IO_Write
                0x08002dbc       0x54 ./Drivers/BSP/Src/stm32746g_discovery.o
                0x08002dbc                AUDIO_IO_Write
 .text.AUDIO_IO_Delay
                0x08002e10       0x16 ./Drivers/BSP/Src/stm32746g_discovery.o
                0x08002e10                AUDIO_IO_Delay
 .text.HAL_SAI_TxCpltCallback
                0x08002e26       0x14 ./Drivers/BSP/Src/stm32746g_discovery_audio.o
                0x08002e26                HAL_SAI_TxCpltCallback
 .text.HAL_SAI_TxHalfCpltCallback
                0x08002e3a       0x14 ./Drivers/BSP/Src/stm32746g_discovery_audio.o
                0x08002e3a                HAL_SAI_TxHalfCpltCallback
 *fill*         0x08002e4e        0x2 
 .text.HAL_SAI_ErrorCallback
                0x08002e50       0x4c ./Drivers/BSP/Src/stm32746g_discovery_audio.o
                0x08002e50                HAL_SAI_ErrorCallback
 .text.BSP_AUDIO_OUT_TransferComplete_CallBack
                0x08002e9c        0xe ./Drivers/BSP/Src/stm32746g_discovery_audio.o
                0x08002e9c                BSP_AUDIO_OUT_TransferComplete_CallBack
 .text.BSP_AUDIO_OUT_HalfTransfer_CallBack
                0x08002eaa        0xe ./Drivers/BSP/Src/stm32746g_discovery_audio.o
                0x08002eaa                BSP_AUDIO_OUT_HalfTransfer_CallBack
 .text.BSP_AUDIO_OUT_Error_CallBack
                0x08002eb8        0xe ./Drivers/BSP/Src/stm32746g_discovery_audio.o
                0x08002eb8                BSP_AUDIO_OUT_Error_CallBack
 .text.HAL_SAI_RxCpltCallback
                0x08002ec6       0x14 ./Drivers/BSP/Src/stm32746g_discovery_audio.o
                0x08002ec6                HAL_SAI_RxCpltCallback
 .text.HAL_SAI_RxHalfCpltCallback
                0x08002eda       0x14 ./Drivers/BSP/Src/stm32746g_discovery_audio.o
                0x08002eda                HAL_SAI_RxHalfCpltCallback
 .text.BSP_AUDIO_IN_TransferComplete_CallBack
                0x08002eee        0xe ./Drivers/BSP/Src/stm32746g_discovery_audio.o
                0x08002eee                BSP_AUDIO_IN_TransferComplete_CallBack
 .text.BSP_AUDIO_IN_HalfTransfer_CallBack
                0x08002efc        0xe ./Drivers/BSP/Src/stm32746g_discovery_audio.o
                0x08002efc                BSP_AUDIO_IN_HalfTransfer_CallBack
 .text.BSP_AUDIO_IN_Error_CallBack
                0x08002f0a        0xe ./Drivers/BSP/Src/stm32746g_discovery_audio.o
                0x08002f0a                BSP_AUDIO_IN_Error_CallBack
 .text.HAL_Init
                0x08002f18       0x1a ./Drivers/STM32F7xx_HAL_Driver/Src/stm32f7xx_hal.o
                0x08002f18                HAL_Init
 *fill*         0x08002f32        0x2 
 .text.HAL_InitTick
                0x08002f34       0x60 ./Drivers/STM32F7xx_HAL_Driver/Src/stm32f7xx_hal.o
                0x08002f34                HAL_InitTick
 .text.HAL_IncTick
                0x08002f94       0x28 ./Drivers/STM32F7xx_HAL_Driver/Src/stm32f7xx_hal.o
                0x08002f94                HAL_IncTick
 .text.HAL_GetTick
                0x08002fbc       0x18 ./Drivers/STM32F7xx_HAL_Driver/Src/stm32f7xx_hal.o
                0x08002fbc                HAL_GetTick
 .text.HAL_Delay
                0x08002fd4       0x48 ./Drivers/STM32F7xx_HAL_Driver/Src/stm32f7xx_hal.o
                0x08002fd4                HAL_Delay
 .text.__NVIC_SetPriorityGrouping
                0x0800301c       0x48 ./Drivers/STM32F7xx_HAL_Driver/Src/stm32f7xx_hal_cortex.o
 .text.__NVIC_GetPriorityGrouping
                0x08003064       0x1c ./Drivers/STM32F7xx_HAL_Driver/Src/stm32f7xx_hal_cortex.o
 .text.__NVIC_EnableIRQ
                0x08003080       0x3c ./Drivers/STM32F7xx_HAL_Driver/Src/stm32f7xx_hal_cortex.o
 .text.__NVIC_SetPriority
                0x080030bc       0x54 ./Drivers/STM32F7xx_HAL_Driver/Src/stm32f7xx_hal_cortex.o
 .text.NVIC_EncodePriority
                0x08003110       0x66 ./Drivers/STM32F7xx_HAL_Driver/Src/stm32f7xx_hal_cortex.o
 *fill*         0x08003176        0x2 
 .text.SysTick_Config
                0x08003178       0x44 ./Drivers/STM32F7xx_HAL_Driver/Src/stm32f7xx_hal_cortex.o
 .text.HAL_NVIC_SetPriorityGrouping
                0x080031bc       0x16 ./Drivers/STM32F7xx_HAL_Driver/Src/stm32f7xx_hal_cortex.o
                0x080031bc                HAL_NVIC_SetPriorityGrouping
 .text.HAL_NVIC_SetPriority
                0x080031d2       0x38 ./Drivers/STM32F7xx_HAL_Driver/Src/stm32f7xx_hal_cortex.o
                0x080031d2                HAL_NVIC_SetPriority
 .text.HAL_NVIC_EnableIRQ
                0x0800320a       0x1c ./Drivers/STM32F7xx_HAL_Driver/Src/stm32f7xx_hal_cortex.o
                0x0800320a                HAL_NVIC_EnableIRQ
 .text.HAL_SYSTICK_Config
                0x08003226       0x18 ./Drivers/STM32F7xx_HAL_Driver/Src/stm32f7xx_hal_cortex.o
                0x08003226                HAL_SYSTICK_Config
 *fill*         0x0800323e        0x2 
 .text.HAL_DMA_Init
                0x08003240      0x15c ./Drivers/STM32F7xx_HAL_Driver/Src/stm32f7xx_hal_dma.o
                0x08003240                HAL_DMA_Init
 .text.HAL_DMA_Start_IT
                0x0800339c       0xc0 ./Drivers/STM32F7xx_HAL_Driver/Src/stm32f7xx_hal_dma.o
                0x0800339c                HAL_DMA_Start_IT
 .text.HAL_DMA_IRQHandler
                0x0800345c      0x314 ./Drivers/STM32F7xx_HAL_Driver/Src/stm32f7xx_hal_dma.o
                0x0800345c                HAL_DMA_IRQHandler
 .text.DMA_SetConfig
                0x08003770       0x5c ./Drivers/STM32F7xx_HAL_Driver/Src/stm32f7xx_hal_dma.o
 .text.DMA_CalcBaseAndBitshift
                0x080037cc       0x6c ./Drivers/STM32F7xx_HAL_Driver/Src/stm32f7xx_hal_dma.o
 .text.DMA_CheckFifoParam
                0x08003838       0xf8 ./Drivers/STM32F7xx_HAL_Driver/Src/stm32f7xx_hal_dma.o
 .text.HAL_GPIO_Init
                0x08003930      0x358 ./Drivers/STM32F7xx_HAL_Driver/Src/stm32f7xx_hal_gpio.o
                0x08003930                HAL_GPIO_Init
 .text.HAL_GPIO_DeInit
                0x08003c88      0x218 ./Drivers/STM32F7xx_HAL_Driver/Src/stm32f7xx_hal_gpio.o
                0x08003c88                HAL_GPIO_DeInit
 .text.HAL_GPIO_WritePin
                0x08003ea0       0x32 ./Drivers/STM32F7xx_HAL_Driver/Src/stm32f7xx_hal_gpio.o
                0x08003ea0                HAL_GPIO_WritePin
 *fill*         0x08003ed2        0x2 
 .text.HAL_I2C_Init
                0x08003ed4      0x138 ./Drivers/STM32F7xx_HAL_Driver/Src/stm32f7xx_hal_i2c.o
                0x08003ed4                HAL_I2C_Init
 .text.HAL_I2C_DeInit
                0x0800400c       0x5e ./Drivers/STM32F7xx_HAL_Driver/Src/stm32f7xx_hal_i2c.o
                0x0800400c                HAL_I2C_DeInit
 *fill*         0x0800406a        0x2 
 .text.HAL_I2C_Mem_Write
                0x0800406c      0x228 ./Drivers/STM32F7xx_HAL_Driver/Src/stm32f7xx_hal_i2c.o
                0x0800406c                HAL_I2C_Mem_Write
 .text.HAL_I2C_GetState
                0x08004294       0x1c ./Drivers/STM32F7xx_HAL_Driver/Src/stm32f7xx_hal_i2c.o
                0x08004294                HAL_I2C_GetState
 .text.I2C_RequestMemoryWrite
                0x080042b0       0xa8 ./Drivers/STM32F7xx_HAL_Driver/Src/stm32f7xx_hal_i2c.o
 .text.I2C_Flush_TXDR
                0x08004358       0x48 ./Drivers/STM32F7xx_HAL_Driver/Src/stm32f7xx_hal_i2c.o
 .text.I2C_WaitOnFlagUntilTimeout
                0x080043a0       0xb2 ./Drivers/STM32F7xx_HAL_Driver/Src/stm32f7xx_hal_i2c.o
 .text.I2C_WaitOnTXISFlagUntilTimeout
                0x08004452       0x8e ./Drivers/STM32F7xx_HAL_Driver/Src/stm32f7xx_hal_i2c.o
 .text.I2C_WaitOnSTOPFlagUntilTimeout
                0x080044e0       0x86 ./Drivers/STM32F7xx_HAL_Driver/Src/stm32f7xx_hal_i2c.o
 *fill*         0x08004566        0x2 
 .text.I2C_IsErrorOccurred
                0x08004568      0x1c0 ./Drivers/STM32F7xx_HAL_Driver/Src/stm32f7xx_hal_i2c.o
 .text.I2C_TransferConfig
                0x08004728       0x64 ./Drivers/STM32F7xx_HAL_Driver/Src/stm32f7xx_hal_i2c.o
 .text.HAL_I2CEx_ConfigAnalogFilter
                0x0800478c       0x96 ./Drivers/STM32F7xx_HAL_Driver/Src/stm32f7xx_hal_i2c_ex.o
                0x0800478c                HAL_I2CEx_ConfigAnalogFilter
 .text.HAL_I2CEx_ConfigDigitalFilter
                0x08004822       0x98 ./Drivers/STM32F7xx_HAL_Driver/Src/stm32f7xx_hal_i2c_ex.o
                0x08004822                HAL_I2CEx_ConfigDigitalFilter
 *fill*         0x080048ba        0x2 
 .text.HAL_I2S_Init
                0x080048bc      0x1cc ./Drivers/STM32F7xx_HAL_Driver/Src/stm32f7xx_hal_i2s.o
                0x080048bc                HAL_I2S_Init
 .text.I2S_GetClockFreq
                0x08004a88       0x98 ./Drivers/STM32F7xx_HAL_Driver/Src/stm32f7xx_hal_i2s.o
 .text.HAL_PWREx_EnableOverDrive
                0x08004b20       0xa0 ./Drivers/STM32F7xx_HAL_Driver/Src/stm32f7xx_hal_pwr_ex.o
                0x08004b20                HAL_PWREx_EnableOverDrive
 .text.HAL_RCC_OscConfig
                0x08004bc0      0x548 ./Drivers/STM32F7xx_HAL_Driver/Src/stm32f7xx_hal_rcc.o
                0x08004bc0                HAL_RCC_OscConfig
 .text.HAL_RCC_ClockConfig
                0x08005108      0x1d8 ./Drivers/STM32F7xx_HAL_Driver/Src/stm32f7xx_hal_rcc.o
                0x08005108                HAL_RCC_ClockConfig
 .text.HAL_RCC_GetSysClockFreq
                0x080052e0      0x18c ./Drivers/STM32F7xx_HAL_Driver/Src/stm32f7xx_hal_rcc.o
                0x080052e0                HAL_RCC_GetSysClockFreq
 .text.HAL_RCCEx_PeriphCLKConfig
                0x0800546c      0x7e0 ./Drivers/STM32F7xx_HAL_Driver/Src/stm32f7xx_hal_rcc_ex.o
                0x0800546c                HAL_RCCEx_PeriphCLKConfig
 .text.HAL_RCCEx_GetPeriphCLKFreq
                0x08005c4c      0x280 ./Drivers/STM32F7xx_HAL_Driver/Src/stm32f7xx_hal_rcc_ex.o
                0x08005c4c                HAL_RCCEx_GetPeriphCLKFreq
 .text.HAL_SAI_InitProtocol
                0x08005ecc       0x66 ./Drivers/STM32F7xx_HAL_Driver/Src/stm32f7xx_hal_sai.o
                0x08005ecc                HAL_SAI_InitProtocol
 *fill*         0x08005f32        0x2 
 .text.HAL_SAI_Init
                0x08005f34      0x2fc ./Drivers/STM32F7xx_HAL_Driver/Src/stm32f7xx_hal_sai.o
                0x08005f34                HAL_SAI_Init
 .text.HAL_SAI_Transmit_DMA
                0x08006230      0x160 ./Drivers/STM32F7xx_HAL_Driver/Src/stm32f7xx_hal_sai.o
                0x08006230                HAL_SAI_Transmit_DMA
 .text.HAL_SAI_Receive_DMA
                0x08006390      0x11c ./Drivers/STM32F7xx_HAL_Driver/Src/stm32f7xx_hal_sai.o
                0x08006390                HAL_SAI_Receive_DMA
 .text.HAL_SAI_GetState
                0x080064ac       0x1c ./Drivers/STM32F7xx_HAL_Driver/Src/stm32f7xx_hal_sai.o
                0x080064ac                HAL_SAI_GetState
 .text.SAI_InitI2S
                0x080064c8      0x15c ./Drivers/STM32F7xx_HAL_Driver/Src/stm32f7xx_hal_sai.o
 .text.SAI_InitPCM
                0x08006624      0x100 ./Drivers/STM32F7xx_HAL_Driver/Src/stm32f7xx_hal_sai.o
 .text.SAI_InterruptFlag
                0x08006724       0x6c ./Drivers/STM32F7xx_HAL_Driver/Src/stm32f7xx_hal_sai.o
 .text.SAI_Disable
                0x08006790       0x70 ./Drivers/STM32F7xx_HAL_Driver/Src/stm32f7xx_hal_sai.o
 .text.SAI_DMATxCplt
                0x08006800       0x60 ./Drivers/STM32F7xx_HAL_Driver/Src/stm32f7xx_hal_sai.o
 .text.SAI_DMATxHalfCplt
                0x08006860       0x1c ./Drivers/STM32F7xx_HAL_Driver/Src/stm32f7xx_hal_sai.o
 .text.SAI_DMARxCplt
                0x0800687c       0x60 ./Drivers/STM32F7xx_HAL_Driver/Src/stm32f7xx_hal_sai.o
 .text.SAI_DMARxHalfCplt
                0x080068dc       0x1c ./Drivers/STM32F7xx_HAL_Driver/Src/stm32f7xx_hal_sai.o
 .text.SAI_DMAError
                0x080068f8       0x66 ./Drivers/STM32F7xx_HAL_Driver/Src/stm32f7xx_hal_sai.o
 .text.HAL_SPI_Init
                0x0800695e      0x156 ./Drivers/STM32F7xx_HAL_Driver/Src/stm32f7xx_hal_spi.o
                0x0800695e                HAL_SPI_Init
 .text.memset   0x08006ab4       0x10 C:/ST/STM32CubeIDE_1.16.0/STM32CubeIDE/plugins/com.st.stm32cube.ide.mcu.externaltools.gnu-tools-for-stm32.12.3.rel1.win32_1.0.200.202406191623/tools/bin/../lib/gcc/arm-none-eabi/12.3.1/../../../../arm-none-eabi/lib/thumb/v7e-m+fp/hard\libc_nano.a(libc_a-memset.o)
                0x08006ab4                memset
 .text.__libc_init_array
                0x08006ac4       0x48 C:/ST/STM32CubeIDE_1.16.0/STM32CubeIDE/plugins/com.st.stm32cube.ide.mcu.externaltools.gnu-tools-for-stm32.12.3.rel1.win32_1.0.200.202406191623/tools/bin/../lib/gcc/arm-none-eabi/12.3.1/../../../../arm-none-eabi/lib/thumb/v7e-m+fp/hard\libc_nano.a(libc_a-init.o)
                0x08006ac4                __libc_init_array
 *(.glue_7)
 .glue_7        0x08006b0c        0x0 linker stubs
 *(.glue_7t)
 .glue_7t       0x08006b0c        0x0 linker stubs
 *(.eh_frame)
 .eh_frame      0x08006b0c        0x0 C:/ST/STM32CubeIDE_1.16.0/STM32CubeIDE/plugins/com.st.stm32cube.ide.mcu.externaltools.gnu-tools-for-stm32.12.3.rel1.win32_1.0.200.202406191623/tools/bin/../lib/gcc/arm-none-eabi/12.3.1/thumb/v7e-m+fp/hard/crtbegin.o
 *(.init)
 .init          0x08006b0c        0x4 C:/ST/STM32CubeIDE_1.16.0/STM32CubeIDE/plugins/com.st.stm32cube.ide.mcu.externaltools.gnu-tools-for-stm32.12.3.rel1.win32_1.0.200.202406191623/tools/bin/../lib/gcc/arm-none-eabi/12.3.1/thumb/v7e-m+fp/hard/crti.o
                0x08006b0c                _init
 .init          0x08006b10        0x8 C:/ST/STM32CubeIDE_1.16.0/STM32CubeIDE/plugins/com.st.stm32cube.ide.mcu.externaltools.gnu-tools-for-stm32.12.3.rel1.win32_1.0.200.202406191623/tools/bin/../lib/gcc/arm-none-eabi/12.3.1/thumb/v7e-m+fp/hard/crtn.o
 *(.fini)
 .fini          0x08006b18        0x4 C:/ST/STM32CubeIDE_1.16.0/STM32CubeIDE/plugins/com.st.stm32cube.ide.mcu.externaltools.gnu-tools-for-stm32.12.3.rel1.win32_1.0.200.202406191623/tools/bin/../lib/gcc/arm-none-eabi/12.3.1/thumb/v7e-m+fp/hard/crti.o
                0x08006b18                _fini
 .fini          0x08006b1c        0x8 C:/ST/STM32CubeIDE_1.16.0/STM32CubeIDE/plugins/com.st.stm32cube.ide.mcu.externaltools.gnu-tools-for-stm32.12.3.rel1.win32_1.0.200.202406191623/tools/bin/../lib/gcc/arm-none-eabi/12.3.1/thumb/v7e-m+fp/hard/crtn.o
                0x08006b24                        . = ALIGN (0x4)
                0x08006b24                        _etext = .

.vfp11_veneer   0x08006b24        0x0
 .vfp11_veneer  0x08006b24        0x0 linker stubs

.v4_bx          0x08006b24        0x0
 .v4_bx         0x08006b24        0x0 linker stubs

.iplt           0x08006b24        0x0
 .iplt          0x08006b24        0x0 C:/ST/STM32CubeIDE_1.16.0/STM32CubeIDE/plugins/com.st.stm32cube.ide.mcu.externaltools.gnu-tools-for-stm32.12.3.rel1.win32_1.0.200.202406191623/tools/bin/../lib/gcc/arm-none-eabi/12.3.1/thumb/v7e-m+fp/hard/crtbegin.o

.rodata         0x08006b24       0x18
                0x08006b24                        . = ALIGN (0x4)
 *(.rodata)
 *(.rodata*)
 .rodata.AHBPrescTable
                0x08006b24       0x10 ./Core/Src/system_stm32f7xx.o
                0x08006b24                AHBPrescTable
 .rodata.flagBitshiftOffset.0
                0x08006b34        0x8 ./Drivers/STM32F7xx_HAL_Driver/Src/stm32f7xx_hal_dma.o
                0x08006b3c                        . = ALIGN (0x4)

.ARM.extab      0x08006b3c        0x0
                0x08006b3c                        . = ALIGN (0x4)
 *(.ARM.extab* .gnu.linkonce.armextab.*)
                0x08006b3c                        . = ALIGN (0x4)

.ARM            0x08006b3c        0x8
                0x08006b3c                        . = ALIGN (0x4)
                0x08006b3c                        __exidx_start = .
 *(.ARM.exidx*)
 .ARM.exidx     0x08006b3c        0x8 C:/ST/STM32CubeIDE_1.16.0/STM32CubeIDE/plugins/com.st.stm32cube.ide.mcu.externaltools.gnu-tools-for-stm32.12.3.rel1.win32_1.0.200.202406191623/tools/bin/../lib/gcc/arm-none-eabi/12.3.1/thumb/v7e-m+fp/hard\libgcc.a(_udivmoddi4.o)
                0x08006b44                        __exidx_end = .
                0x08006b44                        . = ALIGN (0x4)

.preinit_array  0x08006b44        0x0
                0x08006b44                        . = ALIGN (0x4)
                0x08006b44                        PROVIDE (__preinit_array_start = .)
 *(.preinit_array*)
                0x08006b44                        PROVIDE (__preinit_array_end = .)
                0x08006b44                        . = ALIGN (0x4)

.init_array     0x08006b44        0x4
                0x08006b44                        . = ALIGN (0x4)
                0x08006b44                        PROVIDE (__init_array_start = .)
 *(SORT_BY_NAME(.init_array.*))
 *(.init_array*)
 .init_array    0x08006b44        0x4 C:/ST/STM32CubeIDE_1.16.0/STM32CubeIDE/plugins/com.st.stm32cube.ide.mcu.externaltools.gnu-tools-for-stm32.12.3.rel1.win32_1.0.200.202406191623/tools/bin/../lib/gcc/arm-none-eabi/12.3.1/thumb/v7e-m+fp/hard/crtbegin.o
                0x08006b48                        PROVIDE (__init_array_end = .)
                0x08006b48                        . = ALIGN (0x4)

.fini_array     0x08006b48        0x4
                0x08006b48                        . = ALIGN (0x4)
                [!provide]                        PROVIDE (__fini_array_start = .)
 *(SORT_BY_NAME(.fini_array.*))
 *(.fini_array*)
 .fini_array    0x08006b48        0x4 C:/ST/STM32CubeIDE_1.16.0/STM32CubeIDE/plugins/com.st.stm32cube.ide.mcu.externaltools.gnu-tools-for-stm32.12.3.rel1.win32_1.0.200.202406191623/tools/bin/../lib/gcc/arm-none-eabi/12.3.1/thumb/v7e-m+fp/hard/crtbegin.o
                [!provide]                        PROVIDE (__fini_array_end = .)
                0x08006b4c                        . = ALIGN (0x4)
                0x08006b4c                        _sidata = LOADADDR (.data)

.rel.dyn        0x08006b4c        0x0
 .rel.iplt      0x08006b4c        0x0 C:/ST/STM32CubeIDE_1.16.0/STM32CubeIDE/plugins/com.st.stm32cube.ide.mcu.externaltools.gnu-tools-for-stm32.12.3.rel1.win32_1.0.200.202406191623/tools/bin/../lib/gcc/arm-none-eabi/12.3.1/thumb/v7e-m+fp/hard/crtbegin.o

.data           0x20000000       0x10 load address 0x08006b4c
                0x20000000                        . = ALIGN (0x4)
                0x20000000                        _sdata = .
 *(.data)
 *(.data*)
 .data.outBufPtr
                0x20000000        0x4 ./Core/Src/main.o
                0x20000000                outBufPtr
 .data.SystemCoreClock
                0x20000004        0x4 ./Core/Src/system_stm32f7xx.o
                0x20000004                SystemCoreClock
 .data.uwTickPrio
                0x20000008        0x4 ./Drivers/STM32F7xx_HAL_Driver/Src/stm32f7xx_hal.o
                0x20000008                uwTickPrio
 .data.uwTickFreq
                0x2000000c        0x1 ./Drivers/STM32F7xx_HAL_Driver/Src/stm32f7xx_hal.o
                0x2000000c                uwTickFreq
 *(.RamFunc)
 *(.RamFunc*)
                0x20000010                        . = ALIGN (0x4)
 *fill*         0x2000000d        0x3 
                0x20000010                        _edata = .

.igot.plt       0x20000010        0x0 load address 0x08006b5c
 .igot.plt      0x20000010        0x0 C:/ST/STM32CubeIDE_1.16.0/STM32CubeIDE/plugins/com.st.stm32cube.ide.mcu.externaltools.gnu-tools-for-stm32.12.3.rel1.win32_1.0.200.202406191623/tools/bin/../lib/gcc/arm-none-eabi/12.3.1/thumb/v7e-m+fp/hard/crtbegin.o
                0x20000010                        . = ALIGN (0x4)

.bss            0x20000010      0x6d4 load address 0x08006b5c
                0x20000010                        _sbss = .
                0x20000010                        __bss_start__ = _sbss
 *(.bss)
 .bss           0x20000010       0x1c C:/ST/STM32CubeIDE_1.16.0/STM32CubeIDE/plugins/com.st.stm32cube.ide.mcu.externaltools.gnu-tools-for-stm32.12.3.rel1.win32_1.0.200.202406191623/tools/bin/../lib/gcc/arm-none-eabi/12.3.1/thumb/v7e-m+fp/hard/crtbegin.o
 *(.bss*)
 .bss.leftIn.3  0x2000002c        0x4 ./Core/Src/guitar_audio_init.o
 .bss.leftOut.2
                0x20000030        0x4 ./Core/Src/guitar_audio_init.o
 .bss.rightIn.1
                0x20000034        0x4 ./Core/Src/guitar_audio_init.o
 .bss.rightOut.0
                0x20000038        0x4 ./Core/Src/guitar_audio_init.o
 .bss.hi2c2     0x2000003c       0x54 ./Core/Src/main.o
                0x2000003c                hi2c2
 .bss.hi2c3     0x20000090       0x54 ./Core/Src/main.o
                0x20000090                hi2c3
 .bss.hi2s1     0x200000e4       0x40 ./Core/Src/main.o
                0x200000e4                hi2s1
 .bss.hi2s3     0x20000124       0x40 ./Core/Src/main.o
                0x20000124                hi2s3
 .bss.hsai_BlockA2
                0x20000164       0x84 ./Core/Src/main.o
                0x20000164                hsai_BlockA2
 .bss.hsai_BlockB2
                0x200001e8       0x84 ./Core/Src/main.o
                0x200001e8                hsai_BlockB2
 .bss.hdma_sai2_a
                0x2000026c       0x60 ./Core/Src/main.o
                0x2000026c                hdma_sai2_a
 .bss.hdma_sai2_b
                0x200002cc       0x60 ./Core/Src/main.o
                0x200002cc                hdma_sai2_b
 .bss.hspi2     0x2000032c       0x64 ./Core/Src/main.o
                0x2000032c                hspi2
 .bss.adcData   0x20000390       0xf0 ./Core/Src/main.o
                0x20000390                adcData
 .bss.dacData   0x20000480       0xf0 ./Core/Src/main.o
                0x20000480                dacData
 .bss.dataReadyFlag
                0x20000570        0x1 ./Core/Src/main.o
                0x20000570                dataReadyFlag
 *fill*         0x20000571        0x3 
 .bss.inBufPtr  0x20000574        0x4 ./Core/Src/main.o
                0x20000574                inBufPtr
 .bss.SAI2_client
                0x20000578        0x4 ./Core/Src/stm32f7xx_hal_msp.o
 .bss.outputEnabled
                0x2000057c        0x4 ./Drivers/BSP/Components/wm8994/wm8994.o
 .bss.inputEnabled
                0x20000580        0x4 ./Drivers/BSP/Components/wm8994/wm8994.o
 .bss.hI2cAudioHandler
                0x20000584       0x54 ./Drivers/BSP/Src/stm32746g_discovery.o
 .bss.haudio_out_sai
                0x200005d8       0x84 ./Drivers/BSP/Src/stm32746g_discovery_audio.o
                0x200005d8                haudio_out_sai
 .bss.haudio_in_sai
                0x2000065c       0x84 ./Drivers/BSP/Src/stm32746g_discovery_audio.o
                0x2000065c                haudio_in_sai
 .bss.uwTick    0x200006e0        0x4 ./Drivers/STM32F7xx_HAL_Driver/Src/stm32f7xx_hal.o
                0x200006e0                uwTick
 *(COMMON)
                0x200006e4                        . = ALIGN (0x4)
                0x200006e4                        _ebss = .
                0x200006e4                        __bss_end__ = _ebss

._user_heap_stack
                0x200006e4      0x604 load address 0x08006b5c
                0x200006e8                        . = ALIGN (0x8)
 *fill*         0x200006e4        0x4 
                [!provide]                        PROVIDE (end = .)
                0x200006e8                        PROVIDE (_end = .)
                0x200008e8                        . = (. + _Min_Heap_Size)
 *fill*         0x200006e8      0x200 
                0x20000ce8                        . = (. + _Min_Stack_Size)
 *fill*         0x200008e8      0x400 
                0x20000ce8                        . = ALIGN (0x8)

/DISCARD/
 libc.a(*)
 libm.a(*)
 libgcc.a(*)

.ARM.attributes
                0x00000000       0x30
 *(.ARM.attributes)
 .ARM.attributes
                0x00000000       0x22 C:/ST/STM32CubeIDE_1.16.0/STM32CubeIDE/plugins/com.st.stm32cube.ide.mcu.externaltools.gnu-tools-for-stm32.12.3.rel1.win32_1.0.200.202406191623/tools/bin/../lib/gcc/arm-none-eabi/12.3.1/thumb/v7e-m+fp/hard/crti.o
 .ARM.attributes
                0x00000022       0x34 C:/ST/STM32CubeIDE_1.16.0/STM32CubeIDE/plugins/com.st.stm32cube.ide.mcu.externaltools.gnu-tools-for-stm32.12.3.rel1.win32_1.0.200.202406191623/tools/bin/../lib/gcc/arm-none-eabi/12.3.1/thumb/v7e-m+fp/hard/crtbegin.o
 .ARM.attributes
                0x00000056       0x34 ./Core/Src/guitar_audio_init.o
 .ARM.attributes
                0x0000008a       0x34 ./Core/Src/main.o
 .ARM.attributes
                0x000000be       0x34 ./Core/Src/stm32f7xx_hal_msp.o
 .ARM.attributes
                0x000000f2       0x34 ./Core/Src/stm32f7xx_it.o
 .ARM.attributes
                0x00000126       0x34 ./Core/Src/system_stm32f7xx.o
 .ARM.attributes
                0x0000015a       0x21 ./Core/Startup/startup_stm32f746nghx.o
 .ARM.attributes
                0x0000017b       0x34 ./Drivers/BSP/Components/wm8994/wm8994.o
 .ARM.attributes
                0x000001af       0x34 ./Drivers/BSP/Src/stm32746g_discovery.o
 .ARM.attributes
                0x000001e3       0x34 ./Drivers/BSP/Src/stm32746g_discovery_audio.o
 .ARM.attributes
                0x00000217       0x34 ./Drivers/STM32F7xx_HAL_Driver/Src/stm32f7xx_hal.o
 .ARM.attributes
                0x0000024b       0x34 ./Drivers/STM32F7xx_HAL_Driver/Src/stm32f7xx_hal_cortex.o
 .ARM.attributes
                0x0000027f       0x34 ./Drivers/STM32F7xx_HAL_Driver/Src/stm32f7xx_hal_dma.o
 .ARM.attributes
                0x000002b3       0x34 ./Drivers/STM32F7xx_HAL_Driver/Src/stm32f7xx_hal_gpio.o
 .ARM.attributes
                0x000002e7       0x34 ./Drivers/STM32F7xx_HAL_Driver/Src/stm32f7xx_hal_i2c.o
 .ARM.attributes
                0x0000031b       0x34 ./Drivers/STM32F7xx_HAL_Driver/Src/stm32f7xx_hal_i2c_ex.o
 .ARM.attributes
                0x0000034f       0x34 ./Drivers/STM32F7xx_HAL_Driver/Src/stm32f7xx_hal_i2s.o
 .ARM.attributes
                0x00000383       0x34 ./Drivers/STM32F7xx_HAL_Driver/Src/stm32f7xx_hal_pwr_ex.o
 .ARM.attributes
                0x000003b7       0x34 ./Drivers/STM32F7xx_HAL_Driver/Src/stm32f7xx_hal_rcc.o
 .ARM.attributes
                0x000003eb       0x34 ./Drivers/STM32F7xx_HAL_Driver/Src/stm32f7xx_hal_rcc_ex.o
 .ARM.attributes
                0x0000041f       0x34 ./Drivers/STM32F7xx_HAL_Driver/Src/stm32f7xx_hal_sai.o
 .ARM.attributes
                0x00000453       0x34 ./Drivers/STM32F7xx_HAL_Driver/Src/stm32f7xx_hal_spi.o
 .ARM.attributes
                0x00000487       0x34 C:/ST/STM32CubeIDE_1.16.0/STM32CubeIDE/plugins/com.st.stm32cube.ide.mcu.externaltools.gnu-tools-for-stm32.12.3.rel1.win32_1.0.200.202406191623/tools/bin/../lib/gcc/arm-none-eabi/12.3.1/../../../../arm-none-eabi/lib/thumb/v7e-m+fp/hard\libc_nano.a(libc_a-memset.o)
 .ARM.attributes
                0x000004bb       0x34 C:/ST/STM32CubeIDE_1.16.0/STM32CubeIDE/plugins/com.st.stm32cube.ide.mcu.externaltools.gnu-tools-for-stm32.12.3.rel1.win32_1.0.200.202406191623/tools/bin/../lib/gcc/arm-none-eabi/12.3.1/../../../../arm-none-eabi/lib/thumb/v7e-m+fp/hard\libc_nano.a(libc_a-init.o)
 .ARM.attributes
                0x000004ef       0x22 C:/ST/STM32CubeIDE_1.16.0/STM32CubeIDE/plugins/com.st.stm32cube.ide.mcu.externaltools.gnu-tools-for-stm32.12.3.rel1.win32_1.0.200.202406191623/tools/bin/../lib/gcc/arm-none-eabi/12.3.1/thumb/v7e-m+fp/hard\libgcc.a(_aeabi_uldivmod.o)
 .ARM.attributes
                0x00000511       0x34 C:/ST/STM32CubeIDE_1.16.0/STM32CubeIDE/plugins/com.st.stm32cube.ide.mcu.externaltools.gnu-tools-for-stm32.12.3.rel1.win32_1.0.200.202406191623/tools/bin/../lib/gcc/arm-none-eabi/12.3.1/thumb/v7e-m+fp/hard\libgcc.a(_udivmoddi4.o)
 .ARM.attributes
                0x00000545       0x22 C:/ST/STM32CubeIDE_1.16.0/STM32CubeIDE/plugins/com.st.stm32cube.ide.mcu.externaltools.gnu-tools-for-stm32.12.3.rel1.win32_1.0.200.202406191623/tools/bin/../lib/gcc/arm-none-eabi/12.3.1/thumb/v7e-m+fp/hard\libgcc.a(_dvmd_tls.o)
 .ARM.attributes
                0x00000567       0x22 C:/ST/STM32CubeIDE_1.16.0/STM32CubeIDE/plugins/com.st.stm32cube.ide.mcu.externaltools.gnu-tools-for-stm32.12.3.rel1.win32_1.0.200.202406191623/tools/bin/../lib/gcc/arm-none-eabi/12.3.1/thumb/v7e-m+fp/hard/crtn.o
OUTPUT(Guitar-Multi-Effects-Pedal.elf elf32-littlearm)
LOAD linker stubs
LOAD C:/ST/STM32CubeIDE_1.16.0/STM32CubeIDE/plugins/com.st.stm32cube.ide.mcu.externaltools.gnu-tools-for-stm32.12.3.rel1.win32_1.0.200.202406191623/tools/bin/../lib/gcc/arm-none-eabi/12.3.1/../../../../arm-none-eabi/lib/thumb/v7e-m+fp/hard\libc.a
LOAD C:/ST/STM32CubeIDE_1.16.0/STM32CubeIDE/plugins/com.st.stm32cube.ide.mcu.externaltools.gnu-tools-for-stm32.12.3.rel1.win32_1.0.200.202406191623/tools/bin/../lib/gcc/arm-none-eabi/12.3.1/../../../../arm-none-eabi/lib/thumb/v7e-m+fp/hard\libm.a
LOAD C:/ST/STM32CubeIDE_1.16.0/STM32CubeIDE/plugins/com.st.stm32cube.ide.mcu.externaltools.gnu-tools-for-stm32.12.3.rel1.win32_1.0.200.202406191623/tools/bin/../lib/gcc/arm-none-eabi/12.3.1/thumb/v7e-m+fp/hard\libgcc.a

.debug_info     0x00000000    0x125be
 .debug_info    0x00000000      0x7c0 ./Core/Src/guitar_audio_init.o
 .debug_info    0x000007c0     0x1c3f ./Core/Src/main.o
 .debug_info    0x000023ff     0x1610 ./Core/Src/stm32f7xx_hal_msp.o
 .debug_info    0x00003a0f      0x3c1 ./Core/Src/stm32f7xx_it.o
 .debug_info    0x00003dd0      0x6ed ./Core/Src/system_stm32f7xx.o
 .debug_info    0x000044bd       0x30 ./Core/Startup/startup_stm32f746nghx.o
 .debug_info    0x000044ed      0x5f9 ./Drivers/BSP/Components/wm8994/wm8994.o
 .debug_info    0x00004ae6     0x1b28 ./Drivers/BSP/Src/stm32746g_discovery.o
 .debug_info    0x0000660e     0x1d0b ./Drivers/BSP/Src/stm32746g_discovery_audio.o
 .debug_info    0x00008319      0x9d8 ./Drivers/STM32F7xx_HAL_Driver/Src/stm32f7xx_hal.o
 .debug_info    0x00008cf1      0xf7e ./Drivers/STM32F7xx_HAL_Driver/Src/stm32f7xx_hal_cortex.o
 .debug_info    0x00009c6f      0x8e7 ./Drivers/STM32F7xx_HAL_Driver/Src/stm32f7xx_hal_dma.o
 .debug_info    0x0000a556      0x6e7 ./Drivers/STM32F7xx_HAL_Driver/Src/stm32f7xx_hal_gpio.o
 .debug_info    0x0000ac3d     0x2138 ./Drivers/STM32F7xx_HAL_Driver/Src/stm32f7xx_hal_i2c.o
 .debug_info    0x0000cd75      0x922 ./Drivers/STM32F7xx_HAL_Driver/Src/stm32f7xx_hal_i2c_ex.o
 .debug_info    0x0000d697      0xef6 ./Drivers/STM32F7xx_HAL_Driver/Src/stm32f7xx_hal_i2s.o
 .debug_info    0x0000e58d      0x8cd ./Drivers/STM32F7xx_HAL_Driver/Src/stm32f7xx_hal_pwr_ex.o
 .debug_info    0x0000ee5a      0x8dc ./Drivers/STM32F7xx_HAL_Driver/Src/stm32f7xx_hal_rcc.o
 .debug_info    0x0000f736      0x6bd ./Drivers/STM32F7xx_HAL_Driver/Src/stm32f7xx_hal_rcc_ex.o
 .debug_info    0x0000fdf3     0x1130 ./Drivers/STM32F7xx_HAL_Driver/Src/stm32f7xx_hal_sai.o
 .debug_info    0x00010f23     0x169b ./Drivers/STM32F7xx_HAL_Driver/Src/stm32f7xx_hal_spi.o

.debug_abbrev   0x00000000     0x2ce2
 .debug_abbrev  0x00000000      0x1e7 ./Core/Src/guitar_audio_init.o
 .debug_abbrev  0x000001e7      0x2f8 ./Core/Src/main.o
 .debug_abbrev  0x000004df      0x23a ./Core/Src/stm32f7xx_hal_msp.o
 .debug_abbrev  0x00000719      0x16b ./Core/Src/stm32f7xx_it.o
 .debug_abbrev  0x00000884      0x13b ./Core/Src/system_stm32f7xx.o
 .debug_abbrev  0x000009bf       0x24 ./Core/Startup/startup_stm32f746nghx.o
 .debug_abbrev  0x000009e3      0x1af ./Drivers/BSP/Components/wm8994/wm8994.o
 .debug_abbrev  0x00000b92      0x306 ./Drivers/BSP/Src/stm32746g_discovery.o
 .debug_abbrev  0x00000e98      0x36f ./Drivers/BSP/Src/stm32746g_discovery_audio.o
 .debug_abbrev  0x00001207      0x213 ./Drivers/STM32F7xx_HAL_Driver/Src/stm32f7xx_hal.o
 .debug_abbrev  0x0000141a      0x31e ./Drivers/STM32F7xx_HAL_Driver/Src/stm32f7xx_hal_cortex.o
 .debug_abbrev  0x00001738      0x264 ./Drivers/STM32F7xx_HAL_Driver/Src/stm32f7xx_hal_dma.o
 .debug_abbrev  0x0000199c      0x1d4 ./Drivers/STM32F7xx_HAL_Driver/Src/stm32f7xx_hal_gpio.o
 .debug_abbrev  0x00001b70      0x260 ./Drivers/STM32F7xx_HAL_Driver/Src/stm32f7xx_hal_i2c.o
 .debug_abbrev  0x00001dd0      0x19c ./Drivers/STM32F7xx_HAL_Driver/Src/stm32f7xx_hal_i2c_ex.o
 .debug_abbrev  0x00001f6c      0x26f ./Drivers/STM32F7xx_HAL_Driver/Src/stm32f7xx_hal_i2s.o
 .debug_abbrev  0x000021db      0x1d5 ./Drivers/STM32F7xx_HAL_Driver/Src/stm32f7xx_hal_pwr_ex.o
 .debug_abbrev  0x000023b0      0x288 ./Drivers/STM32F7xx_HAL_Driver/Src/stm32f7xx_hal_rcc.o
 .debug_abbrev  0x00002638      0x1c9 ./Drivers/STM32F7xx_HAL_Driver/Src/stm32f7xx_hal_rcc_ex.o
 .debug_abbrev  0x00002801      0x278 ./Drivers/STM32F7xx_HAL_Driver/Src/stm32f7xx_hal_sai.o
 .debug_abbrev  0x00002a79      0x269 ./Drivers/STM32F7xx_HAL_Driver/Src/stm32f7xx_hal_spi.o

.debug_aranges  0x00000000     0x1070
 .debug_aranges
                0x00000000       0x40 ./Core/Src/guitar_audio_init.o
 .debug_aranges
                0x00000040       0x78 ./Core/Src/main.o
 .debug_aranges
                0x000000b8       0x60 ./Core/Src/stm32f7xx_hal_msp.o
 .debug_aranges
                0x00000118       0x70 ./Core/Src/stm32f7xx_it.o
 .debug_aranges
                0x00000188       0x28 ./Core/Src/system_stm32f7xx.o
 .debug_aranges
                0x000001b0       0x28 ./Core/Startup/startup_stm32f746nghx.o
 .debug_aranges
                0x000001d8       0x80 ./Drivers/BSP/Components/wm8994/wm8994.o
 .debug_aranges
                0x00000258      0x128 ./Drivers/BSP/Src/stm32746g_discovery.o
 .debug_aranges
                0x00000380      0x158 ./Drivers/BSP/Src/stm32746g_discovery_audio.o
 .debug_aranges
                0x000004d8      0x100 ./Drivers/STM32F7xx_HAL_Driver/Src/stm32f7xx_hal.o
 .debug_aranges
                0x000005d8      0x128 ./Drivers/STM32F7xx_HAL_Driver/Src/stm32f7xx_hal_cortex.o
 .debug_aranges
                0x00000700       0x90 ./Drivers/STM32F7xx_HAL_Driver/Src/stm32f7xx_hal_dma.o
 .debug_aranges
                0x00000790       0x58 ./Drivers/STM32F7xx_HAL_Driver/Src/stm32f7xx_hal_gpio.o
 .debug_aranges
                0x000007e8      0x2a0 ./Drivers/STM32F7xx_HAL_Driver/Src/stm32f7xx_hal_i2c.o
 .debug_aranges
                0x00000a88       0x38 ./Drivers/STM32F7xx_HAL_Driver/Src/stm32f7xx_hal_i2c_ex.o
 .debug_aranges
                0x00000ac0      0x108 ./Drivers/STM32F7xx_HAL_Driver/Src/stm32f7xx_hal_i2s.o
 .debug_aranges
                0x00000bc8       0x80 ./Drivers/STM32F7xx_HAL_Driver/Src/stm32f7xx_hal_pwr_ex.o
 .debug_aranges
                0x00000c48       0x88 ./Drivers/STM32F7xx_HAL_Driver/Src/stm32f7xx_hal_rcc.o
 .debug_aranges
                0x00000cd0       0x50 ./Drivers/STM32F7xx_HAL_Driver/Src/stm32f7xx_hal_rcc_ex.o
 .debug_aranges
                0x00000d20      0x178 ./Drivers/STM32F7xx_HAL_Driver/Src/stm32f7xx_hal_sai.o
 .debug_aranges
                0x00000e98      0x1d8 ./Drivers/STM32F7xx_HAL_Driver/Src/stm32f7xx_hal_spi.o

.debug_rnglists
                0x00000000      0xc9d
 .debug_rnglists
                0x00000000       0x2c ./Core/Src/guitar_audio_init.o
 .debug_rnglists
                0x0000002c       0x5a ./Core/Src/main.o
 .debug_rnglists
                0x00000086       0x48 ./Core/Src/stm32f7xx_hal_msp.o
 .debug_rnglists
                0x000000ce       0x4f ./Core/Src/stm32f7xx_it.o
 .debug_rnglists
                0x0000011d       0x1a ./Core/Src/system_stm32f7xx.o
 .debug_rnglists
                0x00000137       0x19 ./Core/Startup/startup_stm32f746nghx.o
 .debug_rnglists
                0x00000150       0x61 ./Drivers/BSP/Components/wm8994/wm8994.o
 .debug_rnglists
                0x000001b1       0xdc ./Drivers/BSP/Src/stm32746g_discovery.o
 .debug_rnglists
                0x0000028d      0x106 ./Drivers/BSP/Src/stm32746g_discovery_audio.o
 .debug_rnglists
                0x00000393       0xbb ./Drivers/STM32F7xx_HAL_Driver/Src/stm32f7xx_hal.o
 .debug_rnglists
                0x0000044e       0xda ./Drivers/STM32F7xx_HAL_Driver/Src/stm32f7xx_hal_cortex.o
 .debug_rnglists
                0x00000528       0x70 ./Drivers/STM32F7xx_HAL_Driver/Src/stm32f7xx_hal_dma.o
 .debug_rnglists
                0x00000598       0x3f ./Drivers/STM32F7xx_HAL_Driver/Src/stm32f7xx_hal_gpio.o
 .debug_rnglists
                0x000005d7      0x228 ./Drivers/STM32F7xx_HAL_Driver/Src/stm32f7xx_hal_i2c.o
 .debug_rnglists
                0x000007ff       0x27 ./Drivers/STM32F7xx_HAL_Driver/Src/stm32f7xx_hal_i2c_ex.o
 .debug_rnglists
                0x00000826       0xcc ./Drivers/STM32F7xx_HAL_Driver/Src/stm32f7xx_hal_i2s.o
 .debug_rnglists
                0x000008f2       0x5f ./Drivers/STM32F7xx_HAL_Driver/Src/stm32f7xx_hal_pwr_ex.o
 .debug_rnglists
                0x00000951       0x67 ./Drivers/STM32F7xx_HAL_Driver/Src/stm32f7xx_hal_rcc.o
 .debug_rnglists
                0x000009b8       0x3c ./Drivers/STM32F7xx_HAL_Driver/Src/stm32f7xx_hal_rcc_ex.o
 .debug_rnglists
                0x000009f4      0x131 ./Drivers/STM32F7xx_HAL_Driver/Src/stm32f7xx_hal_sai.o
 .debug_rnglists
                0x00000b25      0x178 ./Drivers/STM32F7xx_HAL_Driver/Src/stm32f7xx_hal_spi.o

.debug_macro    0x00000000    0x274f6
 .debug_macro   0x00000000      0x26a ./Core/Src/guitar_audio_init.o
 .debug_macro   0x0000026a      0xab4 ./Core/Src/guitar_audio_init.o
 .debug_macro   0x00000d1e       0x22 ./Core/Src/guitar_audio_init.o
 .debug_macro   0x00000d40       0x8e ./Core/Src/guitar_audio_init.o
 .debug_macro   0x00000dce       0x51 ./Core/Src/guitar_audio_init.o
 .debug_macro   0x00000e1f      0x103 ./Core/Src/guitar_audio_init.o
 .debug_macro   0x00000f22       0x6a ./Core/Src/guitar_audio_init.o
 .debug_macro   0x00000f8c      0x1df ./Core/Src/guitar_audio_init.o
 .debug_macro   0x0000116b       0x10 ./Core/Src/guitar_audio_init.o
 .debug_macro   0x0000117b       0xbe ./Core/Src/guitar_audio_init.o
 .debug_macro   0x00001239      0x299 ./Core/Src/guitar_audio_init.o
 .debug_macro   0x000014d2       0x2e ./Core/Src/guitar_audio_init.o
 .debug_macro   0x00001500       0x3b ./Core/Src/guitar_audio_init.o
 .debug_macro   0x0000153b       0x1c ./Core/Src/guitar_audio_init.o
 .debug_macro   0x00001557       0x22 ./Core/Src/guitar_audio_init.o
 .debug_macro   0x00001579       0xd9 ./Core/Src/guitar_audio_init.o
 .debug_macro   0x00001652     0x12cd ./Core/Src/guitar_audio_init.o
 .debug_macro   0x0000291f      0x11f ./Core/Src/guitar_audio_init.o
 .debug_macro   0x00002a3e       0x19 ./Core/Src/guitar_audio_init.o
 .debug_macro   0x00002a57    0x19222 ./Core/Src/guitar_audio_init.o
 .debug_macro   0x0001bc79       0x6d ./Core/Src/guitar_audio_init.o
 .debug_macro   0x0001bce6     0x3765 ./Core/Src/guitar_audio_init.o
 .debug_macro   0x0001f44b      0x189 ./Core/Src/guitar_audio_init.o
 .debug_macro   0x0001f5d4       0x63 ./Core/Src/guitar_audio_init.o
 .debug_macro   0x0001f637     0x18ad ./Core/Src/guitar_audio_init.o
 .debug_macro   0x00020ee4      0x6c4 ./Core/Src/guitar_audio_init.o
 .debug_macro   0x000215a8      0x185 ./Core/Src/guitar_audio_init.o
 .debug_macro   0x0002172d      0x115 ./Core/Src/guitar_audio_init.o
 .debug_macro   0x00021842      0x1fd ./Core/Src/guitar_audio_init.o
 .debug_macro   0x00021a3f       0xa5 ./Core/Src/guitar_audio_init.o
 .debug_macro   0x00021ae4      0x24f ./Core/Src/guitar_audio_init.o
 .debug_macro   0x00021d33       0x41 ./Core/Src/guitar_audio_init.o
 .debug_macro   0x00021d74       0x58 ./Core/Src/guitar_audio_init.o
 .debug_macro   0x00021dcc      0x236 ./Core/Src/guitar_audio_init.o
 .debug_macro   0x00022002      0x14e ./Core/Src/guitar_audio_init.o
 .debug_macro   0x00022150      0x25a ./Core/Src/guitar_audio_init.o
 .debug_macro   0x000223aa       0x12 ./Core/Src/guitar_audio_init.o
 .debug_macro   0x000223bc      0x22c ./Core/Src/guitar_audio_init.o
 .debug_macro   0x000225e8       0x61 ./Core/Src/guitar_audio_init.o
 .debug_macro   0x00022649       0xa5 ./Core/Src/guitar_audio_init.o
 .debug_macro   0x000226ee      0x1d8 ./Core/Src/guitar_audio_init.o
 .debug_macro   0x000228c6      0x12e ./Core/Src/guitar_audio_init.o
 .debug_macro   0x000229f4      0x108 ./Core/Src/guitar_audio_init.o
 .debug_macro   0x00022afc       0x35 ./Core/Src/guitar_audio_init.o
 .debug_macro   0x00022b31      0x447 ./Core/Src/guitar_audio_init.o
 .debug_macro   0x00022f78      0x2fe ./Core/Src/guitar_audio_init.o
 .debug_macro   0x00023276      0x14d ./Core/Src/guitar_audio_init.o
 .debug_macro   0x000233c3      0x567 ./Core/Src/guitar_audio_init.o
 .debug_macro   0x0002392a       0x44 ./Core/Src/guitar_audio_init.o
 .debug_macro   0x0002396e      0x265 ./Core/Src/guitar_audio_init.o
 .debug_macro   0x00023bd3      0x186 ./Core/Src/guitar_audio_init.o
 .debug_macro   0x00023d59       0x1c ./Core/Src/guitar_audio_init.o
 .debug_macro   0x00023d75       0x10 ./Core/Src/guitar_audio_init.o
 .debug_macro   0x00023d85      0x25b ./Core/Src/main.o
 .debug_macro   0x00023fe0      0x732 ./Core/Src/main.o
 .debug_macro   0x00024712       0x16 ./Core/Src/main.o
 .debug_macro   0x00024728       0x22 ./Core/Src/main.o
 .debug_macro   0x0002474a      0x1f2 ./Core/Src/stm32f7xx_hal_msp.o
 .debug_macro   0x0002493c      0x1fc ./Core/Src/stm32f7xx_it.o
 .debug_macro   0x00024b38      0x1e3 ./Core/Src/system_stm32f7xx.o
 .debug_macro   0x00024d1b       0x81 ./Drivers/BSP/Components/wm8994/wm8994.o
 .debug_macro   0x00024d9c      0x22d ./Drivers/BSP/Src/stm32746g_discovery.o
 .debug_macro   0x00024fc9      0x24f ./Drivers/BSP/Src/stm32746g_discovery_audio.o
 .debug_macro   0x00025218      0xa83 ./Drivers/BSP/Src/stm32746g_discovery_audio.o
 .debug_macro   0x00025c9b       0x59 ./Drivers/BSP/Src/stm32746g_discovery_audio.o
 .debug_macro   0x00025cf4      0x207 ./Drivers/STM32F7xx_HAL_Driver/Src/stm32f7xx_hal.o
 .debug_macro   0x00025efb      0x1e3 ./Drivers/STM32F7xx_HAL_Driver/Src/stm32f7xx_hal_cortex.o
 .debug_macro   0x000260de      0x1e9 ./Drivers/STM32F7xx_HAL_Driver/Src/stm32f7xx_hal_dma.o
 .debug_macro   0x000262c7      0x1e9 ./Drivers/STM32F7xx_HAL_Driver/Src/stm32f7xx_hal_gpio.o
 .debug_macro   0x000264b0      0x2af ./Drivers/STM32F7xx_HAL_Driver/Src/stm32f7xx_hal_i2c.o
 .debug_macro   0x0002675f      0x1e3 ./Drivers/STM32F7xx_HAL_Driver/Src/stm32f7xx_hal_i2c_ex.o
 .debug_macro   0x00026942      0x1eb ./Drivers/STM32F7xx_HAL_Driver/Src/stm32f7xx_hal_i2s.o
 .debug_macro   0x00026b2d      0x1fb ./Drivers/STM32F7xx_HAL_Driver/Src/stm32f7xx_hal_pwr_ex.o
 .debug_macro   0x00026d28      0x207 ./Drivers/STM32F7xx_HAL_Driver/Src/stm32f7xx_hal_rcc.o
 .debug_macro   0x00026f2f      0x1e3 ./Drivers/STM32F7xx_HAL_Driver/Src/stm32f7xx_hal_rcc_ex.o
 .debug_macro   0x00027112      0x1f2 ./Drivers/STM32F7xx_HAL_Driver/Src/stm32f7xx_hal_sai.o
 .debug_macro   0x00027304      0x1f2 ./Drivers/STM32F7xx_HAL_Driver/Src/stm32f7xx_hal_spi.o

.debug_line     0x00000000    0x14532
 .debug_line    0x00000000      0x9cc ./Core/Src/guitar_audio_init.o
 .debug_line    0x000009cc      0xe6c ./Core/Src/main.o
 .debug_line    0x00001838      0xa4a ./Core/Src/stm32f7xx_hal_msp.o
 .debug_line    0x00002282      0x867 ./Core/Src/stm32f7xx_it.o
 .debug_line    0x00002ae9      0x7f7 ./Core/Src/system_stm32f7xx.o
 .debug_line    0x000032e0       0x7a ./Core/Startup/startup_stm32f746nghx.o
 .debug_line    0x0000335a      0xb41 ./Drivers/BSP/Components/wm8994/wm8994.o
 .debug_line    0x00003e9b      0xc88 ./Drivers/BSP/Src/stm32746g_discovery.o
 .debug_line    0x00004b23      0xf8c ./Drivers/BSP/Src/stm32746g_discovery_audio.o
 .debug_line    0x00005aaf      0xa97 ./Drivers/STM32F7xx_HAL_Driver/Src/stm32f7xx_hal.o
 .debug_line    0x00006546      0xd39 ./Drivers/STM32F7xx_HAL_Driver/Src/stm32f7xx_hal_cortex.o
 .debug_line    0x0000727f      0xfe6 ./Drivers/STM32F7xx_HAL_Driver/Src/stm32f7xx_hal_dma.o
 .debug_line    0x00008265      0xc1d ./Drivers/STM32F7xx_HAL_Driver/Src/stm32f7xx_hal_gpio.o
 .debug_line    0x00008e82     0x3acb ./Drivers/STM32F7xx_HAL_Driver/Src/stm32f7xx_hal_i2c.o
 .debug_line    0x0000c94d      0x8b0 ./Drivers/STM32F7xx_HAL_Driver/Src/stm32f7xx_hal_i2c_ex.o
 .debug_line    0x0000d1fd     0x113b ./Drivers/STM32F7xx_HAL_Driver/Src/stm32f7xx_hal_i2s.o
 .debug_line    0x0000e338      0xa1b ./Drivers/STM32F7xx_HAL_Driver/Src/stm32f7xx_hal_pwr_ex.o
 .debug_line    0x0000ed53      0xec6 ./Drivers/STM32F7xx_HAL_Driver/Src/stm32f7xx_hal_rcc.o
 .debug_line    0x0000fc19      0xe7c ./Drivers/STM32F7xx_HAL_Driver/Src/stm32f7xx_hal_rcc_ex.o
 .debug_line    0x00010a95     0x1a3c ./Drivers/STM32F7xx_HAL_Driver/Src/stm32f7xx_hal_sai.o
 .debug_line    0x000124d1     0x2061 ./Drivers/STM32F7xx_HAL_Driver/Src/stm32f7xx_hal_spi.o

.debug_str      0x00000000    0xf6445
 .debug_str     0x00000000    0xe7148 ./Core/Src/guitar_audio_init.o
                              0xe7890 (size before relaxing)
 .debug_str     0x000e7148     0x2b84 ./Core/Src/main.o
                              0xea47c (size before relaxing)
 .debug_str     0x000e9ccc       0xfb ./Core/Src/stm32f7xx_hal_msp.o
                              0xe3458 (size before relaxing)
 .debug_str     0x000e9dc7       0xf4 ./Core/Src/stm32f7xx_it.o
                              0xe2828 (size before relaxing)
 .debug_str     0x000e9ebb      0x1a4 ./Core/Src/system_stm32f7xx.o
                              0xe0d40 (size before relaxing)
 .debug_str     0x000ea05f       0x44 ./Core/Startup/startup_stm32f746nghx.o
                                 0x96 (size before relaxing)
 .debug_str     0x000ea0a3      0x1da ./Drivers/BSP/Components/wm8994/wm8994.o
                               0x445e (size before relaxing)
 .debug_str     0x000ea27d      0x750 ./Drivers/BSP/Src/stm32746g_discovery.o
                              0xe778d (size before relaxing)
 .debug_str     0x000ea9cd     0x9158 ./Drivers/BSP/Src/stm32746g_discovery_audio.o
                              0xf135d (size before relaxing)
 .debug_str     0x000f3b25      0x402 ./Drivers/STM32F7xx_HAL_Driver/Src/stm32f7xx_hal.o
                              0xe16a9 (size before relaxing)
 .debug_str     0x000f3f27      0x354 ./Drivers/STM32F7xx_HAL_Driver/Src/stm32f7xx_hal_cortex.o
                              0xe16c6 (size before relaxing)
 .debug_str     0x000f427b      0x2f1 ./Drivers/STM32F7xx_HAL_Driver/Src/stm32f7xx_hal_dma.o
                              0xe107f (size before relaxing)
 .debug_str     0x000f456c       0xe6 ./Drivers/STM32F7xx_HAL_Driver/Src/stm32f7xx_hal_gpio.o
                              0xe0dfe (size before relaxing)
 .debug_str     0x000f4652      0xd5a ./Drivers/STM32F7xx_HAL_Driver/Src/stm32f7xx_hal_i2c.o
                              0xe1f53 (size before relaxing)
 .debug_str     0x000f53ac       0x89 ./Drivers/STM32F7xx_HAL_Driver/Src/stm32f7xx_hal_i2c_ex.o
                              0xe11d2 (size before relaxing)
 .debug_str     0x000f5435      0x29b ./Drivers/STM32F7xx_HAL_Driver/Src/stm32f7xx_hal_i2s.o
                              0xe1303 (size before relaxing)
 .debug_str     0x000f56d0      0x1d1 ./Drivers/STM32F7xx_HAL_Driver/Src/stm32f7xx_hal_pwr_ex.o
                              0xe0faf (size before relaxing)
 .debug_str     0x000f58a1      0x247 ./Drivers/STM32F7xx_HAL_Driver/Src/stm32f7xx_hal_rcc.o
                              0xe10a2 (size before relaxing)
 .debug_str     0x000f5ae8      0x121 ./Drivers/STM32F7xx_HAL_Driver/Src/stm32f7xx_hal_rcc_ex.o
                              0xe0fda (size before relaxing)
 .debug_str     0x000f5c09      0x2d7 ./Drivers/STM32F7xx_HAL_Driver/Src/stm32f7xx_hal_sai.o
                              0xe1475 (size before relaxing)
 .debug_str     0x000f5ee0      0x565 ./Drivers/STM32F7xx_HAL_Driver/Src/stm32f7xx_hal_spi.o
                              0xe1580 (size before relaxing)

.comment        0x00000000       0x43
 .comment       0x00000000       0x43 ./Core/Src/guitar_audio_init.o
                                 0x44 (size before relaxing)
 .comment       0x00000043       0x44 ./Core/Src/main.o
 .comment       0x00000043       0x44 ./Core/Src/stm32f7xx_hal_msp.o
 .comment       0x00000043       0x44 ./Core/Src/stm32f7xx_it.o
 .comment       0x00000043       0x44 ./Core/Src/system_stm32f7xx.o
 .comment       0x00000043       0x44 ./Drivers/BSP/Components/wm8994/wm8994.o
 .comment       0x00000043       0x44 ./Drivers/BSP/Src/stm32746g_discovery.o
 .comment       0x00000043       0x44 ./Drivers/BSP/Src/stm32746g_discovery_audio.o
 .comment       0x00000043       0x44 ./Drivers/STM32F7xx_HAL_Driver/Src/stm32f7xx_hal.o
 .comment       0x00000043       0x44 ./Drivers/STM32F7xx_HAL_Driver/Src/stm32f7xx_hal_cortex.o
 .comment       0x00000043       0x44 ./Drivers/STM32F7xx_HAL_Driver/Src/stm32f7xx_hal_dma.o
 .comment       0x00000043       0x44 ./Drivers/STM32F7xx_HAL_Driver/Src/stm32f7xx_hal_gpio.o
 .comment       0x00000043       0x44 ./Drivers/STM32F7xx_HAL_Driver/Src/stm32f7xx_hal_i2c.o
 .comment       0x00000043       0x44 ./Drivers/STM32F7xx_HAL_Driver/Src/stm32f7xx_hal_i2c_ex.o
 .comment       0x00000043       0x44 ./Drivers/STM32F7xx_HAL_Driver/Src/stm32f7xx_hal_i2s.o
 .comment       0x00000043       0x44 ./Drivers/STM32F7xx_HAL_Driver/Src/stm32f7xx_hal_pwr_ex.o
 .comment       0x00000043       0x44 ./Drivers/STM32F7xx_HAL_Driver/Src/stm32f7xx_hal_rcc.o
 .comment       0x00000043       0x44 ./Drivers/STM32F7xx_HAL_Driver/Src/stm32f7xx_hal_rcc_ex.o
 .comment       0x00000043       0x44 ./Drivers/STM32F7xx_HAL_Driver/Src/stm32f7xx_hal_sai.o
 .comment       0x00000043       0x44 ./Drivers/STM32F7xx_HAL_Driver/Src/stm32f7xx_hal_spi.o

.debug_frame    0x00000000     0x4350
 .debug_frame   0x00000000       0xc4 ./Core/Src/guitar_audio_init.o
 .debug_frame   0x000000c4      0x184 ./Core/Src/main.o
 .debug_frame   0x00000248      0x15c ./Core/Src/stm32f7xx_hal_msp.o
 .debug_frame   0x000003a4      0x13c ./Core/Src/stm32f7xx_it.o
 .debug_frame   0x000004e0       0x58 ./Core/Src/system_stm32f7xx.o
 .debug_frame   0x00000538      0x1e8 ./Drivers/BSP/Components/wm8994/wm8994.o
 .debug_frame   0x00000720      0x4b0 ./Drivers/BSP/Src/stm32746g_discovery.o
 .debug_frame   0x00000bd0      0x564 ./Drivers/BSP/Src/stm32746g_discovery_audio.o
 .debug_frame   0x00001134      0x3b4 ./Drivers/STM32F7xx_HAL_Driver/Src/stm32f7xx_hal.o
 .debug_frame   0x000014e8      0x4e8 ./Drivers/STM32F7xx_HAL_Driver/Src/stm32f7xx_hal_cortex.o
 .debug_frame   0x000019d0      0x250 ./Drivers/STM32F7xx_HAL_Driver/Src/stm32f7xx_hal_dma.o
 .debug_frame   0x00001c20      0x14c ./Drivers/STM32F7xx_HAL_Driver/Src/stm32f7xx_hal_gpio.o
 .debug_frame   0x00001d6c      0xc38 ./Drivers/STM32F7xx_HAL_Driver/Src/stm32f7xx_hal_i2c.o
 .debug_frame   0x000029a4       0xb0 ./Drivers/STM32F7xx_HAL_Driver/Src/stm32f7xx_hal_i2c_ex.o
 .debug_frame   0x00002a54      0x480 ./Drivers/STM32F7xx_HAL_Driver/Src/stm32f7xx_hal_i2s.o
 .debug_frame   0x00002ed4      0x1c8 ./Drivers/STM32F7xx_HAL_Driver/Src/stm32f7xx_hal_pwr_ex.o
 .debug_frame   0x0000309c      0x1f8 ./Drivers/STM32F7xx_HAL_Driver/Src/stm32f7xx_hal_rcc.o
 .debug_frame   0x00003294      0x118 ./Drivers/STM32F7xx_HAL_Driver/Src/stm32f7xx_hal_rcc_ex.o
 .debug_frame   0x000033ac      0x698 ./Drivers/STM32F7xx_HAL_Driver/Src/stm32f7xx_hal_sai.o
 .debug_frame   0x00003a44      0x860 ./Drivers/STM32F7xx_HAL_Driver/Src/stm32f7xx_hal_spi.o
 .debug_frame   0x000042a4       0x20 C:/ST/STM32CubeIDE_1.16.0/STM32CubeIDE/plugins/com.st.stm32cube.ide.mcu.externaltools.gnu-tools-for-stm32.12.3.rel1.win32_1.0.200.202406191623/tools/bin/../lib/gcc/arm-none-eabi/12.3.1/../../../../arm-none-eabi/lib/thumb/v7e-m+fp/hard\libc_nano.a(libc_a-memset.o)
 .debug_frame   0x000042c4       0x2c C:/ST/STM32CubeIDE_1.16.0/STM32CubeIDE/plugins/com.st.stm32cube.ide.mcu.externaltools.gnu-tools-for-stm32.12.3.rel1.win32_1.0.200.202406191623/tools/bin/../lib/gcc/arm-none-eabi/12.3.1/../../../../arm-none-eabi/lib/thumb/v7e-m+fp/hard\libc_nano.a(libc_a-init.o)
 .debug_frame   0x000042f0       0x2c C:/ST/STM32CubeIDE_1.16.0/STM32CubeIDE/plugins/com.st.stm32cube.ide.mcu.externaltools.gnu-tools-for-stm32.12.3.rel1.win32_1.0.200.202406191623/tools/bin/../lib/gcc/arm-none-eabi/12.3.1/thumb/v7e-m+fp/hard\libgcc.a(_aeabi_uldivmod.o)
 .debug_frame   0x0000431c       0x34 C:/ST/STM32CubeIDE_1.16.0/STM32CubeIDE/plugins/com.st.stm32cube.ide.mcu.externaltools.gnu-tools-for-stm32.12.3.rel1.win32_1.0.200.202406191623/tools/bin/../lib/gcc/arm-none-eabi/12.3.1/thumb/v7e-m+fp/hard\libgcc.a(_udivmoddi4.o)

.debug_line_str
                0x00000000       0x7a
 .debug_line_str
                0x00000000       0x7a ./Core/Startup/startup_stm32f746nghx.o
