../Drivers/BSP/Src/stm32746g_discovery_lcd.c:151:9:BSP_LCD_Init	8	static
../Drivers/BSP/Src/stm32746g_discovery_lcd.c:213:9:BSP_LCD_DeInit	8	static
../Drivers/BSP/Src/stm32746g_discovery_lcd.c:234:10:BSP_LCD_GetXSize	4	static
../Drivers/BSP/Src/stm32746g_discovery_lcd.c:243:10:BSP_LCD_GetYSize	4	static
../Drivers/BSP/Src/stm32746g_discovery_lcd.c:253:6:BSP_LCD_SetXSize	16	static
../Drivers/BSP/Src/stm32746g_discovery_lcd.c:263:6:BSP_LCD_SetYSize	16	static
../Drivers/BSP/Src/stm32746g_discovery_lcd.c:274:6:BSP_LCD_LayerDefaultInit	72	static
../Drivers/BSP/Src/stm32746g_discovery_lcd.c:308:6:BSP_LCD_LayerRgb565Init	72	static
../Drivers/BSP/Src/stm32746g_discovery_lcd.c:341:6:BSP_LCD_SelectLayer	16	static
../Drivers/BSP/Src/stm32746g_discovery_lcd.c:355:6:BSP_LCD_SetLayerVisible	16	static
../Drivers/BSP/Src/stm32746g_discovery_lcd.c:377:6:BSP_LCD_SetLayerVisible_NoReload	16	static
../Drivers/BSP/Src/stm32746g_discovery_lcd.c:397:6:BSP_LCD_SetTransparency	16	static
../Drivers/BSP/Src/stm32746g_discovery_lcd.c:409:6:BSP_LCD_SetTransparency_NoReload	16	static
../Drivers/BSP/Src/stm32746g_discovery_lcd.c:420:6:BSP_LCD_SetLayerAddress	16	static
../Drivers/BSP/Src/stm32746g_discovery_lcd.c:431:6:BSP_LCD_SetLayerAddress_NoReload	16	static
../Drivers/BSP/Src/stm32746g_discovery_lcd.c:445:6:BSP_LCD_SetLayerWindow	24	static
../Drivers/BSP/Src/stm32746g_discovery_lcd.c:463:6:BSP_LCD_SetLayerWindow_NoReload	24	static
../Drivers/BSP/Src/stm32746g_discovery_lcd.c:478:6:BSP_LCD_SetColorKeying	16	static
../Drivers/BSP/Src/stm32746g_discovery_lcd.c:491:6:BSP_LCD_SetColorKeying_NoReload	16	static
../Drivers/BSP/Src/stm32746g_discovery_lcd.c:503:6:BSP_LCD_ResetColorKeying	16	static
../Drivers/BSP/Src/stm32746g_discovery_lcd.c:514:6:BSP_LCD_ResetColorKeying_NoReload	16	static
../Drivers/BSP/Src/stm32746g_discovery_lcd.c:527:6:BSP_LCD_Reload	16	static
../Drivers/BSP/Src/stm32746g_discovery_lcd.c:537:6:BSP_LCD_SetTextColor	16	static
../Drivers/BSP/Src/stm32746g_discovery_lcd.c:546:10:BSP_LCD_GetTextColor	4	static
../Drivers/BSP/Src/stm32746g_discovery_lcd.c:556:6:BSP_LCD_SetBackColor	16	static
../Drivers/BSP/Src/stm32746g_discovery_lcd.c:565:10:BSP_LCD_GetBackColor	4	static
../Drivers/BSP/Src/stm32746g_discovery_lcd.c:575:6:BSP_LCD_SetFont	16	static
../Drivers/BSP/Src/stm32746g_discovery_lcd.c:584:8:BSP_LCD_GetFont	4	static
../Drivers/BSP/Src/stm32746g_discovery_lcd.c:595:10:BSP_LCD_ReadPixel	32	static
../Drivers/BSP/Src/stm32746g_discovery_lcd.c:630:6:BSP_LCD_Clear	40	static
../Drivers/BSP/Src/stm32746g_discovery_lcd.c:641:6:BSP_LCD_ClearStringLine	32	static
../Drivers/BSP/Src/stm32746g_discovery_lcd.c:661:6:BSP_LCD_DisplayChar	24	static
../Drivers/BSP/Src/stm32746g_discovery_lcd.c:679:6:BSP_LCD_DisplayStringAt	48	static
../Drivers/BSP/Src/stm32746g_discovery_lcd.c:740:6:BSP_LCD_DisplayStringAtLine	16	static
../Drivers/BSP/Src/stm32746g_discovery_lcd.c:752:6:BSP_LCD_DrawHLine	40	static
../Drivers/BSP/Src/stm32746g_discovery_lcd.c:777:6:BSP_LCD_DrawVLine	48	static
../Drivers/BSP/Src/stm32746g_discovery_lcd.c:803:6:BSP_LCD_DrawLine	56	static
../Drivers/BSP/Src/stm32746g_discovery_lcd.c:878:6:BSP_LCD_DrawRect	24	static
../Drivers/BSP/Src/stm32746g_discovery_lcd.c:896:6:BSP_LCD_DrawCircle	40	static
../Drivers/BSP/Src/stm32746g_discovery_lcd.c:943:6:BSP_LCD_DrawPolygon	32	static
../Drivers/BSP/Src/stm32746g_discovery_lcd.c:971:6:BSP_LCD_DrawEllipse	64	static
../Drivers/BSP/Src/stm32746g_discovery_lcd.c:1004:6:BSP_LCD_DrawPixel	24	static
../Drivers/BSP/Src/stm32746g_discovery_lcd.c:1024:6:BSP_LCD_DrawBitmap	56	static
../Drivers/BSP/Src/stm32746g_discovery_lcd.c:1082:6:BSP_LCD_FillRect	48	static
../Drivers/BSP/Src/stm32746g_discovery_lcd.c:1109:6:BSP_LCD_FillCircle	32	static
../Drivers/BSP/Src/stm32746g_discovery_lcd.c:1157:6:BSP_LCD_FillPolygon	64	static
../Drivers/BSP/Src/stm32746g_discovery_lcd.c:1225:6:BSP_LCD_FillEllipse	56	static
../Drivers/BSP/Src/stm32746g_discovery_lcd.c:1255:6:BSP_LCD_DisplayOn	8	static
../Drivers/BSP/Src/stm32746g_discovery_lcd.c:1267:6:BSP_LCD_DisplayOff	8	static
../Drivers/BSP/Src/stm32746g_discovery_lcd.c:1281:13:BSP_LCD_MspInit	72	static
../Drivers/BSP/Src/stm32746g_discovery_lcd.c:1353:13:BSP_LCD_MspDeInit	40	static
../Drivers/BSP/Src/stm32746g_discovery_lcd.c:1402:13:BSP_LCD_ClockConfig	16	static
../Drivers/BSP/Src/stm32746g_discovery_lcd.c:1430:13:DrawChar	40	static
../Drivers/BSP/Src/stm32746g_discovery_lcd.c:1489:13:FillTriangle	56	static
../Drivers/BSP/Src/stm32746g_discovery_lcd.c:1567:13:LL_FillBuffer	32	static
../Drivers/BSP/Src/stm32746g_discovery_lcd.c:1605:13:LL_ConvertLineToARGB8888	32	static
