../Drivers/BSP/Src/stm32746g_discovery_sdram.c:132:9:BSP_SDRAM_Init	8	static
../Drivers/BSP/Src/stm32746g_discovery_sdram.c:181:9:BSP_SDRAM_DeInit	8	static
../Drivers/BSP/Src/stm32746g_discovery_sdram.c:207:6:BSP_SDRAM_Initialization_sequence	24	static
../Drivers/BSP/Src/stm32746g_discovery_sdram.c:269:9:BSP_SDRAM_ReadData	24	static
../Drivers/BSP/Src/stm32746g_discovery_sdram.c:288:9:BSP_SDRAM_ReadData_DMA	24	static
../Drivers/BSP/Src/stm32746g_discovery_sdram.c:307:9:BSP_SDRAM_WriteData	24	static
../Drivers/BSP/Src/stm32746g_discovery_sdram.c:326:9:BSP_SDRAM_WriteData_DMA	24	static
../Drivers/BSP/Src/stm32746g_discovery_sdram.c:343:9:BSP_SDRAM_Sendcmd	16	static
../Drivers/BSP/Src/stm32746g_discovery_sdram.c:361:13:BSP_SDRAM_MspInit	72	static
../Drivers/BSP/Src/stm32746g_discovery_sdram.c:452:13:BSP_SDRAM_MspDeInit	16	static
