../Drivers/BSP/Src/stm32746g_discovery_audio.c:172:9:BSP_AUDIO_OUT_Init	32	static
../Drivers/BSP/Src/stm32746g_discovery_audio.c:225:9:BSP_AUDIO_OUT_Play	16	static
../Drivers/BSP/Src/stm32746g_discovery_audio.c:247:6:BSP_AUDIO_OUT_ChangeBuffer	16	static
../Drivers/BSP/Src/stm32746g_discovery_audio.c:260:9:BSP_AUDIO_OUT_Pause	8	static
../Drivers/BSP/Src/stm32746g_discovery_audio.c:284:9:BSP_AUDIO_OUT_Resume	8	static
../Drivers/BSP/Src/stm32746g_discovery_audio.c:310:9:BSP_AUDIO_OUT_Stop	16	static
../Drivers/BSP/Src/stm32746g_discovery_audio.c:338:9:BSP_AUDIO_OUT_SetVolume	16	static
../Drivers/BSP/Src/stm32746g_discovery_audio.c:358:9:BSP_AUDIO_OUT_SetMute	16	static
../Drivers/BSP/Src/stm32746g_discovery_audio.c:379:9:BSP_AUDIO_OUT_SetOutputMode	16	static
../Drivers/BSP/Src/stm32746g_discovery_audio.c:400:6:BSP_AUDIO_OUT_SetFrequency	16	static
../Drivers/BSP/Src/stm32746g_discovery_audio.c:427:6:BSP_AUDIO_OUT_SetAudioFrameSlot	16	static
../Drivers/BSP/Src/stm32746g_discovery_audio.c:444:6:BSP_AUDIO_OUT_DeInit	8	static
../Drivers/BSP/Src/stm32746g_discovery_audio.c:456:6:HAL_SAI_TxCpltCallback	16	static
../Drivers/BSP/Src/stm32746g_discovery_audio.c:468:6:HAL_SAI_TxHalfCpltCallback	16	static
../Drivers/BSP/Src/stm32746g_discovery_audio.c:480:6:HAL_SAI_ErrorCallback	24	static
../Drivers/BSP/Src/stm32746g_discovery_audio.c:504:13:BSP_AUDIO_OUT_TransferComplete_CallBack	4	static
../Drivers/BSP/Src/stm32746g_discovery_audio.c:512:13:BSP_AUDIO_OUT_HalfTransfer_CallBack	4	static
../Drivers/BSP/Src/stm32746g_discovery_audio.c:520:13:BSP_AUDIO_OUT_Error_CallBack	4	static
../Drivers/BSP/Src/stm32746g_discovery_audio.c:530:13:BSP_AUDIO_OUT_MspInit	56	static
../Drivers/BSP/Src/stm32746g_discovery_audio.c:613:13:BSP_AUDIO_OUT_MspDeInit	40	static
../Drivers/BSP/Src/stm32746g_discovery_audio.c:658:13:BSP_AUDIO_OUT_ClockConfig	160	static
../Drivers/BSP/Src/stm32746g_discovery_audio.c:707:13:SAIx_Out_Init	16	static
../Drivers/BSP/Src/stm32746g_discovery_audio.c:763:13:SAIx_Out_DeInit	8	static
../Drivers/BSP/Src/stm32746g_discovery_audio.c:789:9:BSP_AUDIO_IN_Init	40	static
../Drivers/BSP/Src/stm32746g_discovery_audio.c:866:9:BSP_AUDIO_IN_OUT_Init	48	static
../Drivers/BSP/Src/stm32746g_discovery_audio.c:950:10:BSP_AUDIO_IN_Record	24	static
../Drivers/BSP/Src/stm32746g_discovery_audio.c:972:9:BSP_AUDIO_IN_Stop	16	static
../Drivers/BSP/Src/stm32746g_discovery_audio.c:998:9:BSP_AUDIO_IN_Pause	8	static
../Drivers/BSP/Src/stm32746g_discovery_audio.c:1010:9:BSP_AUDIO_IN_Resume	8	static
../Drivers/BSP/Src/stm32746g_discovery_audio.c:1023:9:BSP_AUDIO_IN_SetVolume	16	static
../Drivers/BSP/Src/stm32746g_discovery_audio.c:1043:6:BSP_AUDIO_IN_DeInit	8	static
../Drivers/BSP/Src/stm32746g_discovery_audio.c:1055:6:HAL_SAI_RxCpltCallback	16	static
../Drivers/BSP/Src/stm32746g_discovery_audio.c:1066:6:HAL_SAI_RxHalfCpltCallback	16	static
../Drivers/BSP/Src/stm32746g_discovery_audio.c:1077:13:BSP_AUDIO_IN_TransferComplete_CallBack	4	static
../Drivers/BSP/Src/stm32746g_discovery_audio.c:1088:13:BSP_AUDIO_IN_HalfTransfer_CallBack	4	static
../Drivers/BSP/Src/stm32746g_discovery_audio.c:1099:13:BSP_AUDIO_IN_Error_CallBack	4	static
../Drivers/BSP/Src/stm32746g_discovery_audio.c:1111:13:BSP_AUDIO_IN_MspInit	56	static
../Drivers/BSP/Src/stm32746g_discovery_audio.c:1184:13:BSP_AUDIO_IN_MspDeInit	40	static
../Drivers/BSP/Src/stm32746g_discovery_audio.c:1226:13:SAIx_In_Init	24	static
../Drivers/BSP/Src/stm32746g_discovery_audio.c:1331:13:SAIx_In_DeInit	8	static
