../myDrivers/Src/stm32746g_discovery_lcd.c:153:9:BSP_LCD_Init	8	static
../myDrivers/Src/stm32746g_discovery_lcd.c:215:9:BSP_LCD_DeInit	8	static
../myDrivers/Src/stm32746g_discovery_lcd.c:236:10:BSP_LCD_GetXSize	4	static
../myDrivers/Src/stm32746g_discovery_lcd.c:245:10:BSP_LCD_GetYSize	4	static
../myDrivers/Src/stm32746g_discovery_lcd.c:255:6:BSP_LCD_SetXSize	16	static
../myDrivers/Src/stm32746g_discovery_lcd.c:265:6:BSP_LCD_SetYSize	16	static
../myDrivers/Src/stm32746g_discovery_lcd.c:276:6:BSP_LCD_LayerDefaultInit	72	static
../myDrivers/Src/stm32746g_discovery_lcd.c:310:6:BSP_LCD_LayerRgb565Init	72	static
../myDrivers/Src/stm32746g_discovery_lcd.c:343:6:BSP_LCD_SelectLayer	16	static
../myDrivers/Src/stm32746g_discovery_lcd.c:357:6:BSP_LCD_SetLayerVisible	16	static
../myDrivers/Src/stm32746g_discovery_lcd.c:379:6:BSP_LCD_SetLayerVisible_NoReload	16	static
../myDrivers/Src/stm32746g_discovery_lcd.c:399:6:BSP_LCD_SetTransparency	16	static
../myDrivers/Src/stm32746g_discovery_lcd.c:411:6:BSP_LCD_SetTransparency_NoReload	16	static
../myDrivers/Src/stm32746g_discovery_lcd.c:422:6:BSP_LCD_SetLayerAddress	16	static
../myDrivers/Src/stm32746g_discovery_lcd.c:433:6:BSP_LCD_SetLayerAddress_NoReload	16	static
../myDrivers/Src/stm32746g_discovery_lcd.c:447:6:BSP_LCD_SetLayerWindow	24	static
../myDrivers/Src/stm32746g_discovery_lcd.c:465:6:BSP_LCD_SetLayerWindow_NoReload	24	static
../myDrivers/Src/stm32746g_discovery_lcd.c:480:6:BSP_LCD_SetColorKeying	16	static
../myDrivers/Src/stm32746g_discovery_lcd.c:493:6:BSP_LCD_SetColorKeying_NoReload	16	static
../myDrivers/Src/stm32746g_discovery_lcd.c:505:6:BSP_LCD_ResetColorKeying	16	static
../myDrivers/Src/stm32746g_discovery_lcd.c:516:6:BSP_LCD_ResetColorKeying_NoReload	16	static
../myDrivers/Src/stm32746g_discovery_lcd.c:529:6:BSP_LCD_Reload	16	static
../myDrivers/Src/stm32746g_discovery_lcd.c:539:6:BSP_LCD_SetTextColor	16	static
../myDrivers/Src/stm32746g_discovery_lcd.c:548:10:BSP_LCD_GetTextColor	4	static
../myDrivers/Src/stm32746g_discovery_lcd.c:558:6:BSP_LCD_SetBackColor	16	static
../myDrivers/Src/stm32746g_discovery_lcd.c:567:10:BSP_LCD_GetBackColor	4	static
../myDrivers/Src/stm32746g_discovery_lcd.c:577:6:BSP_LCD_SetFont	16	static
../myDrivers/Src/stm32746g_discovery_lcd.c:586:8:BSP_LCD_GetFont	4	static
../myDrivers/Src/stm32746g_discovery_lcd.c:597:10:BSP_LCD_ReadPixel	32	static
../myDrivers/Src/stm32746g_discovery_lcd.c:632:6:BSP_LCD_Clear	40	static
../myDrivers/Src/stm32746g_discovery_lcd.c:643:6:BSP_LCD_ClearStringLine	32	static
../myDrivers/Src/stm32746g_discovery_lcd.c:663:6:BSP_LCD_DisplayChar	24	static
../myDrivers/Src/stm32746g_discovery_lcd.c:681:6:BSP_LCD_DisplayStringAt	48	static
../myDrivers/Src/stm32746g_discovery_lcd.c:742:6:BSP_LCD_DisplayStringAtLine	16	static
../myDrivers/Src/stm32746g_discovery_lcd.c:754:6:BSP_LCD_DrawHLine	40	static
../myDrivers/Src/stm32746g_discovery_lcd.c:779:6:BSP_LCD_DrawVLine	48	static
../myDrivers/Src/stm32746g_discovery_lcd.c:805:6:BSP_LCD_DrawLine	56	static
../myDrivers/Src/stm32746g_discovery_lcd.c:880:6:BSP_LCD_DrawRect	24	static
../myDrivers/Src/stm32746g_discovery_lcd.c:898:6:BSP_LCD_DrawCircle	40	static
../myDrivers/Src/stm32746g_discovery_lcd.c:945:6:BSP_LCD_DrawPolygon	32	static
../myDrivers/Src/stm32746g_discovery_lcd.c:973:6:BSP_LCD_DrawEllipse	64	static
../myDrivers/Src/stm32746g_discovery_lcd.c:1006:6:BSP_LCD_DrawPixel	24	static
../myDrivers/Src/stm32746g_discovery_lcd.c:1026:6:BSP_LCD_DrawBitmap	56	static
../myDrivers/Src/stm32746g_discovery_lcd.c:1084:6:BSP_LCD_FillRect	48	static
../myDrivers/Src/stm32746g_discovery_lcd.c:1111:6:BSP_LCD_FillCircle	32	static
../myDrivers/Src/stm32746g_discovery_lcd.c:1159:6:BSP_LCD_FillPolygon	64	static
../myDrivers/Src/stm32746g_discovery_lcd.c:1227:6:BSP_LCD_FillEllipse	56	static
../myDrivers/Src/stm32746g_discovery_lcd.c:1257:6:BSP_LCD_DisplayOn	8	static
../myDrivers/Src/stm32746g_discovery_lcd.c:1269:6:BSP_LCD_DisplayOff	8	static
../myDrivers/Src/stm32746g_discovery_lcd.c:1283:13:BSP_LCD_MspInit	72	static
../myDrivers/Src/stm32746g_discovery_lcd.c:1355:13:BSP_LCD_MspDeInit	40	static
../myDrivers/Src/stm32746g_discovery_lcd.c:1404:13:BSP_LCD_ClockConfig	16	static
../myDrivers/Src/stm32746g_discovery_lcd.c:1432:13:DrawChar	40	static
../myDrivers/Src/stm32746g_discovery_lcd.c:1491:13:FillTriangle	56	static
../myDrivers/Src/stm32746g_discovery_lcd.c:1569:13:LL_FillBuffer	32	static
../myDrivers/Src/stm32746g_discovery_lcd.c:1607:13:LL_ConvertLineToARGB8888	32	static
