../myDrivers/Src/stm32746g_discovery_sd.c:135:9:BSP_SD_Init	16	static
../myDrivers/Src/stm32746g_discovery_sd.c:186:9:BSP_SD_DeInit	16	static
../myDrivers/Src/stm32746g_discovery_sd.c:209:9:BSP_SD_ITConfig	32	static
../myDrivers/Src/stm32746g_discovery_sd.c:231:9:BSP_SD_IsDetected	16	static
../myDrivers/Src/stm32746g_discovery_sd.c:252:9:BSP_SD_ReadBlocks	32	static
../myDrivers/Src/stm32746g_discovery_sd.c:272:9:BSP_SD_WriteBlocks	32	static
../myDrivers/Src/stm32746g_discovery_sd.c:291:9:BSP_SD_ReadBlocks_DMA	24	static
../myDrivers/Src/stm32746g_discovery_sd.c:311:9:BSP_SD_WriteBlocks_DMA	24	static
../myDrivers/Src/stm32746g_discovery_sd.c:330:9:BSP_SD_Erase	16	static
../myDrivers/Src/stm32746g_discovery_sd.c:348:13:BSP_SD_MspInit	56	static
../myDrivers/Src/stm32746g_discovery_sd.c:447:13:BSP_SD_Detect_MspInit	40	static
../myDrivers/Src/stm32746g_discovery_sd.c:467:13:BSP_SD_MspDeInit	16	static
../myDrivers/Src/stm32746g_discovery_sd.c:504:9:BSP_SD_GetCardState	8	static
../myDrivers/Src/stm32746g_discovery_sd.c:515:6:BSP_SD_GetCardInfo	16	static
../myDrivers/Src/stm32746g_discovery_sd.c:526:6:HAL_SD_AbortCallback	16	static
../myDrivers/Src/stm32746g_discovery_sd.c:536:6:HAL_SD_TxCpltCallback	16	static
../myDrivers/Src/stm32746g_discovery_sd.c:546:6:HAL_SD_RxCpltCallback	16	static
../myDrivers/Src/stm32746g_discovery_sd.c:555:13:BSP_SD_AbortCallback	4	static
../myDrivers/Src/stm32746g_discovery_sd.c:564:13:BSP_SD_WriteCpltCallback	4	static
../myDrivers/Src/stm32746g_discovery_sd.c:573:13:BSP_SD_ReadCpltCallback	4	static
